[2020-04-04T11:52:21.137+0500][gc,heap] Heap region size: 1M
[2020-04-04T11:52:21.150+0500][gc     ] Using G1
[2020-04-04T11:52:21.150+0500][gc,heap,coops] Heap address: 0x00000007c0000000, size: 1024 MB, Compressed Oops mode: Zero based, Oop shift amount: 3
[2020-04-04T11:52:22.907+0500][gc,start     ] GC(0) Pause Young (Concurrent Start) (Metadata GC Threshold)
[2020-04-04T11:52:22.907+0500][gc,task      ] GC(0) Using 4 workers of 4 for evacuation
[2020-04-04T11:52:22.925+0500][gc,phases    ] GC(0)   Pre Evacuate Collection Set: 0.0ms
[2020-04-04T11:52:22.925+0500][gc,phases    ] GC(0)   Evacuate Collection Set: 15.9ms
[2020-04-04T11:52:22.925+0500][gc,phases    ] GC(0)   Post Evacuate Collection Set: 0.8ms
[2020-04-04T11:52:22.925+0500][gc,phases    ] GC(0)   Other: 1.7ms
[2020-04-04T11:52:22.925+0500][gc,heap      ] GC(0) Eden regions: 40->0(44)
[2020-04-04T11:52:22.925+0500][gc,heap      ] GC(0) Survivor regions: 0->7(7)
[2020-04-04T11:52:22.925+0500][gc,heap      ] GC(0) Old regions: 0->0
[2020-04-04T11:52:22.925+0500][gc,heap      ] GC(0) Humongous regions: 0->0
[2020-04-04T11:52:22.925+0500][gc,metaspace ] GC(0) Metaspace: 20780K->20780K(1069056K)
[2020-04-04T11:52:22.925+0500][gc           ] GC(0) Pause Young (Concurrent Start) (Metadata GC Threshold) 40M->6M(1024M) 18.622ms
[2020-04-04T11:52:22.925+0500][gc,cpu       ] GC(0) User=0.02s Sys=0.01s Real=0.02s
[2020-04-04T11:52:22.925+0500][gc           ] GC(1) Concurrent Cycle
[2020-04-04T11:52:22.925+0500][gc,marking   ] GC(1) Concurrent Clear Claimed Marks
[2020-04-04T11:52:22.926+0500][gc,marking   ] GC(1) Concurrent Clear Claimed Marks 0.049ms
[2020-04-04T11:52:22.926+0500][gc,marking   ] GC(1) Concurrent Scan Root Regions
[2020-04-04T11:52:22.930+0500][gc,marking   ] GC(1) Concurrent Scan Root Regions 4.289ms
[2020-04-04T11:52:22.930+0500][gc,marking   ] GC(1) Concurrent Mark (1.801s)
[2020-04-04T11:52:22.930+0500][gc,marking   ] GC(1) Concurrent Mark From Roots
[2020-04-04T11:52:22.930+0500][gc,task      ] GC(1) Using 1 workers of 1 for marking
[2020-04-04T11:52:22.930+0500][gc,marking   ] GC(1) Concurrent Mark From Roots 0.368ms
[2020-04-04T11:52:22.930+0500][gc,marking   ] GC(1) Concurrent Preclean
[2020-04-04T11:52:22.930+0500][gc,marking   ] GC(1) Concurrent Preclean 0.034ms
[2020-04-04T11:52:22.930+0500][gc,marking   ] GC(1) Concurrent Mark (1.801s, 1.802s) 0.467ms
[2020-04-04T11:52:22.931+0500][gc,start     ] GC(1) Pause Remark
[2020-04-04T11:52:22.933+0500][gc,stringtable] GC(1) Cleaned string and symbol table, strings: 7347 processed, 0 removed, symbols: 63884 processed, 39 removed
[2020-04-04T11:52:22.933+0500][gc            ] GC(1) Pause Remark 7M->7M(1024M) 2.792ms
[2020-04-04T11:52:22.933+0500][gc,cpu        ] GC(1) User=0.01s Sys=0.00s Real=0.00s
[2020-04-04T11:52:22.933+0500][gc,marking    ] GC(1) Concurrent Rebuild Remembered Sets
[2020-04-04T11:52:22.934+0500][gc,marking    ] GC(1) Concurrent Rebuild Remembered Sets 0.108ms
[2020-04-04T11:52:22.934+0500][gc,start      ] GC(1) Pause Cleanup
[2020-04-04T11:52:22.934+0500][gc            ] GC(1) Pause Cleanup 7M->7M(1024M) 0.198ms
[2020-04-04T11:52:22.934+0500][gc,cpu        ] GC(1) User=0.00s Sys=0.00s Real=0.00s
[2020-04-04T11:52:22.934+0500][gc,marking    ] GC(1) Concurrent Cleanup for Next Mark
[2020-04-04T11:52:22.948+0500][gc,marking    ] GC(1) Concurrent Cleanup for Next Mark 13.626ms
[2020-04-04T11:52:22.948+0500][gc            ] GC(1) Concurrent Cycle 22.516ms
[2020-04-04T11:52:24.766+0500][gc,start      ] GC(2) Pause Young (Normal) (G1 Evacuation Pause)
[2020-04-04T11:52:24.766+0500][gc,task       ] GC(2) Using 4 workers of 4 for evacuation
[2020-04-04T11:52:24.791+0500][gc,mmu        ] GC(2) MMU target violated: 21.0ms (20.0ms/21.0ms)
[2020-04-04T11:52:24.791+0500][gc,phases     ] GC(2)   Pre Evacuate Collection Set: 0.0ms
[2020-04-04T11:52:24.791+0500][gc,phases     ] GC(2)   Evacuate Collection Set: 22.8ms
[2020-04-04T11:52:24.791+0500][gc,phases     ] GC(2)   Post Evacuate Collection Set: 1.4ms
[2020-04-04T11:52:24.791+0500][gc,phases     ] GC(2)   Other: 0.4ms
[2020-04-04T11:52:24.791+0500][gc,heap       ] GC(2) Eden regions: 44->0(49)
[2020-04-04T11:52:24.791+0500][gc,heap       ] GC(2) Survivor regions: 7->2(7)
[2020-04-04T11:52:24.791+0500][gc,heap       ] GC(2) Old regions: 0->7
[2020-04-04T11:52:24.791+0500][gc,heap       ] GC(2) Humongous regions: 0->0
[2020-04-04T11:52:24.791+0500][gc,metaspace  ] GC(2) Metaspace: 29660K->29660K(1075200K)
[2020-04-04T11:52:24.791+0500][gc            ] GC(2) Pause Young (Normal) (G1 Evacuation Pause) 50M->8M(1024M) 24.782ms
[2020-04-04T11:52:24.791+0500][gc,cpu        ] GC(2) User=0.03s Sys=0.00s Real=0.03s
[2020-04-04T11:52:26.147+0500][gc,start      ] GC(3) Pause Young (Concurrent Start) (Metadata GC Threshold)
[2020-04-04T11:52:26.147+0500][gc,task       ] GC(3) Using 4 workers of 4 for evacuation
[2020-04-04T11:52:26.156+0500][gc,phases     ] GC(3)   Pre Evacuate Collection Set: 0.1ms
[2020-04-04T11:52:26.156+0500][gc,phases     ] GC(3)   Evacuate Collection Set: 7.8ms
[2020-04-04T11:52:26.156+0500][gc,phases     ] GC(3)   Post Evacuate Collection Set: 0.4ms
[2020-04-04T11:52:26.156+0500][gc,phases     ] GC(3)   Other: 0.3ms
[2020-04-04T11:52:26.156+0500][gc,heap       ] GC(3) Eden regions: 30->0(46)
[2020-04-04T11:52:26.156+0500][gc,heap       ] GC(3) Survivor regions: 2->5(7)
[2020-04-04T11:52:26.156+0500][gc,heap       ] GC(3) Old regions: 7->7
[2020-04-04T11:52:26.156+0500][gc,heap       ] GC(3) Humongous regions: 129->129
[2020-04-04T11:52:26.156+0500][gc,metaspace  ] GC(3) Metaspace: 34800K->34800K(1081344K)
[2020-04-04T11:52:26.156+0500][gc            ] GC(3) Pause Young (Concurrent Start) (Metadata GC Threshold) 167M->139M(1024M) 8.843ms
[2020-04-04T11:52:26.156+0500][gc,cpu        ] GC(3) User=0.03s Sys=0.00s Real=0.01s
[2020-04-04T11:52:26.156+0500][gc            ] GC(4) Concurrent Cycle
[2020-04-04T11:52:26.156+0500][gc,marking    ] GC(4) Concurrent Clear Claimed Marks
[2020-04-04T11:52:26.156+0500][gc,marking    ] GC(4) Concurrent Clear Claimed Marks 0.075ms
[2020-04-04T11:52:26.156+0500][gc,marking    ] GC(4) Concurrent Scan Root Regions
[2020-04-04T11:52:26.163+0500][gc,marking    ] GC(4) Concurrent Scan Root Regions 6.093ms
[2020-04-04T11:52:26.163+0500][gc,marking    ] GC(4) Concurrent Mark (5.034s)
[2020-04-04T11:52:26.163+0500][gc,marking    ] GC(4) Concurrent Mark From Roots
[2020-04-04T11:52:26.163+0500][gc,task       ] GC(4) Using 1 workers of 1 for marking
[2020-04-04T11:52:26.177+0500][gc,marking    ] GC(4) Concurrent Mark From Roots 14.002ms
[2020-04-04T11:52:26.177+0500][gc,marking    ] GC(4) Concurrent Preclean
[2020-04-04T11:52:26.177+0500][gc,marking    ] GC(4) Concurrent Preclean 0.129ms
[2020-04-04T11:52:26.177+0500][gc,marking    ] GC(4) Concurrent Mark (5.034s, 5.048s) 14.245ms
[2020-04-04T11:52:26.180+0500][gc,start      ] GC(4) Pause Remark
[2020-04-04T11:52:26.184+0500][gc,stringtable] GC(4) Cleaned string and symbol table, strings: 11743 processed, 8 removed, symbols: 95773 processed, 25 removed
[2020-04-04T11:52:26.185+0500][gc            ] GC(4) Pause Remark 141M->141M(1024M) 5.027ms
[2020-04-04T11:52:26.186+0500][gc,cpu        ] GC(4) User=0.01s Sys=0.00s Real=0.00s
[2020-04-04T11:52:26.186+0500][gc,marking    ] GC(4) Concurrent Rebuild Remembered Sets
[2020-04-04T11:52:26.195+0500][gc,marking    ] GC(4) Concurrent Rebuild Remembered Sets 9.266ms
[2020-04-04T11:52:26.195+0500][gc,start      ] GC(4) Pause Cleanup
[2020-04-04T11:52:26.195+0500][gc            ] GC(4) Pause Cleanup 141M->141M(1024M) 0.139ms
[2020-04-04T11:52:26.195+0500][gc,cpu        ] GC(4) User=0.00s Sys=0.00s Real=0.00s
[2020-04-04T11:52:26.195+0500][gc,marking    ] GC(4) Concurrent Cleanup for Next Mark
[2020-04-04T11:52:26.207+0500][gc,marking    ] GC(4) Concurrent Cleanup for Next Mark 11.998ms
[2020-04-04T11:52:26.207+0500][gc            ] GC(4) Concurrent Cycle 51.062ms
[2020-04-04T11:52:31.169+0500][gc,start      ] GC(5) Pause Young (Normal) (G1 Evacuation Pause)
[2020-04-04T11:52:31.170+0500][gc,task       ] GC(5) Using 4 workers of 4 for evacuation
[2020-04-04T11:52:31.183+0500][gc,phases     ] GC(5)   Pre Evacuate Collection Set: 0.0ms
[2020-04-04T11:52:31.183+0500][gc,phases     ] GC(5)   Evacuate Collection Set: 11.9ms
[2020-04-04T11:52:31.183+0500][gc,phases     ] GC(5)   Post Evacuate Collection Set: 0.5ms
[2020-04-04T11:52:31.183+0500][gc,phases     ] GC(5)   Other: 1.7ms
[2020-04-04T11:52:31.183+0500][gc,heap       ] GC(5) Eden regions: 46->0(45)
[2020-04-04T11:52:31.183+0500][gc,heap       ] GC(5) Survivor regions: 5->6(7)
[2020-04-04T11:52:31.183+0500][gc,heap       ] GC(5) Old regions: 7->8
[2020-04-04T11:52:31.183+0500][gc,heap       ] GC(5) Humongous regions: 147->129
[2020-04-04T11:52:31.183+0500][gc,metaspace  ] GC(5) Metaspace: 43243K->43243K(1087488K)
[2020-04-04T11:52:31.183+0500][gc            ] GC(5) Pause Young (Normal) (G1 Evacuation Pause) 203M->142M(1024M) 14.375ms
[2020-04-04T11:52:31.183+0500][gc,cpu        ] GC(5) User=0.05s Sys=0.00s Real=0.02s
[2020-04-04T12:01:25.423+0500][gc,start      ] GC(6) Pause Young (Normal) (G1 Evacuation Pause)
[2020-04-04T12:01:25.424+0500][gc,task       ] GC(6) Using 4 workers of 4 for evacuation
[2020-04-04T12:01:25.492+0500][gc,mmu        ] GC(6) MMU target violated: 21.0ms (20.0ms/21.0ms)
[2020-04-04T12:01:25.492+0500][gc,phases     ] GC(6)   Pre Evacuate Collection Set: 1.7ms
[2020-04-04T12:01:25.492+0500][gc,phases     ] GC(6)   Evacuate Collection Set: 64.8ms
[2020-04-04T12:01:25.492+0500][gc,phases     ] GC(6)   Post Evacuate Collection Set: 0.9ms
[2020-04-04T12:01:25.492+0500][gc,phases     ] GC(6)   Other: 1.2ms
[2020-04-04T12:01:25.492+0500][gc,heap       ] GC(6) Eden regions: 45->0(45)
[2020-04-04T12:01:25.492+0500][gc,heap       ] GC(6) Survivor regions: 6->6(7)
[2020-04-04T12:01:25.492+0500][gc,heap       ] GC(6) Old regions: 8->11
[2020-04-04T12:01:25.492+0500][gc,heap       ] GC(6) Humongous regions: 129->129
[2020-04-04T12:01:25.492+0500][gc,metaspace  ] GC(6) Metaspace: 46703K->46703K(1091584K)
[2020-04-04T12:01:25.492+0500][gc            ] GC(6) Pause Young (Normal) (G1 Evacuation Pause) 187M->145M(1024M) 68.709ms
[2020-04-04T12:01:25.492+0500][gc,cpu        ] GC(6) User=0.06s Sys=0.14s Real=0.07s
[2020-04-04T12:12:11.808+0500][gc,start      ] GC(7) Pause Young (Normal) (G1 Evacuation Pause)
[2020-04-04T12:12:11.810+0500][gc,task       ] GC(7) Using 4 workers of 4 for evacuation
[2020-04-04T12:12:11.846+0500][gc,mmu        ] GC(7) MMU target violated: 21.0ms (20.0ms/21.0ms)
[2020-04-04T12:12:11.846+0500][gc,phases     ] GC(7)   Pre Evacuate Collection Set: 1.3ms
[2020-04-04T12:12:11.846+0500][gc,phases     ] GC(7)   Evacuate Collection Set: 33.3ms
[2020-04-04T12:12:11.846+0500][gc,phases     ] GC(7)   Post Evacuate Collection Set: 0.8ms
[2020-04-04T12:12:11.846+0500][gc,phases     ] GC(7)   Other: 2.2ms
[2020-04-04T12:12:11.846+0500][gc,heap       ] GC(7) Eden regions: 45->0(48)
[2020-04-04T12:12:11.846+0500][gc,heap       ] GC(7) Survivor regions: 6->3(7)
[2020-04-04T12:12:11.846+0500][gc,heap       ] GC(7) Old regions: 11->14
[2020-04-04T12:12:11.846+0500][gc,heap       ] GC(7) Humongous regions: 129->129
[2020-04-04T12:12:11.846+0500][gc,metaspace  ] GC(7) Metaspace: 46977K->46977K(1091584K)
[2020-04-04T12:12:11.846+0500][gc            ] GC(7) Pause Young (Normal) (G1 Evacuation Pause) 190M->145M(1024M) 37.717ms
[2020-04-04T12:12:11.846+0500][gc,cpu        ] GC(7) User=0.03s Sys=0.05s Real=0.04s
[2020-04-04T12:24:17.394+0500][gc,start      ] GC(8) Pause Young (Normal) (G1 Evacuation Pause)
[2020-04-04T12:24:17.395+0500][gc,task       ] GC(8) Using 4 workers of 4 for evacuation
[2020-04-04T12:24:17.428+0500][gc,mmu        ] GC(8) MMU target violated: 21.0ms (20.0ms/21.0ms)
[2020-04-04T12:24:17.428+0500][gc,phases     ] GC(8)   Pre Evacuate Collection Set: 1.6ms
[2020-04-04T12:24:17.428+0500][gc,phases     ] GC(8)   Evacuate Collection Set: 30.6ms
[2020-04-04T12:24:17.428+0500][gc,phases     ] GC(8)   Post Evacuate Collection Set: 0.6ms
[2020-04-04T12:24:17.429+0500][gc,phases     ] GC(8)   Other: 11.1ms
[2020-04-04T12:24:17.429+0500][gc,heap       ] GC(8) Eden regions: 48->0(47)
[2020-04-04T12:24:17.429+0500][gc,heap       ] GC(8) Survivor regions: 3->4(7)
[2020-04-04T12:24:17.429+0500][gc,heap       ] GC(8) Old regions: 14->14
[2020-04-04T12:24:17.429+0500][gc,heap       ] GC(8) Humongous regions: 129->129
[2020-04-04T12:24:17.429+0500][gc,metaspace  ] GC(8) Metaspace: 47046K->47046K(1091584K)
[2020-04-04T12:24:17.429+0500][gc            ] GC(8) Pause Young (Normal) (G1 Evacuation Pause) 193M->145M(1024M) 34.434ms
[2020-04-04T12:24:17.429+0500][gc,cpu        ] GC(8) User=0.03s Sys=0.07s Real=0.03s
[2020-04-04T12:36:41.107+0500][gc,start      ] GC(9) Pause Young (Normal) (G1 Evacuation Pause)
[2020-04-04T12:36:41.109+0500][gc,task       ] GC(9) Using 4 workers of 4 for evacuation
[2020-04-04T12:36:41.161+0500][gc,mmu        ] GC(9) MMU target violated: 21.0ms (20.0ms/21.0ms)
[2020-04-04T12:36:41.161+0500][gc,phases     ] GC(9)   Pre Evacuate Collection Set: 1.7ms
[2020-04-04T12:36:41.161+0500][gc,phases     ] GC(9)   Evacuate Collection Set: 48.6ms
[2020-04-04T12:36:41.161+0500][gc,phases     ] GC(9)   Post Evacuate Collection Set: 0.6ms
[2020-04-04T12:36:41.161+0500][gc,phases     ] GC(9)   Other: 2.5ms
[2020-04-04T12:36:41.161+0500][gc,heap       ] GC(9) Eden regions: 47->0(47)
[2020-04-04T12:36:41.161+0500][gc,heap       ] GC(9) Survivor regions: 4->4(7)
[2020-04-04T12:36:41.161+0500][gc,heap       ] GC(9) Old regions: 14->14
[2020-04-04T12:36:41.161+0500][gc,heap       ] GC(9) Humongous regions: 129->129
[2020-04-04T12:36:41.161+0500][gc,metaspace  ] GC(9) Metaspace: 47155K->47155K(1091584K)
[2020-04-04T12:36:41.161+0500][gc            ] GC(9) Pause Young (Normal) (G1 Evacuation Pause) 192M->146M(1024M) 53.619ms
[2020-04-04T12:36:41.161+0500][gc,cpu        ] GC(9) User=0.05s Sys=0.11s Real=0.06s
[2020-04-04T12:49:11.324+0500][gc,start      ] GC(10) Pause Young (Normal) (G1 Evacuation Pause)
[2020-04-04T12:49:11.324+0500][gc,task       ] GC(10) Using 4 workers of 4 for evacuation
[2020-04-04T12:49:11.371+0500][gc,mmu        ] GC(10) MMU target violated: 21.0ms (20.0ms/21.0ms)
[2020-04-04T12:49:11.371+0500][gc,phases     ] GC(10)   Pre Evacuate Collection Set: 2.6ms
[2020-04-04T12:49:11.371+0500][gc,phases     ] GC(10)   Evacuate Collection Set: 42.9ms
[2020-04-04T12:49:11.371+0500][gc,phases     ] GC(10)   Post Evacuate Collection Set: 0.6ms
[2020-04-04T12:49:11.371+0500][gc,phases     ] GC(10)   Other: 2.8ms
[2020-04-04T12:49:11.371+0500][gc,heap       ] GC(10) Eden regions: 47->0(48)
[2020-04-04T12:49:11.371+0500][gc,heap       ] GC(10) Survivor regions: 4->3(7)
[2020-04-04T12:49:11.371+0500][gc,heap       ] GC(10) Old regions: 14->15
[2020-04-04T12:49:11.371+0500][gc,heap       ] GC(10) Humongous regions: 129->129
[2020-04-04T12:49:11.371+0500][gc,metaspace  ] GC(10) Metaspace: 47207K->47207K(1091584K)
[2020-04-04T12:49:11.371+0500][gc            ] GC(10) Pause Young (Normal) (G1 Evacuation Pause) 193M->145M(1024M) 47.556ms
[2020-04-04T12:49:11.372+0500][gc,cpu        ] GC(10) User=0.04s Sys=0.05s Real=0.05s
[2020-04-04T13:01:32.331+0500][gc,start      ] GC(11) Pause Young (Normal) (G1 Evacuation Pause)
[2020-04-04T13:01:32.332+0500][gc,task       ] GC(11) Using 4 workers of 4 for evacuation
[2020-04-04T13:01:32.394+0500][gc,mmu        ] GC(11) MMU target violated: 21.0ms (20.0ms/21.0ms)
[2020-04-04T13:01:32.394+0500][gc,phases     ] GC(11)   Pre Evacuate Collection Set: 2.7ms
[2020-04-04T13:01:32.394+0500][gc,phases     ] GC(11)   Evacuate Collection Set: 56.1ms
[2020-04-04T13:01:32.394+0500][gc,phases     ] GC(11)   Post Evacuate Collection Set: 1.6ms
[2020-04-04T13:01:32.394+0500][gc,phases     ] GC(11)   Other: 2.3ms
[2020-04-04T13:01:32.394+0500][gc,heap       ] GC(11) Eden regions: 48->0(47)
[2020-04-04T13:01:32.394+0500][gc,heap       ] GC(11) Survivor regions: 3->4(7)
[2020-04-04T13:01:32.394+0500][gc,heap       ] GC(11) Old regions: 15->15
[2020-04-04T13:01:32.394+0500][gc,heap       ] GC(11) Humongous regions: 129->129
[2020-04-04T13:01:32.394+0500][gc,metaspace  ] GC(11) Metaspace: 47271K->47271K(1091584K)
[2020-04-04T13:01:32.394+0500][gc            ] GC(11) Pause Young (Normal) (G1 Evacuation Pause) 193M->147M(1024M) 62.900ms
[2020-04-04T13:01:32.394+0500][gc,cpu        ] GC(11) User=0.03s Sys=0.05s Real=0.06s
[2020-04-04T13:14:12.527+0500][gc,start      ] GC(12) Pause Young (Normal) (G1 Evacuation Pause)
[2020-04-04T13:14:12.528+0500][gc,task       ] GC(12) Using 4 workers of 4 for evacuation
[2020-04-04T13:14:12.569+0500][gc,mmu        ] GC(12) MMU target violated: 21.0ms (20.0ms/21.0ms)
[2020-04-04T13:14:12.569+0500][gc,phases     ] GC(12)   Pre Evacuate Collection Set: 1.3ms
[2020-04-04T13:14:12.569+0500][gc,phases     ] GC(12)   Evacuate Collection Set: 37.8ms
[2020-04-04T13:14:12.569+0500][gc,phases     ] GC(12)   Post Evacuate Collection Set: 0.8ms
[2020-04-04T13:14:12.569+0500][gc,phases     ] GC(12)   Other: 14.3ms
[2020-04-04T13:14:12.569+0500][gc,heap       ] GC(12) Eden regions: 47->0(47)
[2020-04-04T13:14:12.569+0500][gc,heap       ] GC(12) Survivor regions: 4->4(7)
[2020-04-04T13:14:12.569+0500][gc,heap       ] GC(12) Old regions: 15->15
[2020-04-04T13:14:12.569+0500][gc,heap       ] GC(12) Humongous regions: 129->129
[2020-04-04T13:14:12.569+0500][gc,metaspace  ] GC(12) Metaspace: 47283K->47283K(1091584K)
[2020-04-04T13:14:12.569+0500][gc            ] GC(12) Pause Young (Normal) (G1 Evacuation Pause) 194M->146M(1024M) 41.633ms
[2020-04-04T13:14:12.569+0500][gc,cpu        ] GC(12) User=0.03s Sys=0.05s Real=0.04s
[2020-04-04T13:27:02.292+0500][gc,start      ] GC(13) Pause Young (Normal) (G1 Evacuation Pause)
[2020-04-04T13:27:02.293+0500][gc,task       ] GC(13) Using 4 workers of 4 for evacuation
[2020-04-04T13:27:02.333+0500][gc,mmu        ] GC(13) MMU target violated: 21.0ms (20.0ms/21.0ms)
[2020-04-04T13:27:02.333+0500][gc,phases     ] GC(13)   Pre Evacuate Collection Set: 4.8ms
[2020-04-04T13:27:02.333+0500][gc,phases     ] GC(13)   Evacuate Collection Set: 34.6ms
[2020-04-04T13:27:02.333+0500][gc,phases     ] GC(13)   Post Evacuate Collection Set: 0.5ms
[2020-04-04T13:27:02.333+0500][gc,phases     ] GC(13)   Other: 1.0ms
[2020-04-04T13:27:02.333+0500][gc,heap       ] GC(13) Eden regions: 47->0(47)
[2020-04-04T13:27:02.333+0500][gc,heap       ] GC(13) Survivor regions: 4->4(7)
[2020-04-04T13:27:02.333+0500][gc,heap       ] GC(13) Old regions: 15->15
[2020-04-04T13:27:02.333+0500][gc,heap       ] GC(13) Humongous regions: 129->129
[2020-04-04T13:27:02.333+0500][gc,metaspace  ] GC(13) Metaspace: 47292K->47292K(1091584K)
[2020-04-04T13:27:02.333+0500][gc            ] GC(13) Pause Young (Normal) (G1 Evacuation Pause) 193M->147M(1024M) 41.251ms
[2020-04-04T13:27:02.334+0500][gc,cpu        ] GC(13) User=0.03s Sys=0.04s Real=0.04s
[2020-04-04T13:39:47.275+0500][gc,start      ] GC(14) Pause Young (Normal) (G1 Evacuation Pause)
[2020-04-04T13:39:47.275+0500][gc,task       ] GC(14) Using 4 workers of 4 for evacuation
[2020-04-04T13:39:47.284+0500][gc,phases     ] GC(14)   Pre Evacuate Collection Set: 0.0ms
[2020-04-04T13:39:47.284+0500][gc,phases     ] GC(14)   Evacuate Collection Set: 8.0ms
[2020-04-04T13:39:47.284+0500][gc,phases     ] GC(14)   Post Evacuate Collection Set: 0.3ms
[2020-04-04T13:39:47.284+0500][gc,phases     ] GC(14)   Other: 3.3ms
[2020-04-04T13:39:47.284+0500][gc,heap       ] GC(14) Eden regions: 47->0(47)
[2020-04-04T13:39:47.284+0500][gc,heap       ] GC(14) Survivor regions: 4->4(7)
[2020-04-04T13:39:47.284+0500][gc,heap       ] GC(14) Old regions: 15->15
[2020-04-04T13:39:47.284+0500][gc,heap       ] GC(14) Humongous regions: 129->129
[2020-04-04T13:39:47.284+0500][gc,metaspace  ] GC(14) Metaspace: 47308K->47308K(1091584K)
[2020-04-04T13:39:47.284+0500][gc            ] GC(14) Pause Young (Normal) (G1 Evacuation Pause) 194M->146M(1024M) 9.365ms
[2020-04-04T13:39:47.284+0500][gc,cpu        ] GC(14) User=0.03s Sys=0.01s Real=0.01s
[2020-04-04T13:50:14.651+0500][gc,start      ] GC(15) Pause Young (Normal) (G1 Evacuation Pause)
[2020-04-04T13:50:14.656+0500][gc,task       ] GC(15) Using 4 workers of 4 for evacuation
[2020-04-04T13:50:14.677+0500][gc,mmu        ] GC(15) MMU target violated: 21.0ms (20.0ms/21.0ms)
[2020-04-04T13:50:14.677+0500][gc,phases     ] GC(15)   Pre Evacuate Collection Set: 1.9ms
[2020-04-04T13:50:14.677+0500][gc,phases     ] GC(15)   Evacuate Collection Set: 18.4ms
[2020-04-04T13:50:14.677+0500][gc,phases     ] GC(15)   Post Evacuate Collection Set: 0.4ms
[2020-04-04T13:50:14.678+0500][gc,phases     ] GC(15)   Other: 6.2ms
[2020-04-04T13:50:14.678+0500][gc,heap       ] GC(15) Eden regions: 47->0(48)
[2020-04-04T13:50:14.678+0500][gc,heap       ] GC(15) Survivor regions: 4->3(7)
[2020-04-04T13:50:14.678+0500][gc,heap       ] GC(15) Old regions: 15->15
[2020-04-04T13:50:14.678+0500][gc,heap       ] GC(15) Humongous regions: 129->129
[2020-04-04T13:50:14.678+0500][gc,metaspace  ] GC(15) Metaspace: 47451K->47451K(1091584K)
[2020-04-04T13:50:14.678+0500][gc            ] GC(15) Pause Young (Normal) (G1 Evacuation Pause) 193M->146M(1024M) 26.928ms
[2020-04-04T13:50:14.678+0500][gc,cpu        ] GC(15) User=0.02s Sys=0.03s Real=0.02s
[2020-04-04T13:58:54.723+0500][gc,start      ] GC(16) Pause Young (Normal) (G1 Evacuation Pause)
[2020-04-04T13:58:54.724+0500][gc,task       ] GC(16) Using 4 workers of 4 for evacuation
[2020-04-04T13:58:54.756+0500][gc,mmu        ] GC(16) MMU target violated: 21.0ms (20.0ms/21.0ms)
[2020-04-04T13:58:54.756+0500][gc,phases     ] GC(16)   Pre Evacuate Collection Set: 1.3ms
[2020-04-04T13:58:54.756+0500][gc,phases     ] GC(16)   Evacuate Collection Set: 29.4ms
[2020-04-04T13:58:54.756+0500][gc,phases     ] GC(16)   Post Evacuate Collection Set: 1.3ms
[2020-04-04T13:58:54.757+0500][gc,phases     ] GC(16)   Other: 4.2ms
[2020-04-04T13:58:54.757+0500][gc,heap       ] GC(16) Eden regions: 48->0(47)
[2020-04-04T13:58:54.757+0500][gc,heap       ] GC(16) Survivor regions: 3->4(7)
[2020-04-04T13:58:54.757+0500][gc,heap       ] GC(16) Old regions: 15->15
[2020-04-04T13:58:54.757+0500][gc,heap       ] GC(16) Humongous regions: 129->129
[2020-04-04T13:58:54.757+0500][gc,metaspace  ] GC(16) Metaspace: 47483K->47483K(1091584K)
[2020-04-04T13:58:54.757+0500][gc            ] GC(16) Pause Young (Normal) (G1 Evacuation Pause) 194M->146M(1024M) 33.360ms
[2020-04-04T13:58:54.757+0500][gc,cpu        ] GC(16) User=0.02s Sys=0.03s Real=0.03s
[2020-04-04T14:07:53.980+0500][gc,start      ] GC(17) Pause Young (Normal) (G1 Evacuation Pause)
[2020-04-04T14:07:53.981+0500][gc,task       ] GC(17) Using 4 workers of 4 for evacuation
[2020-04-04T14:07:53.999+0500][gc,phases     ] GC(17)   Pre Evacuate Collection Set: 1.8ms
[2020-04-04T14:07:53.999+0500][gc,phases     ] GC(17)   Evacuate Collection Set: 14.8ms
[2020-04-04T14:07:53.999+0500][gc,phases     ] GC(17)   Post Evacuate Collection Set: 0.4ms
[2020-04-04T14:07:53.999+0500][gc,phases     ] GC(17)   Other: 2.3ms
[2020-04-04T14:07:53.999+0500][gc,heap       ] GC(17) Eden regions: 47->0(47)
[2020-04-04T14:07:53.999+0500][gc,heap       ] GC(17) Survivor regions: 4->4(7)
[2020-04-04T14:07:53.999+0500][gc,heap       ] GC(17) Old regions: 15->15
[2020-04-04T14:07:53.999+0500][gc,heap       ] GC(17) Humongous regions: 129->129
[2020-04-04T14:07:53.999+0500][gc,metaspace  ] GC(17) Metaspace: 47509K->47509K(1091584K)
[2020-04-04T14:07:53.999+0500][gc            ] GC(17) Pause Young (Normal) (G1 Evacuation Pause) 193M->146M(1024M) 19.460ms
[2020-04-04T14:07:53.999+0500][gc,cpu        ] GC(17) User=0.02s Sys=0.04s Real=0.01s
[2020-04-04T14:17:39.626+0500][gc,start      ] GC(18) Pause Young (Normal) (G1 Evacuation Pause)
[2020-04-04T14:17:39.626+0500][gc,task       ] GC(18) Using 4 workers of 4 for evacuation
[2020-04-04T14:17:39.650+0500][gc,mmu        ] GC(18) MMU target violated: 21.0ms (20.0ms/21.0ms)
[2020-04-04T14:17:39.651+0500][gc,phases     ] GC(18)   Pre Evacuate Collection Set: 2.0ms
[2020-04-04T14:17:39.651+0500][gc,phases     ] GC(18)   Evacuate Collection Set: 21.4ms
[2020-04-04T14:17:39.651+0500][gc,phases     ] GC(18)   Post Evacuate Collection Set: 0.4ms
[2020-04-04T14:17:39.651+0500][gc,phases     ] GC(18)   Other: 5.2ms
[2020-04-04T14:17:39.651+0500][gc,heap       ] GC(18) Eden regions: 47->0(47)
[2020-04-04T14:17:39.651+0500][gc,heap       ] GC(18) Survivor regions: 4->4(7)
[2020-04-04T14:17:39.651+0500][gc,heap       ] GC(18) Old regions: 15->15
[2020-04-04T14:17:39.651+0500][gc,heap       ] GC(18) Humongous regions: 129->129
[2020-04-04T14:17:39.651+0500][gc,metaspace  ] GC(18) Metaspace: 47515K->47515K(1091584K)
[2020-04-04T14:17:39.651+0500][gc            ] GC(18) Pause Young (Normal) (G1 Evacuation Pause) 193M->146M(1024M) 25.097ms
[2020-04-04T14:17:39.651+0500][gc,cpu        ] GC(18) User=0.03s Sys=0.03s Real=0.03s
[2020-04-04T14:30:13.084+0500][gc,start      ] GC(19) Pause Young (Normal) (G1 Evacuation Pause)
[2020-04-04T14:30:13.085+0500][gc,task       ] GC(19) Using 4 workers of 4 for evacuation
[2020-04-04T14:30:13.120+0500][gc,mmu        ] GC(19) MMU target violated: 21.0ms (20.0ms/21.0ms)
[2020-04-04T14:30:13.120+0500][gc,phases     ] GC(19)   Pre Evacuate Collection Set: 2.1ms
[2020-04-04T14:30:13.120+0500][gc,phases     ] GC(19)   Evacuate Collection Set: 31.8ms
[2020-04-04T14:30:13.120+0500][gc,phases     ] GC(19)   Post Evacuate Collection Set: 0.6ms
[2020-04-04T14:30:13.120+0500][gc,phases     ] GC(19)   Other: 1.4ms
[2020-04-04T14:30:13.120+0500][gc,heap       ] GC(19) Eden regions: 47->0(48)
[2020-04-04T14:30:13.120+0500][gc,heap       ] GC(19) Survivor regions: 4->3(7)
[2020-04-04T14:30:13.120+0500][gc,heap       ] GC(19) Old regions: 15->15
[2020-04-04T14:30:13.120+0500][gc,heap       ] GC(19) Humongous regions: 129->129
[2020-04-04T14:30:13.120+0500][gc,metaspace  ] GC(19) Metaspace: 47528K->47528K(1091584K)
[2020-04-04T14:30:13.120+0500][gc            ] GC(19) Pause Young (Normal) (G1 Evacuation Pause) 193M->146M(1024M) 36.151ms
[2020-04-04T14:30:13.120+0500][gc,cpu        ] GC(19) User=0.02s Sys=0.04s Real=0.04s
[2020-04-04T14:41:22.211+0500][gc,start      ] GC(20) Pause Young (Normal) (G1 Evacuation Pause)
[2020-04-04T14:41:22.212+0500][gc,task       ] GC(20) Using 4 workers of 4 for evacuation
[2020-04-04T14:41:22.243+0500][gc,mmu        ] GC(20) MMU target violated: 21.0ms (20.0ms/21.0ms)
[2020-04-04T14:41:22.243+0500][gc,phases     ] GC(20)   Pre Evacuate Collection Set: 2.0ms
[2020-04-04T14:41:22.243+0500][gc,phases     ] GC(20)   Evacuate Collection Set: 28.1ms
[2020-04-04T14:41:22.243+0500][gc,phases     ] GC(20)   Post Evacuate Collection Set: 0.7ms
[2020-04-04T14:41:22.243+0500][gc,phases     ] GC(20)   Other: 8.7ms
[2020-04-04T14:41:22.243+0500][gc,heap       ] GC(20) Eden regions: 48->0(48)
[2020-04-04T14:41:22.243+0500][gc,heap       ] GC(20) Survivor regions: 3->3(7)
[2020-04-04T14:41:22.243+0500][gc,heap       ] GC(20) Old regions: 15->15
[2020-04-04T14:41:22.243+0500][gc,heap       ] GC(20) Humongous regions: 129->129
[2020-04-04T14:41:22.243+0500][gc,metaspace  ] GC(20) Metaspace: 47630K->47630K(1091584K)
[2020-04-04T14:41:22.243+0500][gc            ] GC(20) Pause Young (Normal) (G1 Evacuation Pause) 194M->146M(1024M) 32.031ms
[2020-04-04T14:41:22.243+0500][gc,cpu        ] GC(20) User=0.03s Sys=0.04s Real=0.03s
[2020-04-04T14:53:27.183+0500][gc,start      ] GC(21) Pause Young (Normal) (G1 Evacuation Pause)
[2020-04-04T14:53:27.183+0500][gc,task       ] GC(21) Using 4 workers of 4 for evacuation
[2020-04-04T14:53:27.202+0500][gc,phases     ] GC(21)   Pre Evacuate Collection Set: 1.7ms
[2020-04-04T14:53:27.202+0500][gc,phases     ] GC(21)   Evacuate Collection Set: 16.6ms
[2020-04-04T14:53:27.202+0500][gc,phases     ] GC(21)   Post Evacuate Collection Set: 0.4ms
[2020-04-04T14:53:27.202+0500][gc,phases     ] GC(21)   Other: 1.0ms
[2020-04-04T14:53:27.202+0500][gc,heap       ] GC(21) Eden regions: 48->0(48)
[2020-04-04T14:53:27.202+0500][gc,heap       ] GC(21) Survivor regions: 3->3(7)
[2020-04-04T14:53:27.202+0500][gc,heap       ] GC(21) Old regions: 15->15
[2020-04-04T14:53:27.202+0500][gc,heap       ] GC(21) Humongous regions: 129->129
[2020-04-04T14:53:27.202+0500][gc,metaspace  ] GC(21) Metaspace: 47662K->47662K(1091584K)
[2020-04-04T14:53:27.203+0500][gc            ] GC(21) Pause Young (Normal) (G1 Evacuation Pause) 194M->146M(1024M) 19.864ms
[2020-04-04T14:53:27.203+0500][gc,cpu        ] GC(21) User=0.02s Sys=0.03s Real=0.02s
[2020-04-04T15:06:22.165+0500][gc,start      ] GC(22) Pause Young (Normal) (G1 Evacuation Pause)
[2020-04-04T15:06:22.166+0500][gc,task       ] GC(22) Using 4 workers of 4 for evacuation
[2020-04-04T15:06:22.189+0500][gc,mmu        ] GC(22) MMU target violated: 21.0ms (20.0ms/21.0ms)
[2020-04-04T15:06:22.189+0500][gc,phases     ] GC(22)   Pre Evacuate Collection Set: 1.7ms
[2020-04-04T15:06:22.190+0500][gc,phases     ] GC(22)   Evacuate Collection Set: 20.9ms
[2020-04-04T15:06:22.190+0500][gc,phases     ] GC(22)   Post Evacuate Collection Set: 0.4ms
[2020-04-04T15:06:22.190+0500][gc,phases     ] GC(22)   Other: 6.0ms
[2020-04-04T15:06:22.190+0500][gc,heap       ] GC(22) Eden regions: 48->0(47)
[2020-04-04T15:06:22.190+0500][gc,heap       ] GC(22) Survivor regions: 3->4(7)
[2020-04-04T15:06:22.190+0500][gc,heap       ] GC(22) Old regions: 15->15
[2020-04-04T15:06:22.190+0500][gc,heap       ] GC(22) Humongous regions: 129->129
[2020-04-04T15:06:22.190+0500][gc,metaspace  ] GC(22) Metaspace: 47691K->47691K(1091584K)
[2020-04-04T15:06:22.190+0500][gc            ] GC(22) Pause Young (Normal) (G1 Evacuation Pause) 194M->146M(1024M) 25.055ms
[2020-04-04T15:06:22.190+0500][gc,cpu        ] GC(22) User=0.02s Sys=0.04s Real=0.03s
[2020-04-04T15:37:40.504+0500][gc,start      ] GC(23) Pause Young (Normal) (G1 Evacuation Pause)
[2020-04-04T15:37:40.505+0500][gc,task       ] GC(23) Using 4 workers of 4 for evacuation
[2020-04-04T15:37:40.538+0500][gc,mmu        ] GC(23) MMU target violated: 21.0ms (20.0ms/21.0ms)
[2020-04-04T15:37:40.538+0500][gc,phases     ] GC(23)   Pre Evacuate Collection Set: 1.6ms
[2020-04-04T15:37:40.538+0500][gc,phases     ] GC(23)   Evacuate Collection Set: 30.5ms
[2020-04-04T15:37:40.538+0500][gc,phases     ] GC(23)   Post Evacuate Collection Set: 0.4ms
[2020-04-04T15:37:40.538+0500][gc,phases     ] GC(23)   Other: 1.6ms
[2020-04-04T15:37:40.538+0500][gc,heap       ] GC(23) Eden regions: 47->0(48)
[2020-04-04T15:37:40.538+0500][gc,heap       ] GC(23) Survivor regions: 4->3(7)
[2020-04-04T15:37:40.538+0500][gc,heap       ] GC(23) Old regions: 15->15
[2020-04-04T15:37:40.538+0500][gc,heap       ] GC(23) Humongous regions: 129->129
[2020-04-04T15:37:40.538+0500][gc,metaspace  ] GC(23) Metaspace: 47713K->47713K(1091584K)
[2020-04-04T15:37:40.538+0500][gc            ] GC(23) Pause Young (Normal) (G1 Evacuation Pause) 193M->146M(1024M) 34.235ms
[2020-04-04T15:37:40.538+0500][gc,cpu        ] GC(23) User=0.02s Sys=0.04s Real=0.03s
[2020-04-04T15:50:40.868+0500][gc,start      ] GC(24) Pause Young (Normal) (G1 Evacuation Pause)
[2020-04-04T15:50:40.868+0500][gc,task       ] GC(24) Using 4 workers of 4 for evacuation
[2020-04-04T15:50:40.902+0500][gc,mmu        ] GC(24) MMU target violated: 21.0ms (20.0ms/21.0ms)
[2020-04-04T15:50:40.902+0500][gc,phases     ] GC(24)   Pre Evacuate Collection Set: 1.7ms
[2020-04-04T15:50:40.903+0500][gc,phases     ] GC(24)   Evacuate Collection Set: 31.5ms
[2020-04-04T15:50:40.903+0500][gc,phases     ] GC(24)   Post Evacuate Collection Set: 0.5ms
[2020-04-04T15:50:40.903+0500][gc,phases     ] GC(24)   Other: 3.2ms
[2020-04-04T15:50:40.903+0500][gc,heap       ] GC(24) Eden regions: 48->0(47)
[2020-04-04T15:50:40.903+0500][gc,heap       ] GC(24) Survivor regions: 3->4(7)
[2020-04-04T15:50:40.903+0500][gc,heap       ] GC(24) Old regions: 15->15
[2020-04-04T15:50:40.903+0500][gc,heap       ] GC(24) Humongous regions: 129->129
[2020-04-04T15:50:40.903+0500][gc,metaspace  ] GC(24) Metaspace: 47720K->47720K(1091584K)
[2020-04-04T15:50:40.903+0500][gc            ] GC(24) Pause Young (Normal) (G1 Evacuation Pause) 194M->147M(1024M) 34.958ms
[2020-04-04T15:50:40.903+0500][gc,cpu        ] GC(24) User=0.03s Sys=0.05s Real=0.04s
[2020-04-04T16:03:19.986+0500][gc,start      ] GC(25) Pause Young (Normal) (G1 Evacuation Pause)
[2020-04-04T16:03:19.987+0500][gc,task       ] GC(25) Using 4 workers of 4 for evacuation
[2020-04-04T16:03:20.010+0500][gc,mmu        ] GC(25) MMU target violated: 21.0ms (20.0ms/21.0ms)
[2020-04-04T16:03:20.010+0500][gc,phases     ] GC(25)   Pre Evacuate Collection Set: 2.1ms
[2020-04-04T16:03:20.010+0500][gc,phases     ] GC(25)   Evacuate Collection Set: 19.0ms
[2020-04-04T16:03:20.010+0500][gc,phases     ] GC(25)   Post Evacuate Collection Set: 0.4ms
[2020-04-04T16:03:20.010+0500][gc,phases     ] GC(25)   Other: 2.4ms
[2020-04-04T16:03:20.010+0500][gc,heap       ] GC(25) Eden regions: 47->0(48)
[2020-04-04T16:03:20.010+0500][gc,heap       ] GC(25) Survivor regions: 4->3(7)
[2020-04-04T16:03:20.010+0500][gc,heap       ] GC(25) Old regions: 15->15
[2020-04-04T16:03:20.010+0500][gc,heap       ] GC(25) Humongous regions: 129->129
[2020-04-04T16:03:20.010+0500][gc,metaspace  ] GC(25) Metaspace: 47727K->47727K(1091584K)
[2020-04-04T16:03:20.010+0500][gc            ] GC(25) Pause Young (Normal) (G1 Evacuation Pause) 194M->146M(1024M) 24.096ms
[2020-04-04T16:03:20.010+0500][gc,cpu        ] GC(25) User=0.02s Sys=0.05s Real=0.03s
[2020-04-04T16:15:35.579+0500][gc,start      ] GC(26) Pause Young (Normal) (G1 Evacuation Pause)
[2020-04-04T16:15:35.580+0500][gc,task       ] GC(26) Using 4 workers of 4 for evacuation
[2020-04-04T16:15:35.598+0500][gc,phases     ] GC(26)   Pre Evacuate Collection Set: 1.7ms
[2020-04-04T16:15:35.598+0500][gc,phases     ] GC(26)   Evacuate Collection Set: 15.3ms
[2020-04-04T16:15:35.598+0500][gc,phases     ] GC(26)   Post Evacuate Collection Set: 0.4ms
[2020-04-04T16:15:35.598+0500][gc,phases     ] GC(26)   Other: 1.1ms
[2020-04-04T16:15:35.598+0500][gc,heap       ] GC(26) Eden regions: 48->0(48)
[2020-04-04T16:15:35.598+0500][gc,heap       ] GC(26) Survivor regions: 3->3(7)
[2020-04-04T16:15:35.598+0500][gc,heap       ] GC(26) Old regions: 15->16
[2020-04-04T16:15:35.598+0500][gc,heap       ] GC(26) Humongous regions: 129->129
[2020-04-04T16:15:35.598+0500][gc,metaspace  ] GC(26) Metaspace: 47733K->47733K(1091584K)
[2020-04-04T16:15:35.598+0500][gc            ] GC(26) Pause Young (Normal) (G1 Evacuation Pause) 194M->147M(1024M) 18.672ms
[2020-04-04T16:15:35.598+0500][gc,cpu        ] GC(26) User=0.02s Sys=0.02s Real=0.02s
[2020-04-04T16:28:28.628+0500][gc,start      ] GC(27) Pause Young (Normal) (G1 Evacuation Pause)
[2020-04-04T16:28:28.629+0500][gc,task       ] GC(27) Using 4 workers of 4 for evacuation
[2020-04-04T16:28:28.645+0500][gc,phases     ] GC(27)   Pre Evacuate Collection Set: 1.8ms
[2020-04-04T16:28:28.645+0500][gc,phases     ] GC(27)   Evacuate Collection Set: 13.4ms
[2020-04-04T16:28:28.645+0500][gc,phases     ] GC(27)   Post Evacuate Collection Set: 0.5ms
[2020-04-04T16:28:28.645+0500][gc,phases     ] GC(27)   Other: 1.1ms
[2020-04-04T16:28:28.645+0500][gc,heap       ] GC(27) Eden regions: 48->0(48)
[2020-04-04T16:28:28.645+0500][gc,heap       ] GC(27) Survivor regions: 3->3(7)
[2020-04-04T16:28:28.645+0500][gc,heap       ] GC(27) Old regions: 16->16
[2020-04-04T16:28:28.645+0500][gc,heap       ] GC(27) Humongous regions: 129->129
[2020-04-04T16:28:28.645+0500][gc,metaspace  ] GC(27) Metaspace: 47759K->47759K(1091584K)
[2020-04-04T16:28:28.645+0500][gc            ] GC(27) Pause Young (Normal) (G1 Evacuation Pause) 195M->146M(1024M) 16.998ms
[2020-04-04T16:28:28.645+0500][gc,cpu        ] GC(27) User=0.02s Sys=0.03s Real=0.02s
[2020-04-04T16:41:26.678+0500][gc,start      ] GC(28) Pause Young (Normal) (G1 Evacuation Pause)
[2020-04-04T16:41:26.679+0500][gc,task       ] GC(28) Using 4 workers of 4 for evacuation
[2020-04-04T16:41:26.722+0500][gc,mmu        ] GC(28) MMU target violated: 21.0ms (20.0ms/21.0ms)
[2020-04-04T16:41:26.722+0500][gc,phases     ] GC(28)   Pre Evacuate Collection Set: 2.0ms
[2020-04-04T16:41:26.722+0500][gc,phases     ] GC(28)   Evacuate Collection Set: 40.5ms
[2020-04-04T16:41:26.722+0500][gc,phases     ] GC(28)   Post Evacuate Collection Set: 0.5ms
[2020-04-04T16:41:26.722+0500][gc,phases     ] GC(28)   Other: 2.2ms
[2020-04-04T16:41:26.722+0500][gc,heap       ] GC(28) Eden regions: 48->0(47)
[2020-04-04T16:41:26.722+0500][gc,heap       ] GC(28) Survivor regions: 3->4(7)
[2020-04-04T16:41:26.722+0500][gc,heap       ] GC(28) Old regions: 16->16
[2020-04-04T16:41:26.722+0500][gc,heap       ] GC(28) Humongous regions: 129->129
[2020-04-04T16:41:26.722+0500][gc,metaspace  ] GC(28) Metaspace: 47760K->47760K(1091584K)
[2020-04-04T16:41:26.722+0500][gc            ] GC(28) Pause Young (Normal) (G1 Evacuation Pause) 194M->147M(1024M) 44.352ms
[2020-04-04T16:41:26.723+0500][gc,cpu        ] GC(28) User=0.05s Sys=0.09s Real=0.05s
[2020-04-04T16:54:03.746+0500][gc,start      ] GC(29) Pause Young (Normal) (G1 Evacuation Pause)
[2020-04-04T16:54:03.747+0500][gc,task       ] GC(29) Using 4 workers of 4 for evacuation
[2020-04-04T16:54:03.779+0500][gc,mmu        ] GC(29) MMU target violated: 21.0ms (20.0ms/21.0ms)
[2020-04-04T16:54:03.779+0500][gc,phases     ] GC(29)   Pre Evacuate Collection Set: 10.7ms
[2020-04-04T16:54:03.779+0500][gc,phases     ] GC(29)   Evacuate Collection Set: 20.7ms
[2020-04-04T16:54:03.779+0500][gc,phases     ] GC(29)   Post Evacuate Collection Set: 0.4ms
[2020-04-04T16:54:03.779+0500][gc,phases     ] GC(29)   Other: 1.3ms
[2020-04-04T16:54:03.779+0500][gc,heap       ] GC(29) Eden regions: 47->0(48)
[2020-04-04T16:54:03.779+0500][gc,heap       ] GC(29) Survivor regions: 4->3(7)
[2020-04-04T16:54:03.779+0500][gc,heap       ] GC(29) Old regions: 16->16
[2020-04-04T16:54:03.779+0500][gc,heap       ] GC(29) Humongous regions: 129->129
[2020-04-04T16:54:03.779+0500][gc,metaspace  ] GC(29) Metaspace: 47772K->47772K(1091584K)
[2020-04-04T16:54:03.779+0500][gc            ] GC(29) Pause Young (Normal) (G1 Evacuation Pause) 194M->146M(1024M) 33.215ms
[2020-04-04T16:54:03.779+0500][gc,cpu        ] GC(29) User=0.02s Sys=0.05s Real=0.03s
[2020-04-04T17:07:03.574+0500][gc,start      ] GC(30) Pause Young (Normal) (G1 Evacuation Pause)
[2020-04-04T17:07:03.575+0500][gc,task       ] GC(30) Using 4 workers of 4 for evacuation
[2020-04-04T17:07:03.620+0500][gc,mmu        ] GC(30) MMU target violated: 21.0ms (20.0ms/21.0ms)
[2020-04-04T17:07:03.620+0500][gc,phases     ] GC(30)   Pre Evacuate Collection Set: 1.5ms
[2020-04-04T17:07:03.620+0500][gc,phases     ] GC(30)   Evacuate Collection Set: 43.1ms
[2020-04-04T17:07:03.620+0500][gc,phases     ] GC(30)   Post Evacuate Collection Set: 0.6ms
[2020-04-04T17:07:03.620+0500][gc,phases     ] GC(30)   Other: 2.0ms
[2020-04-04T17:07:03.620+0500][gc,heap       ] GC(30) Eden regions: 48->0(47)
[2020-04-04T17:07:03.620+0500][gc,heap       ] GC(30) Survivor regions: 3->4(7)
[2020-04-04T17:07:03.620+0500][gc,heap       ] GC(30) Old regions: 16->16
[2020-04-04T17:07:03.621+0500][gc,heap       ] GC(30) Humongous regions: 129->129
[2020-04-04T17:07:03.621+0500][gc,metaspace  ] GC(30) Metaspace: 47773K->47773K(1091584K)
[2020-04-04T17:07:03.621+0500][gc            ] GC(30) Pause Young (Normal) (G1 Evacuation Pause) 194M->147M(1024M) 46.362ms
[2020-04-04T17:07:03.621+0500][gc,cpu        ] GC(30) User=0.06s Sys=0.07s Real=0.05s
[2020-04-04T17:18:58.560+0500][gc,start      ] GC(31) Pause Young (Normal) (G1 Evacuation Pause)
[2020-04-04T17:18:58.563+0500][gc,task       ] GC(31) Using 4 workers of 4 for evacuation
[2020-04-04T17:18:58.594+0500][gc,mmu        ] GC(31) MMU target violated: 21.0ms (20.0ms/21.0ms)
[2020-04-04T17:18:58.594+0500][gc,phases     ] GC(31)   Pre Evacuate Collection Set: 1.7ms
[2020-04-04T17:18:58.594+0500][gc,phases     ] GC(31)   Evacuate Collection Set: 27.8ms
[2020-04-04T17:18:58.594+0500][gc,phases     ] GC(31)   Post Evacuate Collection Set: 0.6ms
[2020-04-04T17:18:58.595+0500][gc,phases     ] GC(31)   Other: 4.0ms
[2020-04-04T17:18:58.595+0500][gc,heap       ] GC(31) Eden regions: 47->0(48)
[2020-04-04T17:18:58.595+0500][gc,heap       ] GC(31) Survivor regions: 4->3(7)
[2020-04-04T17:18:58.595+0500][gc,heap       ] GC(31) Old regions: 16->16
[2020-04-04T17:18:58.595+0500][gc,heap       ] GC(31) Humongous regions: 129->129
[2020-04-04T17:18:58.595+0500][gc,metaspace  ] GC(31) Metaspace: 47775K->47775K(1091584K)
[2020-04-04T17:18:58.595+0500][gc            ] GC(31) Pause Young (Normal) (G1 Evacuation Pause) 194M->146M(1024M) 34.848ms
[2020-04-04T17:18:58.595+0500][gc,cpu        ] GC(31) User=0.02s Sys=0.04s Real=0.03s
[2020-04-04T17:31:44.650+0500][gc,start      ] GC(32) Pause Young (Normal) (G1 Evacuation Pause)
[2020-04-04T17:31:44.651+0500][gc,task       ] GC(32) Using 4 workers of 4 for evacuation
[2020-04-04T17:31:44.672+0500][gc,mmu        ] GC(32) MMU target violated: 21.0ms (20.0ms/21.0ms)
[2020-04-04T17:31:44.673+0500][gc,phases     ] GC(32)   Pre Evacuate Collection Set: 1.7ms
[2020-04-04T17:31:44.673+0500][gc,phases     ] GC(32)   Evacuate Collection Set: 18.9ms
[2020-04-04T17:31:44.673+0500][gc,phases     ] GC(32)   Post Evacuate Collection Set: 0.5ms
[2020-04-04T17:31:44.673+0500][gc,phases     ] GC(32)   Other: 5.5ms
[2020-04-04T17:31:44.673+0500][gc,heap       ] GC(32) Eden regions: 48->0(48)
[2020-04-04T17:31:44.673+0500][gc,heap       ] GC(32) Survivor regions: 3->3(7)
[2020-04-04T17:31:44.673+0500][gc,heap       ] GC(32) Old regions: 16->16
[2020-04-04T17:31:44.673+0500][gc,heap       ] GC(32) Humongous regions: 129->129
[2020-04-04T17:31:44.673+0500][gc,metaspace  ] GC(32) Metaspace: 47827K->47827K(1091584K)
[2020-04-04T17:31:44.673+0500][gc            ] GC(32) Pause Young (Normal) (G1 Evacuation Pause) 194M->147M(1024M) 23.054ms
[2020-04-04T17:31:44.673+0500][gc,cpu        ] GC(32) User=0.02s Sys=0.04s Real=0.02s
[2020-04-04T17:44:43.521+0500][gc,start      ] GC(33) Pause Young (Normal) (G1 Evacuation Pause)
[2020-04-04T17:44:43.525+0500][gc,task       ] GC(33) Using 4 workers of 4 for evacuation
[2020-04-04T17:44:43.548+0500][gc,mmu        ] GC(33) MMU target violated: 21.0ms (20.0ms/21.0ms)
[2020-04-04T17:44:43.548+0500][gc,phases     ] GC(33)   Pre Evacuate Collection Set: 0.2ms
[2020-04-04T17:44:43.548+0500][gc,phases     ] GC(33)   Evacuate Collection Set: 22.6ms
[2020-04-04T17:44:43.548+0500][gc,phases     ] GC(33)   Post Evacuate Collection Set: 0.3ms
[2020-04-04T17:44:43.548+0500][gc,phases     ] GC(33)   Other: 3.6ms
[2020-04-04T17:44:43.548+0500][gc,heap       ] GC(33) Eden regions: 48->0(48)
[2020-04-04T17:44:43.548+0500][gc,heap       ] GC(33) Survivor regions: 3->3(7)
[2020-04-04T17:44:43.548+0500][gc,heap       ] GC(33) Old regions: 16->16
[2020-04-04T17:44:43.548+0500][gc,heap       ] GC(33) Humongous regions: 129->129
[2020-04-04T17:44:43.548+0500][gc,metaspace  ] GC(33) Metaspace: 47827K->47827K(1091584K)
[2020-04-04T17:44:43.548+0500][gc            ] GC(33) Pause Young (Normal) (G1 Evacuation Pause) 195M->146M(1024M) 26.746ms
[2020-04-04T17:44:43.548+0500][gc,cpu        ] GC(33) User=0.02s Sys=0.02s Real=0.02s
[2020-04-04T17:57:43.512+0500][gc,start      ] GC(34) Pause Young (Normal) (G1 Evacuation Pause)
[2020-04-04T17:57:43.513+0500][gc,task       ] GC(34) Using 4 workers of 4 for evacuation
[2020-04-04T17:57:43.542+0500][gc,mmu        ] GC(34) MMU target violated: 21.0ms (20.0ms/21.0ms)
[2020-04-04T17:57:43.542+0500][gc,phases     ] GC(34)   Pre Evacuate Collection Set: 1.5ms
[2020-04-04T17:57:43.542+0500][gc,phases     ] GC(34)   Evacuate Collection Set: 26.7ms
[2020-04-04T17:57:43.542+0500][gc,phases     ] GC(34)   Post Evacuate Collection Set: 0.4ms
[2020-04-04T17:57:43.542+0500][gc,phases     ] GC(34)   Other: 9.1ms
[2020-04-04T17:57:43.542+0500][gc,heap       ] GC(34) Eden regions: 48->0(47)
[2020-04-04T17:57:43.542+0500][gc,heap       ] GC(34) Survivor regions: 3->4(7)
[2020-04-04T17:57:43.542+0500][gc,heap       ] GC(34) Old regions: 16->16
[2020-04-04T17:57:43.542+0500][gc,heap       ] GC(34) Humongous regions: 129->129
[2020-04-04T17:57:43.542+0500][gc,metaspace  ] GC(34) Metaspace: 47830K->47830K(1091584K)
[2020-04-04T17:57:43.542+0500][gc            ] GC(34) Pause Young (Normal) (G1 Evacuation Pause) 194M->147M(1024M) 29.920ms
[2020-04-04T17:57:43.542+0500][gc,cpu        ] GC(34) User=0.04s Sys=0.06s Real=0.03s
[2020-04-04T19:58:14.394+0500][gc,start      ] GC(35) Pause Young (Normal) (G1 Evacuation Pause)
[2020-04-04T19:58:14.395+0500][gc,task       ] GC(35) Using 4 workers of 4 for evacuation
[2020-04-04T19:58:14.486+0500][gc,mmu        ] GC(35) MMU target violated: 21.0ms (20.0ms/21.0ms)
[2020-04-04T19:58:14.487+0500][gc,phases     ] GC(35)   Pre Evacuate Collection Set: 2.2ms
[2020-04-04T19:58:14.487+0500][gc,phases     ] GC(35)   Evacuate Collection Set: 87.1ms
[2020-04-04T19:58:14.487+0500][gc,phases     ] GC(35)   Post Evacuate Collection Set: 1.3ms
[2020-04-04T19:58:14.487+0500][gc,phases     ] GC(35)   Other: 2.2ms
[2020-04-04T19:58:14.487+0500][gc,heap       ] GC(35) Eden regions: 47->0(48)
[2020-04-04T19:58:14.487+0500][gc,heap       ] GC(35) Survivor regions: 4->3(7)
[2020-04-04T19:58:14.487+0500][gc,heap       ] GC(35) Old regions: 16->16
[2020-04-04T19:58:14.487+0500][gc,heap       ] GC(35) Humongous regions: 129->129
[2020-04-04T19:58:14.487+0500][gc,metaspace  ] GC(35) Metaspace: 47833K->47833K(1091584K)
[2020-04-04T19:58:14.487+0500][gc            ] GC(35) Pause Young (Normal) (G1 Evacuation Pause) 194M->146M(1024M) 93.055ms
[2020-04-04T19:58:14.487+0500][gc,cpu        ] GC(35) User=0.03s Sys=0.06s Real=0.09s
[2020-04-04T20:10:18.314+0500][gc,start      ] GC(36) Pause Young (Normal) (G1 Evacuation Pause)
[2020-04-04T20:10:18.316+0500][gc,task       ] GC(36) Using 4 workers of 4 for evacuation
[2020-04-04T20:10:18.333+0500][gc,phases     ] GC(36)   Pre Evacuate Collection Set: 1.5ms
[2020-04-04T20:10:18.333+0500][gc,phases     ] GC(36)   Evacuate Collection Set: 15.0ms
[2020-04-04T20:10:18.333+0500][gc,phases     ] GC(36)   Post Evacuate Collection Set: 0.4ms
[2020-04-04T20:10:18.333+0500][gc,phases     ] GC(36)   Other: 3.5ms
[2020-04-04T20:10:18.333+0500][gc,heap       ] GC(36) Eden regions: 48->0(48)
[2020-04-04T20:10:18.333+0500][gc,heap       ] GC(36) Survivor regions: 3->3(7)
[2020-04-04T20:10:18.333+0500][gc,heap       ] GC(36) Old regions: 16->16
[2020-04-04T20:10:18.333+0500][gc,heap       ] GC(36) Humongous regions: 129->129
[2020-04-04T20:10:18.333+0500][gc,metaspace  ] GC(36) Metaspace: 47848K->47848K(1093632K)
[2020-04-04T20:10:18.333+0500][gc            ] GC(36) Pause Young (Normal) (G1 Evacuation Pause) 194M->146M(1024M) 19.541ms
[2020-04-04T20:10:18.333+0500][gc,cpu        ] GC(36) User=0.02s Sys=0.03s Real=0.02s
[2020-04-04T20:23:18.135+0500][gc,start      ] GC(37) Pause Young (Normal) (G1 Evacuation Pause)
[2020-04-04T20:23:18.143+0500][gc,task       ] GC(37) Using 4 workers of 4 for evacuation
[2020-04-04T20:23:18.170+0500][gc,mmu        ] GC(37) MMU target violated: 21.0ms (20.0ms/21.0ms)
[2020-04-04T20:23:18.170+0500][gc,phases     ] GC(37)   Pre Evacuate Collection Set: 1.9ms
[2020-04-04T20:23:18.170+0500][gc,phases     ] GC(37)   Evacuate Collection Set: 24.0ms
[2020-04-04T20:23:18.170+0500][gc,phases     ] GC(37)   Post Evacuate Collection Set: 0.4ms
[2020-04-04T20:23:18.170+0500][gc,phases     ] GC(37)   Other: 8.4ms
[2020-04-04T20:23:18.170+0500][gc,heap       ] GC(37) Eden regions: 48->0(48)
[2020-04-04T20:23:18.170+0500][gc,heap       ] GC(37) Survivor regions: 3->3(7)
[2020-04-04T20:23:18.170+0500][gc,heap       ] GC(37) Old regions: 16->16
[2020-04-04T20:23:18.170+0500][gc,heap       ] GC(37) Humongous regions: 129->129
[2020-04-04T20:23:18.170+0500][gc,metaspace  ] GC(37) Metaspace: 47861K->47861K(1093632K)
[2020-04-04T20:23:18.170+0500][gc            ] GC(37) Pause Young (Normal) (G1 Evacuation Pause) 194M->146M(1024M) 34.806ms
[2020-04-04T20:23:18.170+0500][gc,cpu        ] GC(37) User=0.02s Sys=0.04s Real=0.04s
[2020-04-04T20:36:16.626+0500][gc,start      ] GC(38) Pause Young (Normal) (G1 Evacuation Pause)
[2020-04-04T20:36:16.627+0500][gc,task       ] GC(38) Using 4 workers of 4 for evacuation
[2020-04-04T20:36:16.634+0500][gc,phases     ] GC(38)   Pre Evacuate Collection Set: 0.1ms
[2020-04-04T20:36:16.635+0500][gc,phases     ] GC(38)   Evacuate Collection Set: 6.8ms
[2020-04-04T20:36:16.635+0500][gc,phases     ] GC(38)   Post Evacuate Collection Set: 0.4ms
[2020-04-04T20:36:16.635+0500][gc,phases     ] GC(38)   Other: 2.3ms
[2020-04-04T20:36:16.635+0500][gc,heap       ] GC(38) Eden regions: 48->0(48)
[2020-04-04T20:36:16.635+0500][gc,heap       ] GC(38) Survivor regions: 3->3(7)
[2020-04-04T20:36:16.635+0500][gc,heap       ] GC(38) Old regions: 16->16
[2020-04-04T20:36:16.635+0500][gc,heap       ] GC(38) Humongous regions: 129->129
[2020-04-04T20:36:16.635+0500][gc,metaspace  ] GC(38) Metaspace: 47863K->47863K(1093632K)
[2020-04-04T20:36:16.635+0500][gc            ] GC(38) Pause Young (Normal) (G1 Evacuation Pause) 194M->146M(1024M) 8.561ms
[2020-04-04T20:36:16.635+0500][gc,cpu        ] GC(38) User=0.02s Sys=0.00s Real=0.01s
[2020-04-04T20:49:18.344+0500][gc,start      ] GC(39) Pause Young (Normal) (G1 Evacuation Pause)
[2020-04-04T20:49:18.345+0500][gc,task       ] GC(39) Using 4 workers of 4 for evacuation
[2020-04-04T20:49:18.413+0500][gc,mmu        ] GC(39) MMU target violated: 21.0ms (20.0ms/21.0ms)
[2020-04-04T20:49:18.413+0500][gc,phases     ] GC(39)   Pre Evacuate Collection Set: 1.3ms
[2020-04-04T20:49:18.413+0500][gc,phases     ] GC(39)   Evacuate Collection Set: 34.6ms
[2020-04-04T20:49:18.413+0500][gc,phases     ] GC(39)   Post Evacuate Collection Set: 32.3ms
[2020-04-04T20:49:18.413+0500][gc,phases     ] GC(39)   Other: 0.9ms
[2020-04-04T20:49:18.413+0500][gc,heap       ] GC(39) Eden regions: 48->0(48)
[2020-04-04T20:49:18.413+0500][gc,heap       ] GC(39) Survivor regions: 3->3(7)
[2020-04-04T20:49:18.413+0500][gc,heap       ] GC(39) Old regions: 16->16
[2020-04-04T20:49:18.413+0500][gc,heap       ] GC(39) Humongous regions: 129->129
[2020-04-04T20:49:18.413+0500][gc,metaspace  ] GC(39) Metaspace: 47882K->47882K(1093632K)
[2020-04-04T20:49:18.414+0500][gc            ] GC(39) Pause Young (Normal) (G1 Evacuation Pause) 194M->147M(1024M) 69.354ms
[2020-04-04T20:49:18.414+0500][gc,cpu        ] GC(39) User=0.02s Sys=0.02s Real=0.07s
[2020-04-04T21:01:32.741+0500][gc,start      ] GC(40) Pause Young (Normal) (G1 Evacuation Pause)
[2020-04-04T21:01:32.742+0500][gc,task       ] GC(40) Using 4 workers of 4 for evacuation
[2020-04-04T21:01:32.747+0500][gc,phases     ] GC(40)   Pre Evacuate Collection Set: 0.1ms
[2020-04-04T21:01:32.747+0500][gc,phases     ] GC(40)   Evacuate Collection Set: 4.9ms
[2020-04-04T21:01:32.748+0500][gc,phases     ] GC(40)   Post Evacuate Collection Set: 0.3ms
[2020-04-04T21:01:32.748+0500][gc,phases     ] GC(40)   Other: 13.1ms
[2020-04-04T21:01:32.748+0500][gc,heap       ] GC(40) Eden regions: 48->0(48)
[2020-04-04T21:01:32.748+0500][gc,heap       ] GC(40) Survivor regions: 3->3(7)
[2020-04-04T21:01:32.748+0500][gc,heap       ] GC(40) Old regions: 16->16
[2020-04-04T21:01:32.748+0500][gc,heap       ] GC(40) Humongous regions: 129->129
[2020-04-04T21:01:32.748+0500][gc,metaspace  ] GC(40) Metaspace: 47886K->47886K(1093632K)
[2020-04-04T21:01:32.748+0500][gc            ] GC(40) Pause Young (Normal) (G1 Evacuation Pause) 195M->146M(1024M) 6.252ms
[2020-04-04T21:01:32.748+0500][gc,cpu        ] GC(40) User=0.01s Sys=0.00s Real=0.00s
[2020-04-04T21:14:29.796+0500][gc,start      ] GC(41) Pause Young (Normal) (G1 Evacuation Pause)
[2020-04-04T21:14:29.797+0500][gc,task       ] GC(41) Using 4 workers of 4 for evacuation
[2020-04-04T21:14:29.819+0500][gc,mmu        ] GC(41) MMU target violated: 21.0ms (20.0ms/21.0ms)
[2020-04-04T21:14:29.819+0500][gc,phases     ] GC(41)   Pre Evacuate Collection Set: 1.5ms
[2020-04-04T21:14:29.819+0500][gc,phases     ] GC(41)   Evacuate Collection Set: 18.8ms
[2020-04-04T21:14:29.819+0500][gc,phases     ] GC(41)   Post Evacuate Collection Set: 0.6ms
[2020-04-04T21:14:29.819+0500][gc,phases     ] GC(41)   Other: 2.7ms
[2020-04-04T21:14:29.819+0500][gc,heap       ] GC(41) Eden regions: 48->0(48)
[2020-04-04T21:14:29.819+0500][gc,heap       ] GC(41) Survivor regions: 3->3(7)
[2020-04-04T21:14:29.819+0500][gc,heap       ] GC(41) Old regions: 16->16
[2020-04-04T21:14:29.819+0500][gc,heap       ] GC(41) Humongous regions: 129->129
[2020-04-04T21:14:29.819+0500][gc,metaspace  ] GC(41) Metaspace: 47892K->47892K(1093632K)
[2020-04-04T21:14:29.819+0500][gc            ] GC(41) Pause Young (Normal) (G1 Evacuation Pause) 194M->146M(1024M) 23.865ms
[2020-04-04T21:14:29.819+0500][gc,cpu        ] GC(41) User=0.02s Sys=0.02s Real=0.02s
[2020-04-04T21:27:30.327+0500][gc,start      ] GC(42) Pause Young (Normal) (G1 Evacuation Pause)
[2020-04-04T21:27:30.327+0500][gc,task       ] GC(42) Using 4 workers of 4 for evacuation
[2020-04-04T21:27:30.336+0500][gc,phases     ] GC(42)   Pre Evacuate Collection Set: 0.0ms
[2020-04-04T21:27:30.336+0500][gc,phases     ] GC(42)   Evacuate Collection Set: 7.8ms
[2020-04-04T21:27:30.336+0500][gc,phases     ] GC(42)   Post Evacuate Collection Set: 0.5ms
[2020-04-04T21:27:30.336+0500][gc,phases     ] GC(42)   Other: 3.6ms
[2020-04-04T21:27:30.336+0500][gc,heap       ] GC(42) Eden regions: 48->0(48)
[2020-04-04T21:27:30.336+0500][gc,heap       ] GC(42) Survivor regions: 3->3(7)
[2020-04-04T21:27:30.336+0500][gc,heap       ] GC(42) Old regions: 16->16
[2020-04-04T21:27:30.336+0500][gc,heap       ] GC(42) Humongous regions: 129->129
[2020-04-04T21:27:30.336+0500][gc,metaspace  ] GC(42) Metaspace: 47892K->47892K(1093632K)
[2020-04-04T21:27:30.336+0500][gc            ] GC(42) Pause Young (Normal) (G1 Evacuation Pause) 194M->146M(1024M) 8.986ms
[2020-04-04T21:27:30.336+0500][gc,cpu        ] GC(42) User=0.01s Sys=0.01s Real=0.01s
[2020-04-04T21:40:30.458+0500][gc,start      ] GC(43) Pause Young (Normal) (G1 Evacuation Pause)
[2020-04-04T21:40:30.460+0500][gc,task       ] GC(43) Using 4 workers of 4 for evacuation
[2020-04-04T21:40:30.489+0500][gc,mmu        ] GC(43) MMU target violated: 21.0ms (20.0ms/21.0ms)
[2020-04-04T21:40:30.489+0500][gc,phases     ] GC(43)   Pre Evacuate Collection Set: 1.7ms
[2020-04-04T21:40:30.489+0500][gc,phases     ] GC(43)   Evacuate Collection Set: 26.1ms
[2020-04-04T21:40:30.489+0500][gc,phases     ] GC(43)   Post Evacuate Collection Set: 0.5ms
[2020-04-04T21:40:30.489+0500][gc,phases     ] GC(43)   Other: 2.4ms
[2020-04-04T21:40:30.489+0500][gc,heap       ] GC(43) Eden regions: 48->0(48)
[2020-04-04T21:40:30.489+0500][gc,heap       ] GC(43) Survivor regions: 3->3(7)
[2020-04-04T21:40:30.489+0500][gc,heap       ] GC(43) Old regions: 16->16
[2020-04-04T21:40:30.489+0500][gc,heap       ] GC(43) Humongous regions: 129->129
[2020-04-04T21:40:30.489+0500][gc,metaspace  ] GC(43) Metaspace: 47894K->47894K(1093632K)
[2020-04-04T21:40:30.489+0500][gc            ] GC(43) Pause Young (Normal) (G1 Evacuation Pause) 194M->147M(1024M) 30.920ms
[2020-04-04T21:40:30.489+0500][gc,cpu        ] GC(43) User=0.03s Sys=0.03s Real=0.03s
[2020-04-04T21:53:30.429+0500][gc,start      ] GC(44) Pause Young (Normal) (G1 Evacuation Pause)
[2020-04-04T21:53:30.430+0500][gc,task       ] GC(44) Using 4 workers of 4 for evacuation
[2020-04-04T21:53:30.446+0500][gc,phases     ] GC(44)   Pre Evacuate Collection Set: 1.6ms
[2020-04-04T21:53:30.446+0500][gc,phases     ] GC(44)   Evacuate Collection Set: 14.3ms
[2020-04-04T21:53:30.446+0500][gc,phases     ] GC(44)   Post Evacuate Collection Set: 0.4ms
[2020-04-04T21:53:30.447+0500][gc,phases     ] GC(44)   Other: 2.4ms
[2020-04-04T21:53:30.447+0500][gc,heap       ] GC(44) Eden regions: 48->0(48)
[2020-04-04T21:53:30.447+0500][gc,heap       ] GC(44) Survivor regions: 3->3(7)
[2020-04-04T21:53:30.447+0500][gc,heap       ] GC(44) Old regions: 16->16
[2020-04-04T21:53:30.447+0500][gc,heap       ] GC(44) Humongous regions: 129->129
[2020-04-04T21:53:30.447+0500][gc,metaspace  ] GC(44) Metaspace: 47895K->47895K(1093632K)
[2020-04-04T21:53:30.447+0500][gc            ] GC(44) Pause Young (Normal) (G1 Evacuation Pause) 195M->146M(1024M) 17.623ms
[2020-04-04T21:53:30.447+0500][gc,cpu        ] GC(44) User=0.03s Sys=0.03s Real=0.02s
[2020-04-04T22:05:48.738+0500][gc,start      ] GC(45) Pause Young (Normal) (G1 Evacuation Pause)
[2020-04-04T22:05:48.739+0500][gc,task       ] GC(45) Using 4 workers of 4 for evacuation
[2020-04-04T22:05:48.776+0500][gc,mmu        ] GC(45) MMU target violated: 21.0ms (20.0ms/21.0ms)
[2020-04-04T22:05:48.776+0500][gc,phases     ] GC(45)   Pre Evacuate Collection Set: 1.6ms
[2020-04-04T22:05:48.776+0500][gc,phases     ] GC(45)   Evacuate Collection Set: 33.7ms
[2020-04-04T22:05:48.776+0500][gc,phases     ] GC(45)   Post Evacuate Collection Set: 0.5ms
[2020-04-04T22:05:48.776+0500][gc,phases     ] GC(45)   Other: 2.4ms
[2020-04-04T22:05:48.776+0500][gc,heap       ] GC(45) Eden regions: 48->0(48)
[2020-04-04T22:05:48.776+0500][gc,heap       ] GC(45) Survivor regions: 3->3(7)
[2020-04-04T22:05:48.776+0500][gc,heap       ] GC(45) Old regions: 16->16
[2020-04-04T22:05:48.776+0500][gc,heap       ] GC(45) Humongous regions: 129->129
[2020-04-04T22:05:48.776+0500][gc,metaspace  ] GC(45) Metaspace: 47895K->47895K(1093632K)
[2020-04-04T22:05:48.776+0500][gc            ] GC(45) Pause Young (Normal) (G1 Evacuation Pause) 194M->147M(1024M) 38.359ms
[2020-04-04T22:05:48.776+0500][gc,cpu        ] GC(45) User=0.02s Sys=0.05s Real=0.04s
[2020-04-04T22:18:47.115+0500][gc,start      ] GC(46) Pause Young (Normal) (G1 Evacuation Pause)
[2020-04-04T22:18:47.116+0500][gc,task       ] GC(46) Using 4 workers of 4 for evacuation
[2020-04-04T22:18:47.144+0500][gc,mmu        ] GC(46) MMU target violated: 21.0ms (20.0ms/21.0ms)
[2020-04-04T22:18:47.144+0500][gc,phases     ] GC(46)   Pre Evacuate Collection Set: 2.2ms
[2020-04-04T22:18:47.144+0500][gc,phases     ] GC(46)   Evacuate Collection Set: 24.7ms
[2020-04-04T22:18:47.144+0500][gc,phases     ] GC(46)   Post Evacuate Collection Set: 0.4ms
[2020-04-04T22:18:47.145+0500][gc,phases     ] GC(46)   Other: 3.9ms
[2020-04-04T22:18:47.145+0500][gc,heap       ] GC(46) Eden regions: 48->0(48)
[2020-04-04T22:18:47.145+0500][gc,heap       ] GC(46) Survivor regions: 3->3(7)
[2020-04-04T22:18:47.145+0500][gc,heap       ] GC(46) Old regions: 16->16
[2020-04-04T22:18:47.145+0500][gc,heap       ] GC(46) Humongous regions: 129->129
[2020-04-04T22:18:47.145+0500][gc,metaspace  ] GC(46) Metaspace: 47896K->47896K(1093632K)
[2020-04-04T22:18:47.145+0500][gc            ] GC(46) Pause Young (Normal) (G1 Evacuation Pause) 195M->146M(1024M) 29.321ms
[2020-04-04T22:18:47.145+0500][gc,cpu        ] GC(46) User=0.02s Sys=0.03s Real=0.03s
[2020-04-04T22:31:46.074+0500][gc,start      ] GC(47) Pause Young (Normal) (G1 Evacuation Pause)
[2020-04-04T22:31:46.074+0500][gc,task       ] GC(47) Using 4 workers of 4 for evacuation
[2020-04-04T22:31:46.103+0500][gc,mmu        ] GC(47) MMU target violated: 21.0ms (20.0ms/21.0ms)
[2020-04-04T22:31:46.103+0500][gc,phases     ] GC(47)   Pre Evacuate Collection Set: 1.6ms
[2020-04-04T22:31:46.103+0500][gc,phases     ] GC(47)   Evacuate Collection Set: 26.0ms
[2020-04-04T22:31:46.103+0500][gc,phases     ] GC(47)   Post Evacuate Collection Set: 0.5ms
[2020-04-04T22:31:46.103+0500][gc,phases     ] GC(47)   Other: 0.9ms
[2020-04-04T22:31:46.103+0500][gc,heap       ] GC(47) Eden regions: 48->0(48)
[2020-04-04T22:31:46.103+0500][gc,heap       ] GC(47) Survivor regions: 3->3(7)
[2020-04-04T22:31:46.103+0500][gc,heap       ] GC(47) Old regions: 16->16
[2020-04-04T22:31:46.103+0500][gc,heap       ] GC(47) Humongous regions: 129->129
[2020-04-04T22:31:46.103+0500][gc,metaspace  ] GC(47) Metaspace: 47925K->47925K(1093632K)
[2020-04-04T22:31:46.103+0500][gc            ] GC(47) Pause Young (Normal) (G1 Evacuation Pause) 194M->147M(1024M) 29.215ms
[2020-04-04T22:31:46.103+0500][gc,cpu        ] GC(47) User=0.02s Sys=0.02s Real=0.03s
[2020-04-04T22:44:45.449+0500][gc,start      ] GC(48) Pause Young (Normal) (G1 Evacuation Pause)
[2020-04-04T22:44:45.450+0500][gc,task       ] GC(48) Using 4 workers of 4 for evacuation
[2020-04-04T22:44:45.467+0500][gc,phases     ] GC(48)   Pre Evacuate Collection Set: 1.7ms
[2020-04-04T22:44:45.468+0500][gc,phases     ] GC(48)   Evacuate Collection Set: 15.0ms
[2020-04-04T22:44:45.468+0500][gc,phases     ] GC(48)   Post Evacuate Collection Set: 0.4ms
[2020-04-04T22:44:45.468+0500][gc,phases     ] GC(48)   Other: 5.0ms
[2020-04-04T22:44:45.468+0500][gc,heap       ] GC(48) Eden regions: 48->0(48)
[2020-04-04T22:44:45.468+0500][gc,heap       ] GC(48) Survivor regions: 3->3(7)
[2020-04-04T22:44:45.468+0500][gc,heap       ] GC(48) Old regions: 16->16
[2020-04-04T22:44:45.468+0500][gc,heap       ] GC(48) Humongous regions: 129->129
[2020-04-04T22:44:45.468+0500][gc,metaspace  ] GC(48) Metaspace: 47926K->47926K(1093632K)
[2020-04-04T22:44:45.468+0500][gc            ] GC(48) Pause Young (Normal) (G1 Evacuation Pause) 195M->146M(1024M) 18.232ms
[2020-04-04T22:44:45.468+0500][gc,cpu        ] GC(48) User=0.02s Sys=0.03s Real=0.02s
[2020-04-04T22:57:48.154+0500][gc,start      ] GC(49) Pause Young (Normal) (G1 Evacuation Pause)
[2020-04-04T22:57:48.154+0500][gc,task       ] GC(49) Using 4 workers of 4 for evacuation
[2020-04-04T22:57:48.171+0500][gc,phases     ] GC(49)   Pre Evacuate Collection Set: 0.2ms
[2020-04-04T22:57:48.171+0500][gc,phases     ] GC(49)   Evacuate Collection Set: 16.2ms
[2020-04-04T22:57:48.171+0500][gc,phases     ] GC(49)   Post Evacuate Collection Set: 0.3ms
[2020-04-04T22:57:48.171+0500][gc,phases     ] GC(49)   Other: 0.5ms
[2020-04-04T22:57:48.171+0500][gc,heap       ] GC(49) Eden regions: 48->0(47)
[2020-04-04T22:57:48.171+0500][gc,heap       ] GC(49) Survivor regions: 3->4(7)
[2020-04-04T22:57:48.171+0500][gc,heap       ] GC(49) Old regions: 16->16
[2020-04-04T22:57:48.171+0500][gc,heap       ] GC(49) Humongous regions: 129->129
[2020-04-04T22:57:48.171+0500][gc,metaspace  ] GC(49) Metaspace: 47929K->47929K(1093632K)
[2020-04-04T22:57:48.171+0500][gc            ] GC(49) Pause Young (Normal) (G1 Evacuation Pause) 194M->147M(1024M) 17.332ms
[2020-04-04T22:57:48.171+0500][gc,cpu        ] GC(49) User=0.02s Sys=0.02s Real=0.02s
[2020-04-04T23:09:45.731+0500][gc,start      ] GC(50) Pause Young (Normal) (G1 Evacuation Pause)
[2020-04-04T23:09:45.732+0500][gc,task       ] GC(50) Using 4 workers of 4 for evacuation
[2020-04-04T23:09:45.749+0500][gc,phases     ] GC(50)   Pre Evacuate Collection Set: 1.7ms
[2020-04-04T23:09:45.750+0500][gc,phases     ] GC(50)   Evacuate Collection Set: 14.5ms
[2020-04-04T23:09:45.750+0500][gc,phases     ] GC(50)   Post Evacuate Collection Set: 0.5ms
[2020-04-04T23:09:45.750+0500][gc,phases     ] GC(50)   Other: 2.1ms
[2020-04-04T23:09:45.750+0500][gc,heap       ] GC(50) Eden regions: 47->0(54)
[2020-04-04T23:09:45.750+0500][gc,heap       ] GC(50) Survivor regions: 4->3(7)
[2020-04-04T23:09:45.750+0500][gc,heap       ] GC(50) Old regions: 16->16
[2020-04-04T23:09:45.750+0500][gc,heap       ] GC(50) Humongous regions: 129->129
[2020-04-04T23:09:45.750+0500][gc,metaspace  ] GC(50) Metaspace: 47929K->47929K(1093632K)
[2020-04-04T23:09:45.750+0500][gc            ] GC(50) Pause Young (Normal) (G1 Evacuation Pause) 194M->146M(1024M) 19.004ms
[2020-04-04T23:09:45.750+0500][gc,cpu        ] GC(50) User=0.02s Sys=0.03s Real=0.02s
[2020-04-04T23:24:21.328+0500][gc,start      ] GC(51) Pause Young (Normal) (G1 Evacuation Pause)
[2020-04-04T23:24:21.330+0500][gc,task       ] GC(51) Using 4 workers of 4 for evacuation
[2020-04-04T23:24:21.342+0500][gc,phases     ] GC(51)   Pre Evacuate Collection Set: 1.4ms
[2020-04-04T23:24:21.342+0500][gc,phases     ] GC(51)   Evacuate Collection Set: 9.3ms
[2020-04-04T23:24:21.342+0500][gc,phases     ] GC(51)   Post Evacuate Collection Set: 0.4ms
[2020-04-04T23:24:21.342+0500][gc,phases     ] GC(51)   Other: 2.7ms
[2020-04-04T23:24:21.342+0500][gc,heap       ] GC(51) Eden regions: 54->0(611)
[2020-04-04T23:24:21.342+0500][gc,heap       ] GC(51) Survivor regions: 3->3(8)
[2020-04-04T23:24:21.342+0500][gc,heap       ] GC(51) Old regions: 16->16
[2020-04-04T23:24:21.342+0500][gc,heap       ] GC(51) Humongous regions: 129->129
[2020-04-04T23:24:21.342+0500][gc,metaspace  ] GC(51) Metaspace: 47929K->47929K(1093632K)
[2020-04-04T23:24:21.342+0500][gc            ] GC(51) Pause Young (Normal) (G1 Evacuation Pause) 200M->146M(1024M) 13.994ms
[2020-04-04T23:24:21.342+0500][gc,cpu        ] GC(51) User=0.01s Sys=0.02s Real=0.02s
[2020-04-05T02:51:15.391+0500][gc,start      ] GC(52) Pause Young (Normal) (G1 Evacuation Pause)
[2020-04-05T02:51:15.395+0500][gc,task       ] GC(52) Using 4 workers of 4 for evacuation
[2020-04-05T02:51:15.474+0500][gc,mmu        ] GC(52) MMU target violated: 21.0ms (20.0ms/21.0ms)
[2020-04-05T02:51:15.474+0500][gc,phases     ] GC(52)   Pre Evacuate Collection Set: 4.6ms
[2020-04-05T02:51:15.474+0500][gc,phases     ] GC(52)   Evacuate Collection Set: 59.1ms
[2020-04-05T02:51:15.474+0500][gc,phases     ] GC(52)   Post Evacuate Collection Set: 4.8ms
[2020-04-05T02:51:15.474+0500][gc,phases     ] GC(52)   Other: 34.5ms
[2020-04-05T02:51:15.474+0500][gc,heap       ] GC(52) Eden regions: 611->0(48)
[2020-04-05T02:51:15.474+0500][gc,heap       ] GC(52) Survivor regions: 3->3(77)
[2020-04-05T02:51:15.474+0500][gc,heap       ] GC(52) Old regions: 16->16
[2020-04-05T02:51:15.474+0500][gc,heap       ] GC(52) Humongous regions: 129->129
[2020-04-05T02:51:15.474+0500][gc,metaspace  ] GC(52) Metaspace: 47964K->47964K(1093632K)
[2020-04-05T02:51:15.474+0500][gc            ] GC(52) Pause Young (Normal) (G1 Evacuation Pause) 757M->146M(1024M) 83.292ms
[2020-04-05T02:51:15.474+0500][gc,cpu        ] GC(52) User=0.03s Sys=0.10s Real=0.08s
[2020-04-05T03:13:21.917+0500][gc,start      ] GC(53) Pause Young (Normal) (G1 Evacuation Pause)
[2020-04-05T03:13:21.921+0500][gc,task       ] GC(53) Using 4 workers of 4 for evacuation
[2020-04-05T03:13:21.958+0500][gc,mmu        ] GC(53) MMU target violated: 21.0ms (20.0ms/21.0ms)
[2020-04-05T03:13:21.958+0500][gc,phases     ] GC(53)   Pre Evacuate Collection Set: 1.6ms
[2020-04-05T03:13:21.958+0500][gc,phases     ] GC(53)   Evacuate Collection Set: 33.8ms
[2020-04-05T03:13:21.958+0500][gc,phases     ] GC(53)   Post Evacuate Collection Set: 1.1ms
[2020-04-05T03:13:21.958+0500][gc,phases     ] GC(53)   Other: 4.2ms
[2020-04-05T03:13:21.958+0500][gc,heap       ] GC(53) Eden regions: 48->0(48)
[2020-04-05T03:13:21.958+0500][gc,heap       ] GC(53) Survivor regions: 3->3(7)
[2020-04-05T03:13:21.958+0500][gc,heap       ] GC(53) Old regions: 16->16
[2020-04-05T03:13:21.958+0500][gc,heap       ] GC(53) Humongous regions: 129->129
[2020-04-05T03:13:21.958+0500][gc,metaspace  ] GC(53) Metaspace: 47965K->47965K(1093632K)
[2020-04-05T03:13:21.958+0500][gc            ] GC(53) Pause Young (Normal) (G1 Evacuation Pause) 194M->146M(1024M) 40.882ms
[2020-04-05T03:13:21.958+0500][gc,cpu        ] GC(53) User=0.02s Sys=0.04s Real=0.04s
[2020-04-05T03:34:05.700+0500][gc,start      ] GC(54) Pause Young (Normal) (G1 Evacuation Pause)
[2020-04-05T03:34:05.700+0500][gc,task       ] GC(54) Using 4 workers of 4 for evacuation
[2020-04-05T03:34:05.732+0500][gc,mmu        ] GC(54) MMU target violated: 21.0ms (20.0ms/21.0ms)
[2020-04-05T03:34:05.732+0500][gc,phases     ] GC(54)   Pre Evacuate Collection Set: 1.7ms
[2020-04-05T03:34:05.732+0500][gc,phases     ] GC(54)   Evacuate Collection Set: 29.4ms
[2020-04-05T03:34:05.732+0500][gc,phases     ] GC(54)   Post Evacuate Collection Set: 0.9ms
[2020-04-05T03:34:05.733+0500][gc,phases     ] GC(54)   Other: 0.6ms
[2020-04-05T03:34:05.733+0500][gc,heap       ] GC(54) Eden regions: 48->0(48)
[2020-04-05T03:34:05.733+0500][gc,heap       ] GC(54) Survivor regions: 3->3(7)
[2020-04-05T03:34:05.733+0500][gc,heap       ] GC(54) Old regions: 16->16
[2020-04-05T03:34:05.733+0500][gc,heap       ] GC(54) Humongous regions: 129->129
[2020-04-05T03:34:05.733+0500][gc,metaspace  ] GC(54) Metaspace: 48279K->48279K(1093632K)
[2020-04-05T03:34:05.733+0500][gc            ] GC(54) Pause Young (Normal) (G1 Evacuation Pause) 194M->147M(1024M) 32.776ms
[2020-04-05T03:34:05.733+0500][gc,cpu        ] GC(54) User=0.02s Sys=0.04s Real=0.03s
[2020-04-05T03:34:08.354+0500][gc,heap,exit  ] Heap
[2020-04-05T03:34:08.354+0500][gc,heap,exit  ]  garbage-first heap   total 1048576K, used 154735K [0x00000007c0000000, 0x0000000800000000)
[2020-04-05T03:34:08.354+0500][gc,heap,exit  ]   region size 1024K, 9 young (9216K), 3 survivors (3072K)
[2020-04-05T03:34:08.354+0500][gc,heap,exit  ]  Metaspace       used 48674K, capacity 51393K, committed 51664K, reserved 1093632K
[2020-04-05T03:34:08.354+0500][gc,heap,exit  ]   class space    used 6379K, capacity 7664K, committed 7680K, reserved 1048576K
