[2020-04-06T20:42:21.199+0500][gc            ] GC(82) Pause Young (Normal) (G1 Evacuation Pause) 194M->147M(1024M) 11.428ms
[2020-04-06T20:42:21.199+0500][gc,cpu        ] GC(82) User=0.02s Sys=0.00s Real=0.01s
[2020-04-06T21:04:22.900+0500][gc,start      ] GC(83) Pause Young (Normal) (G1 Evacuation Pause)
[2020-04-06T21:04:22.903+0500][gc,task       ] GC(83) Using 4 workers of 4 for evacuation
[2020-04-06T21:04:22.909+0500][gc,phases     ] GC(83)   Pre Evacuate Collection Set: 0.0ms
[2020-04-06T21:04:22.910+0500][gc,phases     ] GC(83)   Evacuate Collection Set: 5.5ms
[2020-04-06T21:04:22.910+0500][gc,phases     ] GC(83)   Post Evacuate Collection Set: 0.3ms
[2020-04-06T21:04:22.910+0500][gc,phases     ] GC(83)   Other: 3.8ms
[2020-04-06T21:04:22.910+0500][gc,heap       ] GC(83) Eden regions: 47->0(47)
[2020-04-06T21:04:22.910+0500][gc,heap       ] GC(83) Survivor regions: 4->4(7)
[2020-04-06T21:04:22.910+0500][gc,heap       ] GC(83) Old regions: 16->16
[2020-04-06T21:04:22.910+0500][gc,heap       ] GC(83) Humongous regions: 129->129
[2020-04-06T21:04:22.910+0500][gc,metaspace  ] GC(83) Metaspace: 48137K->48137K(1093632K)
[2020-04-06T21:04:22.910+0500][gc            ] GC(83) Pause Young (Normal) (G1 Evacuation Pause) 194M->147M(1024M) 9.902ms
[2020-04-06T21:04:22.910+0500][gc,cpu        ] GC(83) User=0.02s Sys=0.00s Real=0.01s
[2020-04-06T21:26:19.358+0500][gc,start      ] GC(84) Pause Young (Normal) (G1 Evacuation Pause)
[2020-04-06T21:26:19.359+0500][gc,task       ] GC(84) Using 4 workers of 4 for evacuation
[2020-04-06T21:26:19.390+0500][gc,mmu        ] GC(84) MMU target violated: 21.0ms (20.0ms/21.0ms)
[2020-04-06T21:26:19.390+0500][gc,phases     ] GC(84)   Pre Evacuate Collection Set: 1.9ms
[2020-04-06T21:26:19.390+0500][gc,phases     ] GC(84)   Evacuate Collection Set: 28.0ms
[2020-04-06T21:26:19.390+0500][gc,phases     ] GC(84)   Post Evacuate Collection Set: 0.5ms
[2020-04-06T21:26:19.390+0500][gc,phases     ] GC(84)   Other: 1.8ms
[2020-04-06T21:26:19.390+0500][gc,heap       ] GC(84) Eden regions: 47->0(47)
[2020-04-06T21:26:19.390+0500][gc,heap       ] GC(84) Survivor regions: 4->4(7)
[2020-04-06T21:26:19.390+0500][gc,heap       ] GC(84) Old regions: 16->16
[2020-04-06T21:26:19.390+0500][gc,heap       ] GC(84) Humongous regions: 129->129
[2020-04-06T21:26:19.390+0500][gc,metaspace  ] GC(84) Metaspace: 48139K->48139K(1093632K)
[2020-04-06T21:26:19.390+0500][gc            ] GC(84) Pause Young (Normal) (G1 Evacuation Pause) 194M->147M(1024M) 32.336ms
[2020-04-06T21:26:19.390+0500][gc,cpu        ] GC(84) User=0.02s Sys=0.05s Real=0.04s
[2020-04-06T21:48:16.137+0500][gc,start      ] GC(85) Pause Young (Normal) (G1 Evacuation Pause)
[2020-04-06T21:48:16.138+0500][gc,task       ] GC(85) Using 4 workers of 4 for evacuation
[2020-04-06T21:48:16.163+0500][gc,mmu        ] GC(85) MMU target violated: 21.0ms (20.0ms/21.0ms)
[2020-04-06T21:48:16.163+0500][gc,phases     ] GC(85)   Pre Evacuate Collection Set: 1.8ms
[2020-04-06T21:48:16.163+0500][gc,phases     ] GC(85)   Evacuate Collection Set: 22.7ms
[2020-04-06T21:48:16.163+0500][gc,phases     ] GC(85)   Post Evacuate Collection Set: 0.5ms
[2020-04-06T21:48:16.164+0500][gc,phases     ] GC(85)   Other: 1.6ms
[2020-04-06T21:48:16.164+0500][gc,heap       ] GC(85) Eden regions: 47->0(47)
[2020-04-06T21:48:16.164+0500][gc,heap       ] GC(85) Survivor regions: 4->4(7)
[2020-04-06T21:48:16.164+0500][gc,heap       ] GC(85) Old regions: 16->16
[2020-04-06T21:48:16.164+0500][gc,heap       ] GC(85) Humongous regions: 129->129
[2020-04-06T21:48:16.164+0500][gc,metaspace  ] GC(85) Metaspace: 48139K->48139K(1093632K)
[2020-04-06T21:48:16.164+0500][gc            ] GC(85) Pause Young (Normal) (G1 Evacuation Pause) 194M->147M(1024M) 26.619ms
[2020-04-06T21:48:16.164+0500][gc,cpu        ] GC(85) User=0.02s Sys=0.06s Real=0.03s
[2020-04-06T22:10:11.219+0500][gc,start      ] GC(86) Pause Young (Normal) (G1 Evacuation Pause)
[2020-04-06T22:10:11.220+0500][gc,task       ] GC(86) Using 4 workers of 4 for evacuation
[2020-04-06T22:10:11.228+0500][gc,phases     ] GC(86)   Pre Evacuate Collection Set: 0.1ms
[2020-04-06T22:10:11.228+0500][gc,phases     ] GC(86)   Evacuate Collection Set: 7.8ms
[2020-04-06T22:10:11.228+0500][gc,phases     ] GC(86)   Post Evacuate Collection Set: 0.3ms
[2020-04-06T22:10:11.228+0500][gc,phases     ] GC(86)   Other: 0.6ms
[2020-04-06T22:10:11.228+0500][gc,heap       ] GC(86) Eden regions: 47->0(47)
[2020-04-06T22:10:11.228+0500][gc,heap       ] GC(86) Survivor regions: 4->4(7)
[2020-04-06T22:10:11.228+0500][gc,heap       ] GC(86) Old regions: 16->16
[2020-04-06T22:10:11.228+0500][gc,heap       ] GC(86) Humongous regions: 129->129
[2020-04-06T22:10:11.228+0500][gc,metaspace  ] GC(86) Metaspace: 48139K->48139K(1093632K)
[2020-04-06T22:10:11.229+0500][gc            ] GC(86) Pause Young (Normal) (G1 Evacuation Pause) 194M->147M(1024M) 9.058ms
[2020-04-06T22:10:11.229+0500][gc,cpu        ] GC(86) User=0.02s Sys=0.00s Real=0.01s
[2020-04-06T22:32:08.380+0500][gc,start      ] GC(87) Pause Young (Normal) (G1 Evacuation Pause)
[2020-04-06T22:32:08.382+0500][gc,task       ] GC(87) Using 4 workers of 4 for evacuation
[2020-04-06T22:32:08.407+0500][gc,mmu        ] GC(87) MMU target violated: 21.0ms (20.0ms/21.0ms)
[2020-04-06T22:32:08.407+0500][gc,phases     ] GC(87)   Pre Evacuate Collection Set: 3.0ms
[2020-04-06T22:32:08.407+0500][gc,phases     ] GC(87)   Evacuate Collection Set: 21.4ms
[2020-04-06T22:32:08.408+0500][gc,phases     ] GC(87)   Post Evacuate Collection Set: 0.4ms
[2020-04-06T22:32:08.408+0500][gc,phases     ] GC(87)   Other: 2.7ms
[2020-04-06T22:32:08.408+0500][gc,heap       ] GC(87) Eden regions: 47->0(48)
[2020-04-06T22:32:08.408+0500][gc,heap       ] GC(87) Survivor regions: 4->3(7)
[2020-04-06T22:32:08.408+0500][gc,heap       ] GC(87) Old regions: 16->16
[2020-04-06T22:32:08.408+0500][gc,heap       ] GC(87) Humongous regions: 129->129
[2020-04-06T22:32:08.408+0500][gc,metaspace  ] GC(87) Metaspace: 48139K->48139K(1093632K)
[2020-04-06T22:32:08.408+0500][gc            ] GC(87) Pause Young (Normal) (G1 Evacuation Pause) 194M->147M(1024M) 27.594ms
[2020-04-06T22:32:08.408+0500][gc,cpu        ] GC(87) User=0.02s Sys=0.05s Real=0.02s
[2020-04-06T22:54:27.747+0500][gc,start      ] GC(88) Pause Young (Normal) (G1 Evacuation Pause)
[2020-04-06T22:54:27.750+0500][gc,task       ] GC(88) Using 4 workers of 4 for evacuation
[2020-04-06T22:54:27.770+0500][gc,phases     ] GC(88)   Pre Evacuate Collection Set: 0.1ms
[2020-04-06T22:54:27.770+0500][gc,phases     ] GC(88)   Evacuate Collection Set: 19.4ms
[2020-04-06T22:54:27.770+0500][gc,phases     ] GC(88)   Post Evacuate Collection Set: 0.3ms
[2020-04-06T22:54:27.770+0500][gc,phases     ] GC(88)   Other: 3.6ms
[2020-04-06T22:54:27.770+0500][gc,heap       ] GC(88) Eden regions: 48->0(48)
[2020-04-06T22:54:27.770+0500][gc,heap       ] GC(88) Survivor regions: 3->3(7)
[2020-04-06T22:54:27.770+0500][gc,heap       ] GC(88) Old regions: 16->16
[2020-04-06T22:54:27.770+0500][gc,heap       ] GC(88) Humongous regions: 129->129
[2020-04-06T22:54:27.770+0500][gc,metaspace  ] GC(88) Metaspace: 48139K->48139K(1093632K)
[2020-04-06T22:54:27.771+0500][gc            ] GC(88) Pause Young (Normal) (G1 Evacuation Pause) 195M->147M(1024M) 23.532ms
[2020-04-06T22:54:27.771+0500][gc,cpu        ] GC(88) User=0.02s Sys=0.01s Real=0.03s
[2020-04-06T23:16:55.978+0500][gc,start      ] GC(89) Pause Young (Normal) (G1 Evacuation Pause)
[2020-04-06T23:16:55.981+0500][gc,task       ] GC(89) Using 4 workers of 4 for evacuation
[2020-04-06T23:16:55.987+0500][gc,phases     ] GC(89)   Pre Evacuate Collection Set: 0.0ms
[2020-04-06T23:16:55.987+0500][gc,phases     ] GC(89)   Evacuate Collection Set: 5.3ms
[2020-04-06T23:16:55.987+0500][gc,phases     ] GC(89)   Post Evacuate Collection Set: 0.2ms
[2020-04-06T23:16:55.987+0500][gc,phases     ] GC(89)   Other: 3.5ms
[2020-04-06T23:16:55.987+0500][gc,heap       ] GC(89) Eden regions: 48->0(48)
[2020-04-06T23:16:55.987+0500][gc,heap       ] GC(89) Survivor regions: 3->3(7)
[2020-04-06T23:16:55.987+0500][gc,heap       ] GC(89) Old regions: 16->16
[2020-04-06T23:16:55.988+0500][gc,heap       ] GC(89) Humongous regions: 129->129
[2020-04-06T23:16:55.988+0500][gc,metaspace  ] GC(89) Metaspace: 48141K->48141K(1093632K)
[2020-04-06T23:16:55.988+0500][gc            ] GC(89) Pause Young (Normal) (G1 Evacuation Pause) 195M->147M(1024M) 9.241ms
[2020-04-06T23:16:55.988+0500][gc,cpu        ] GC(89) User=0.02s Sys=0.00s Real=0.01s
[2020-04-06T23:39:19.181+0500][gc,start      ] GC(90) Pause Young (Normal) (G1 Evacuation Pause)
[2020-04-06T23:39:19.182+0500][gc,task       ] GC(90) Using 4 workers of 4 for evacuation
[2020-04-06T23:39:19.203+0500][gc,mmu        ] GC(90) MMU target violated: 20.7ms (20.0ms/21.0ms)
[2020-04-06T23:39:19.203+0500][gc,phases     ] GC(90)   Pre Evacuate Collection Set: 1.5ms
[2020-04-06T23:39:19.203+0500][gc,phases     ] GC(90)   Evacuate Collection Set: 18.4ms
[2020-04-06T23:39:19.203+0500][gc,phases     ] GC(90)   Post Evacuate Collection Set: 0.4ms
[2020-04-06T23:39:19.203+0500][gc,phases     ] GC(90)   Other: 1.4ms
[2020-04-06T23:39:19.203+0500][gc,heap       ] GC(90) Eden regions: 48->0(48)
[2020-04-06T23:39:19.203+0500][gc,heap       ] GC(90) Survivor regions: 3->3(7)
[2020-04-06T23:39:19.203+0500][gc,heap       ] GC(90) Old regions: 16->16
[2020-04-06T23:39:19.203+0500][gc,heap       ] GC(90) Humongous regions: 129->129
[2020-04-06T23:39:19.203+0500][gc,metaspace  ] GC(90) Metaspace: 48207K->48207K(1093632K)
[2020-04-06T23:39:19.203+0500][gc            ] GC(90) Pause Young (Normal) (G1 Evacuation Pause) 195M->147M(1024M) 21.865ms
[2020-04-06T23:39:19.203+0500][gc,cpu        ] GC(90) User=0.02s Sys=0.04s Real=0.02s
[2020-04-07T08:16:48.033+0500][gc,start      ] GC(91) Pause Young (Normal) (G1 Evacuation Pause)
[2020-04-07T08:16:48.036+0500][gc,task       ] GC(91) Using 4 workers of 4 for evacuation
[2020-04-07T08:16:48.052+0500][gc,phases     ] GC(91)   Pre Evacuate Collection Set: 2.7ms
[2020-04-07T08:16:48.052+0500][gc,phases     ] GC(91)   Evacuate Collection Set: 12.8ms
[2020-04-07T08:16:48.052+0500][gc,phases     ] GC(91)   Post Evacuate Collection Set: 0.4ms
[2020-04-07T08:16:48.052+0500][gc,phases     ] GC(91)   Other: 3.5ms
[2020-04-07T08:16:48.052+0500][gc,heap       ] GC(91) Eden regions: 48->0(50)
[2020-04-07T08:16:48.052+0500][gc,heap       ] GC(91) Survivor regions: 3->1(7)
[2020-04-07T08:16:48.052+0500][gc,heap       ] GC(91) Old regions: 16->18
[2020-04-07T08:16:48.052+0500][gc,heap       ] GC(91) Humongous regions: 129->129
[2020-04-07T08:16:48.052+0500][gc,metaspace  ] GC(91) Metaspace: 48286K->48286K(1093632K)
[2020-04-07T08:16:48.052+0500][gc            ] GC(91) Pause Young (Normal) (G1 Evacuation Pause) 195M->147M(1024M) 19.587ms
[2020-04-07T08:16:48.052+0500][gc,cpu        ] GC(91) User=0.02s Sys=0.02s Real=0.02s
[2020-04-07T08:47:12.899+0500][gc,start      ] GC(92) Pause Young (Normal) (G1 Evacuation Pause)
[2020-04-07T08:47:12.901+0500][gc,task       ] GC(92) Using 4 workers of 4 for evacuation
[2020-04-07T08:47:12.910+0500][gc,phases     ] GC(92)   Pre Evacuate Collection Set: 1.8ms
[2020-04-07T08:47:12.910+0500][gc,phases     ] GC(92)   Evacuate Collection Set: 6.3ms
[2020-04-07T08:47:12.910+0500][gc,phases     ] GC(92)   Post Evacuate Collection Set: 0.5ms
[2020-04-07T08:47:12.910+0500][gc,phases     ] GC(92)   Other: 2.3ms
[2020-04-07T08:47:12.910+0500][gc,heap       ] GC(92) Eden regions: 50->0(52)
[2020-04-07T08:47:12.910+0500][gc,heap       ] GC(92) Survivor regions: 1->1(7)
[2020-04-07T08:47:12.910+0500][gc,heap       ] GC(92) Old regions: 18->18
[2020-04-07T08:47:12.910+0500][gc,heap       ] GC(92) Humongous regions: 129->129
[2020-04-07T08:47:12.910+0500][gc,metaspace  ] GC(92) Metaspace: 48289K->48289K(1093632K)
[2020-04-07T08:47:12.910+0500][gc            ] GC(92) Pause Young (Normal) (G1 Evacuation Pause) 197M->147M(1024M) 11.126ms
[2020-04-07T08:47:12.910+0500][gc,cpu        ] GC(92) User=0.01s Sys=0.02s Real=0.02s
[2020-04-07T09:11:30.746+0500][gc,start      ] GC(93) Pause Young (Normal) (G1 Evacuation Pause)
[2020-04-07T09:11:30.749+0500][gc,task       ] GC(93) Using 4 workers of 4 for evacuation
[2020-04-07T09:11:30.759+0500][gc,phases     ] GC(93)   Pre Evacuate Collection Set: 1.8ms
[2020-04-07T09:11:30.759+0500][gc,phases     ] GC(93)   Evacuate Collection Set: 7.7ms
[2020-04-07T09:11:30.760+0500][gc,phases     ] GC(93)   Post Evacuate Collection Set: 0.5ms
[2020-04-07T09:11:30.760+0500][gc,phases     ] GC(93)   Other: 3.2ms
[2020-04-07T09:11:30.760+0500][gc,heap       ] GC(93) Eden regions: 52->0(53)
[2020-04-07T09:11:30.760+0500][gc,heap       ] GC(93) Survivor regions: 1->1(7)
[2020-04-07T09:11:30.760+0500][gc,heap       ] GC(93) Old regions: 18->19
[2020-04-07T09:11:30.760+0500][gc,heap       ] GC(93) Humongous regions: 129->129
[2020-04-07T09:11:30.760+0500][gc,metaspace  ] GC(93) Metaspace: 48292K->48292K(1093632K)
[2020-04-07T09:11:30.760+0500][gc            ] GC(93) Pause Young (Normal) (G1 Evacuation Pause) 199M->147M(1024M) 13.353ms
[2020-04-07T09:11:30.760+0500][gc,cpu        ] GC(93) User=0.01s Sys=0.02s Real=0.02s
[2020-04-07T09:36:16.907+0500][gc,start      ] GC(94) Pause Young (Normal) (G1 Evacuation Pause)
[2020-04-07T09:36:16.911+0500][gc,task       ] GC(94) Using 4 workers of 4 for evacuation
[2020-04-07T09:36:16.925+0500][gc,phases     ] GC(94)   Pre Evacuate Collection Set: 0.0ms
[2020-04-07T09:36:16.925+0500][gc,phases     ] GC(94)   Evacuate Collection Set: 13.2ms
[2020-04-07T09:36:16.925+0500][gc,phases     ] GC(94)   Post Evacuate Collection Set: 0.2ms
[2020-04-07T09:36:16.925+0500][gc,phases     ] GC(94)   Other: 4.1ms
[2020-04-07T09:36:16.925+0500][gc,heap       ] GC(94) Eden regions: 53->0(50)
[2020-04-07T09:36:16.925+0500][gc,heap       ] GC(94) Survivor regions: 1->1(7)
[2020-04-07T09:36:16.925+0500][gc,heap       ] GC(94) Old regions: 19->19
[2020-04-07T09:36:16.925+0500][gc,heap       ] GC(94) Humongous regions: 129->129
[2020-04-07T09:36:16.925+0500][gc,metaspace  ] GC(94) Metaspace: 48292K->48292K(1093632K)
[2020-04-07T09:36:16.925+0500][gc            ] GC(94) Pause Young (Normal) (G1 Evacuation Pause) 200M->147M(1024M) 17.807ms
[2020-04-07T09:36:16.925+0500][gc,cpu        ] GC(94) User=0.01s Sys=0.01s Real=0.02s
[2020-04-07T09:59:45.559+0500][gc,start      ] GC(95) Pause Young (Normal) (G1 Evacuation Pause)
[2020-04-07T09:59:45.563+0500][gc,task       ] GC(95) Using 4 workers of 4 for evacuation
[2020-04-07T09:59:45.574+0500][gc,phases     ] GC(95)   Pre Evacuate Collection Set: 1.8ms
[2020-04-07T09:59:45.574+0500][gc,phases     ] GC(95)   Evacuate Collection Set: 7.7ms
[2020-04-07T09:59:45.574+0500][gc,phases     ] GC(95)   Post Evacuate Collection Set: 0.5ms
[2020-04-07T09:59:45.574+0500][gc,phases     ] GC(95)   Other: 4.7ms
[2020-04-07T09:59:45.574+0500][gc,heap       ] GC(95) Eden regions: 50->0(50)
[2020-04-07T09:59:45.574+0500][gc,heap       ] GC(95) Survivor regions: 1->1(7)
[2020-04-07T09:59:45.574+0500][gc,heap       ] GC(95) Old regions: 19->19
[2020-04-07T09:59:45.574+0500][gc,heap       ] GC(95) Humongous regions: 129->129
[2020-04-07T09:59:45.574+0500][gc,metaspace  ] GC(95) Metaspace: 48293K->48293K(1093632K)
[2020-04-07T09:59:45.574+0500][gc            ] GC(95) Pause Young (Normal) (G1 Evacuation Pause) 197M->147M(1024M) 14.927ms
[2020-04-07T09:59:45.574+0500][gc,cpu        ] GC(95) User=0.01s Sys=0.02s Real=0.02s
[2020-04-07T10:25:22.824+0500][gc,start      ] GC(96) Pause Young (Normal) (G1 Evacuation Pause)
[2020-04-07T10:25:22.837+0500][gc,task       ] GC(96) Using 4 workers of 4 for evacuation
[2020-04-07T10:25:22.848+0500][gc,phases     ] GC(96)   Pre Evacuate Collection Set: 1.9ms
[2020-04-07T10:25:22.848+0500][gc,phases     ] GC(96)   Evacuate Collection Set: 8.0ms
[2020-04-07T10:25:22.848+0500][gc,phases     ] GC(96)   Post Evacuate Collection Set: 0.5ms
[2020-04-07T10:25:22.848+0500][gc,phases     ] GC(96)   Other: 13.2ms
[2020-04-07T10:25:22.848+0500][gc,heap       ] GC(96) Eden regions: 50->0(50)
[2020-04-07T10:25:22.848+0500][gc,heap       ] GC(96) Survivor regions: 1->1(7)
[2020-04-07T10:25:22.848+0500][gc,heap       ] GC(96) Old regions: 19->19
[2020-04-07T10:25:22.848+0500][gc,heap       ] GC(96) Humongous regions: 129->129
[2020-04-07T10:25:22.848+0500][gc,metaspace  ] GC(96) Metaspace: 48294K->48294K(1093632K)
[2020-04-07T10:25:22.855+0500][gc            ] GC(96) Pause Young (Normal) (G1 Evacuation Pause) 197M->147M(1024M) 31.035ms
[2020-04-07T10:25:22.855+0500][gc,cpu        ] GC(96) User=0.01s Sys=0.03s Real=0.03s
[2020-04-07T10:48:45.105+0500][gc,start      ] GC(97) Pause Young (Normal) (G1 Evacuation Pause)
[2020-04-07T10:48:45.108+0500][gc,task       ] GC(97) Using 4 workers of 4 for evacuation
[2020-04-07T10:48:45.118+0500][gc,phases     ] GC(97)   Pre Evacuate Collection Set: 1.8ms
[2020-04-07T10:48:45.118+0500][gc,phases     ] GC(97)   Evacuate Collection Set: 7.2ms
[2020-04-07T10:48:45.118+0500][gc,phases     ] GC(97)   Post Evacuate Collection Set: 0.5ms
[2020-04-07T10:48:45.118+0500][gc,phases     ] GC(97)   Other: 4.3ms
[2020-04-07T10:48:45.119+0500][gc,heap       ] GC(97) Eden regions: 50->0(52)
[2020-04-07T10:48:45.119+0500][gc,heap       ] GC(97) Survivor regions: 1->1(7)
[2020-04-07T10:48:45.119+0500][gc,heap       ] GC(97) Old regions: 19->19
[2020-04-07T10:48:45.119+0500][gc,heap       ] GC(97) Humongous regions: 129->129
[2020-04-07T10:48:45.119+0500][gc,metaspace  ] GC(97) Metaspace: 48294K->48294K(1093632K)
[2020-04-07T10:48:45.119+0500][gc            ] GC(97) Pause Young (Normal) (G1 Evacuation Pause) 197M->147M(1024M) 13.888ms
[2020-04-07T10:48:45.119+0500][gc,cpu        ] GC(97) User=0.02s Sys=0.02s Real=0.01s
[2020-04-07T11:13:03.045+0500][gc,start      ] GC(98) Pause Young (Normal) (G1 Evacuation Pause)
[2020-04-07T11:13:03.048+0500][gc,task       ] GC(98) Using 4 workers of 4 for evacuation
[2020-04-07T11:13:03.051+0500][gc,phases     ] GC(98)   Pre Evacuate Collection Set: 0.1ms
[2020-04-07T11:13:03.051+0500][gc,phases     ] GC(98)   Evacuate Collection Set: 2.4ms
[2020-04-07T11:13:03.051+0500][gc,phases     ] GC(98)   Post Evacuate Collection Set: 0.3ms
[2020-04-07T11:13:03.052+0500][gc,phases     ] GC(98)   Other: 4.0ms
[2020-04-07T11:13:03.052+0500][gc,heap       ] GC(98) Eden regions: 52->0(54)
[2020-04-07T11:13:03.052+0500][gc,heap       ] GC(98) Survivor regions: 1->1(7)
[2020-04-07T11:13:03.052+0500][gc,heap       ] GC(98) Old regions: 19->19
[2020-04-07T11:13:03.052+0500][gc,heap       ] GC(98) Humongous regions: 129->129
[2020-04-07T11:13:03.052+0500][gc,metaspace  ] GC(98) Metaspace: 48294K->48294K(1093632K)
[2020-04-07T11:13:03.053+0500][gc            ] GC(98) Pause Young (Normal) (G1 Evacuation Pause) 199M->147M(1024M) 8.334ms
[2020-04-07T11:13:03.053+0500][gc,cpu        ] GC(98) User=0.01s Sys=0.01s Real=0.01s
[2020-04-07T11:36:47.998+0500][gc,start      ] GC(99) Pause Young (Normal) (G1 Evacuation Pause)
[2020-04-07T11:36:47.998+0500][gc,task       ] GC(99) Using 4 workers of 4 for evacuation
[2020-04-07T11:36:48.080+0500][gc,mmu        ] GC(99) MMU target violated: 21.0ms (20.0ms/21.0ms)
[2020-04-07T11:36:48.080+0500][gc,phases     ] GC(99)   Pre Evacuate Collection Set: 3.1ms
[2020-04-07T11:36:48.080+0500][gc,phases     ] GC(99)   Evacuate Collection Set: 77.9ms
[2020-04-07T11:36:48.080+0500][gc,phases     ] GC(99)   Post Evacuate Collection Set: 0.5ms
[2020-04-07T11:36:48.080+0500][gc,phases     ] GC(99)   Other: 1.4ms
[2020-04-07T11:36:48.080+0500][gc,heap       ] GC(99) Eden regions: 54->0(49)
[2020-04-07T11:36:48.080+0500][gc,heap       ] GC(99) Survivor regions: 1->2(7)
[2020-04-07T11:36:48.080+0500][gc,heap       ] GC(99) Old regions: 19->19
[2020-04-07T11:36:48.081+0500][gc,heap       ] GC(99) Humongous regions: 129->129
[2020-04-07T11:36:48.081+0500][gc,metaspace  ] GC(99) Metaspace: 48300K->48300K(1093632K)
[2020-04-07T11:36:48.081+0500][gc            ] GC(99) Pause Young (Normal) (G1 Evacuation Pause) 201M->148M(1024M) 83.016ms
[2020-04-07T11:36:48.081+0500][gc,cpu        ] GC(99) User=0.02s Sys=0.07s Real=0.09s
[2020-04-07T12:34:40.327+0500][gc,start      ] GC(100) Pause Young (Normal) (G1 Evacuation Pause)
[2020-04-07T12:34:40.329+0500][gc,task       ] GC(100) Using 4 workers of 4 for evacuation
[2020-04-07T12:34:40.366+0500][gc,mmu        ] GC(100) MMU target violated: 21.0ms (20.0ms/21.0ms)
[2020-04-07T12:34:40.366+0500][gc,phases     ] GC(100)   Pre Evacuate Collection Set: 1.8ms
[2020-04-07T12:34:40.366+0500][gc,phases     ] GC(100)   Evacuate Collection Set: 34.0ms
[2020-04-07T12:34:40.366+0500][gc,phases     ] GC(100)   Post Evacuate Collection Set: 0.4ms
[2020-04-07T12:34:40.366+0500][gc,phases     ] GC(100)   Other: 2.7ms
[2020-04-07T12:34:40.366+0500][gc,heap       ] GC(100) Eden regions: 49->0(49)
[2020-04-07T12:34:40.366+0500][gc,heap       ] GC(100) Survivor regions: 2->2(7)
[2020-04-07T12:34:40.366+0500][gc,heap       ] GC(100) Old regions: 19->19
[2020-04-07T12:34:40.366+0500][gc,heap       ] GC(100) Humongous regions: 129->129
[2020-04-07T12:34:40.366+0500][gc,metaspace  ] GC(100) Metaspace: 48302K->48302K(1093632K)
[2020-04-07T12:34:40.366+0500][gc            ] GC(100) Pause Young (Normal) (G1 Evacuation Pause) 197M->148M(1024M) 39.037ms
[2020-04-07T12:34:40.366+0500][gc,cpu        ] GC(100) User=0.02s Sys=0.05s Real=0.04s
[2020-04-07T12:57:30.295+0500][gc,start      ] GC(101) Pause Young (Normal) (G1 Evacuation Pause)
[2020-04-07T12:57:30.295+0500][gc,task       ] GC(101) Using 4 workers of 4 for evacuation
[2020-04-07T12:57:30.318+0500][gc,mmu        ] GC(101) MMU target violated: 21.0ms (20.0ms/21.0ms)
[2020-04-07T12:57:30.318+0500][gc,phases     ] GC(101)   Pre Evacuate Collection Set: 1.6ms
[2020-04-07T12:57:30.319+0500][gc,phases     ] GC(101)   Evacuate Collection Set: 20.2ms
[2020-04-07T12:57:30.319+0500][gc,phases     ] GC(101)   Post Evacuate Collection Set: 0.5ms
[2020-04-07T12:57:30.319+0500][gc,phases     ] GC(101)   Other: 1.7ms
[2020-04-07T12:57:30.319+0500][gc,heap       ] GC(101) Eden regions: 49->0(49)
[2020-04-07T12:57:30.319+0500][gc,heap       ] GC(101) Survivor regions: 2->2(7)
[2020-04-07T12:57:30.319+0500][gc,heap       ] GC(101) Old regions: 19->19
[2020-04-07T12:57:30.319+0500][gc,heap       ] GC(101) Humongous regions: 129->129
[2020-04-07T12:57:30.319+0500][gc,metaspace  ] GC(101) Metaspace: 48307K->48307K(1093632K)
[2020-04-07T12:57:30.319+0500][gc            ] GC(101) Pause Young (Normal) (G1 Evacuation Pause) 197M->148M(1024M) 24.204ms
[2020-04-07T12:57:30.319+0500][gc,cpu        ] GC(101) User=0.02s Sys=0.04s Real=0.02s
[2020-04-07T13:20:20.634+0500][gc,start      ] GC(102) Pause Young (Normal) (G1 Evacuation Pause)
[2020-04-07T13:20:20.635+0500][gc,task       ] GC(102) Using 4 workers of 4 for evacuation
[2020-04-07T13:20:20.654+0500][gc,phases     ] GC(102)   Pre Evacuate Collection Set: 2.7ms
[2020-04-07T13:20:20.654+0500][gc,phases     ] GC(102)   Evacuate Collection Set: 15.5ms
[2020-04-07T13:20:20.654+0500][gc,phases     ] GC(102)   Post Evacuate Collection Set: 0.7ms
[2020-04-07T13:20:20.654+0500][gc,phases     ] GC(102)   Other: 3.2ms
[2020-04-07T13:20:20.654+0500][gc,heap       ] GC(102) Eden regions: 49->0(49)
[2020-04-07T13:20:20.654+0500][gc,heap       ] GC(102) Survivor regions: 2->2(7)
[2020-04-07T13:20:20.654+0500][gc,heap       ] GC(102) Old regions: 19->19
[2020-04-07T13:20:20.654+0500][gc,heap       ] GC(102) Humongous regions: 129->129
[2020-04-07T13:20:20.654+0500][gc,metaspace  ] GC(102) Metaspace: 48307K->48307K(1093632K)
[2020-04-07T13:20:20.654+0500][gc            ] GC(102) Pause Young (Normal) (G1 Evacuation Pause) 197M->148M(1024M) 20.910ms
[2020-04-07T13:20:20.654+0500][gc,cpu        ] GC(102) User=0.02s Sys=0.04s Real=0.02s
[2020-04-07T13:43:15.227+0500][gc,start      ] GC(103) Pause Young (Normal) (G1 Evacuation Pause)
[2020-04-07T13:43:15.228+0500][gc,task       ] GC(103) Using 4 workers of 4 for evacuation
[2020-04-07T13:43:15.277+0500][gc,mmu        ] GC(103) MMU target violated: 21.0ms (20.0ms/21.0ms)
[2020-04-07T13:43:15.277+0500][gc,phases     ] GC(103)   Pre Evacuate Collection Set: 13.2ms
[2020-04-07T13:43:15.277+0500][gc,phases     ] GC(103)   Evacuate Collection Set: 33.1ms
[2020-04-07T13:43:15.277+0500][gc,phases     ] GC(103)   Post Evacuate Collection Set: 0.8ms
[2020-04-07T13:43:15.277+0500][gc,phases     ] GC(103)   Other: 3.5ms
[2020-04-07T13:43:15.277+0500][gc,heap       ] GC(103) Eden regions: 49->0(49)
[2020-04-07T13:43:15.277+0500][gc,heap       ] GC(103) Survivor regions: 2->2(7)
[2020-04-07T13:43:15.277+0500][gc,heap       ] GC(103) Old regions: 19->19
[2020-04-07T13:43:15.277+0500][gc,heap       ] GC(103) Humongous regions: 129->129
[2020-04-07T13:43:15.277+0500][gc,metaspace  ] GC(103) Metaspace: 48307K->48307K(1093632K)
[2020-04-07T13:43:15.277+0500][gc            ] GC(103) Pause Young (Normal) (G1 Evacuation Pause) 197M->148M(1024M) 50.868ms
[2020-04-07T13:43:15.277+0500][gc,cpu        ] GC(103) User=0.02s Sys=0.05s Real=0.05s
[2020-04-07T14:06:13.439+0500][gc,start      ] GC(104) Pause Young (Normal) (G1 Evacuation Pause)
[2020-04-07T14:06:13.439+0500][gc,task       ] GC(104) Using 4 workers of 4 for evacuation
[2020-04-07T14:06:13.464+0500][gc,mmu        ] GC(104) MMU target violated: 21.0ms (20.0ms/21.0ms)
[2020-04-07T14:06:13.464+0500][gc,phases     ] GC(104)   Pre Evacuate Collection Set: 1.4ms
[2020-04-07T14:06:13.464+0500][gc,phases     ] GC(104)   Evacuate Collection Set: 22.5ms
[2020-04-07T14:06:13.464+0500][gc,phases     ] GC(104)   Post Evacuate Collection Set: 0.5ms
[2020-04-07T14:06:13.464+0500][gc,phases     ] GC(104)   Other: 1.4ms
[2020-04-07T14:06:13.464+0500][gc,heap       ] GC(104) Eden regions: 49->0(49)
[2020-04-07T14:06:13.465+0500][gc,heap       ] GC(104) Survivor regions: 2->2(7)
[2020-04-07T14:06:13.465+0500][gc,heap       ] GC(104) Old regions: 19->19
[2020-04-07T14:06:13.465+0500][gc,heap       ] GC(104) Humongous regions: 129->129
[2020-04-07T14:06:13.465+0500][gc,metaspace  ] GC(104) Metaspace: 48309K->48309K(1093632K)
[2020-04-07T14:06:13.465+0500][gc            ] GC(104) Pause Young (Normal) (G1 Evacuation Pause) 197M->148M(1024M) 25.941ms
[2020-04-07T14:06:13.465+0500][gc,cpu        ] GC(104) User=0.03s Sys=0.04s Real=0.03s
[2020-04-07T14:56:38.203+0500][gc,start      ] GC(105) Pause Young (Normal) (G1 Evacuation Pause)
[2020-04-07T14:56:38.204+0500][gc,task       ] GC(105) Using 4 workers of 4 for evacuation
[2020-04-07T14:56:38.220+0500][gc,phases     ] GC(105)   Pre Evacuate Collection Set: 1.3ms
[2020-04-07T14:56:38.220+0500][gc,phases     ] GC(105)   Evacuate Collection Set: 14.2ms
[2020-04-07T14:56:38.220+0500][gc,phases     ] GC(105)   Post Evacuate Collection Set: 0.4ms
[2020-04-07T14:56:38.220+0500][gc,phases     ] GC(105)   Other: 1.3ms
[2020-04-07T14:56:38.220+0500][gc,heap       ] GC(105) Eden regions: 49->0(49)
[2020-04-07T14:56:38.220+0500][gc,heap       ] GC(105) Survivor regions: 2->2(7)
[2020-04-07T14:56:38.220+0500][gc,heap       ] GC(105) Old regions: 19->19
[2020-04-07T14:56:38.220+0500][gc,heap       ] GC(105) Humongous regions: 129->129
[2020-04-07T14:56:38.220+0500][gc,metaspace  ] GC(105) Metaspace: 48309K->48309K(1093632K)
[2020-04-07T14:56:38.220+0500][gc            ] GC(105) Pause Young (Normal) (G1 Evacuation Pause) 197M->148M(1024M) 17.471ms
[2020-04-07T14:56:38.220+0500][gc,cpu        ] GC(105) User=0.03s Sys=0.03s Real=0.02s
[2020-04-07T15:19:29.568+0500][gc,start      ] GC(106) Pause Young (Normal) (G1 Evacuation Pause)
[2020-04-07T15:19:29.572+0500][gc,task       ] GC(106) Using 4 workers of 4 for evacuation
[2020-04-07T15:19:29.589+0500][gc,phases     ] GC(106)   Pre Evacuate Collection Set: 1.9ms
[2020-04-07T15:19:29.589+0500][gc,phases     ] GC(106)   Evacuate Collection Set: 14.7ms
[2020-04-07T15:19:29.589+0500][gc,phases     ] GC(106)   Post Evacuate Collection Set: 0.4ms
[2020-04-07T15:19:29.589+0500][gc,phases     ] GC(106)   Other: 4.8ms
[2020-04-07T15:19:29.589+0500][gc,heap       ] GC(106) Eden regions: 49->0(49)
[2020-04-07T15:19:29.589+0500][gc,heap       ] GC(106) Survivor regions: 2->2(7)
[2020-04-07T15:19:29.589+0500][gc,heap       ] GC(106) Old regions: 19->19
[2020-04-07T15:19:29.590+0500][gc,heap       ] GC(106) Humongous regions: 129->129
[2020-04-07T15:19:29.590+0500][gc,metaspace  ] GC(106) Metaspace: 48309K->48309K(1093632K)
[2020-04-07T15:19:29.590+0500][gc            ] GC(106) Pause Young (Normal) (G1 Evacuation Pause) 197M->148M(1024M) 21.749ms
[2020-04-07T15:19:29.590+0500][gc,cpu        ] GC(106) User=0.02s Sys=0.04s Real=0.03s
[2020-04-07T15:42:34.699+0500][gc,start      ] GC(107) Pause Young (Normal) (G1 Evacuation Pause)
[2020-04-07T15:42:34.703+0500][gc,task       ] GC(107) Using 4 workers of 4 for evacuation
[2020-04-07T15:42:34.719+0500][gc,phases     ] GC(107)   Pre Evacuate Collection Set: 1.8ms
[2020-04-07T15:42:34.719+0500][gc,phases     ] GC(107)   Evacuate Collection Set: 14.0ms
[2020-04-07T15:42:34.719+0500][gc,phases     ] GC(107)   Post Evacuate Collection Set: 0.5ms
[2020-04-07T15:42:34.719+0500][gc,phases     ] GC(107)   Other: 4.3ms
[2020-04-07T15:42:34.719+0500][gc,heap       ] GC(107) Eden regions: 49->0(49)
[2020-04-07T15:42:34.719+0500][gc,heap       ] GC(107) Survivor regions: 2->2(7)
[2020-04-07T15:42:34.719+0500][gc,heap       ] GC(107) Old regions: 19->19
[2020-04-07T15:42:34.720+0500][gc,heap       ] GC(107) Humongous regions: 129->129
[2020-04-07T15:42:34.720+0500][gc,metaspace  ] GC(107) Metaspace: 48309K->48309K(1093632K)
[2020-04-07T15:42:34.720+0500][gc            ] GC(107) Pause Young (Normal) (G1 Evacuation Pause) 197M->148M(1024M) 20.630ms
[2020-04-07T15:42:34.720+0500][gc,cpu        ] GC(107) User=0.02s Sys=0.03s Real=0.03s
[2020-04-07T16:15:32.231+0500][gc,start      ] GC(108) Pause Young (Normal) (G1 Evacuation Pause)
[2020-04-07T16:15:32.232+0500][gc,task       ] GC(108) Using 4 workers of 4 for evacuation
[2020-04-07T16:15:32.249+0500][gc,phases     ] GC(108)   Pre Evacuate Collection Set: 1.7ms
[2020-04-07T16:15:32.249+0500][gc,phases     ] GC(108)   Evacuate Collection Set: 14.6ms
[2020-04-07T16:15:32.249+0500][gc,phases     ] GC(108)   Post Evacuate Collection Set: 0.4ms
[2020-04-07T16:15:32.249+0500][gc,phases     ] GC(108)   Other: 1.4ms
[2020-04-07T16:15:32.249+0500][gc,heap       ] GC(108) Eden regions: 49->0(50)
[2020-04-07T16:15:32.249+0500][gc,heap       ] GC(108) Survivor regions: 2->2(7)
[2020-04-07T16:15:32.249+0500][gc,heap       ] GC(108) Old regions: 19->19
[2020-04-07T16:15:32.249+0500][gc,heap       ] GC(108) Humongous regions: 129->129
[2020-04-07T16:15:32.249+0500][gc,metaspace  ] GC(108) Metaspace: 48309K->48309K(1093632K)
[2020-04-07T16:15:32.250+0500][gc            ] GC(108) Pause Young (Normal) (G1 Evacuation Pause) 197M->148M(1024M) 19.301ms
[2020-04-07T16:15:32.250+0500][gc,cpu        ] GC(108) User=0.02s Sys=0.03s Real=0.02s
[2020-04-07T16:38:22.201+0500][gc,start      ] GC(109) Pause Young (Normal) (G1 Evacuation Pause)
[2020-04-07T16:38:22.202+0500][gc,task       ] GC(109) Using 4 workers of 4 for evacuation
[2020-04-07T16:38:22.219+0500][gc,phases     ] GC(109)   Pre Evacuate Collection Set: 2.0ms
[2020-04-07T16:38:22.219+0500][gc,phases     ] GC(109)   Evacuate Collection Set: 14.4ms
[2020-04-07T16:38:22.219+0500][gc,phases     ] GC(109)   Post Evacuate Collection Set: 0.4ms
[2020-04-07T16:38:22.219+0500][gc,phases     ] GC(109)   Other: 1.7ms
[2020-04-07T16:38:22.219+0500][gc,heap       ] GC(109) Eden regions: 49->0(51)
[2020-04-07T16:38:22.219+0500][gc,heap       ] GC(109) Survivor regions: 2->2(7)
[2020-04-07T16:38:22.219+0500][gc,heap       ] GC(109) Old regions: 19->19
[2020-04-07T16:38:22.219+0500][gc,heap       ] GC(109) Humongous regions: 129->129
[2020-04-07T16:38:22.219+0500][gc,metaspace  ] GC(109) Metaspace: 48309K->48309K(1093632K)
[2020-04-07T16:38:22.219+0500][gc            ] GC(109) Pause Young (Normal) (G1 Evacuation Pause) 197M->148M(1024M) 18.683ms
[2020-04-07T16:38:22.219+0500][gc,cpu        ] GC(109) User=0.02s Sys=0.03s Real=0.01s
[2020-04-07T17:01:42.162+0500][gc,start      ] GC(110) Pause Young (Normal) (G1 Evacuation Pause)
[2020-04-07T17:01:42.167+0500][gc,task       ] GC(110) Using 4 workers of 4 for evacuation
[2020-04-07T17:01:42.209+0500][gc,mmu        ] GC(110) MMU target violated: 21.0ms (20.0ms/21.0ms)
[2020-04-07T17:01:42.209+0500][gc,phases     ] GC(110)   Pre Evacuate Collection Set: 1.6ms
[2020-04-07T17:01:42.209+0500][gc,phases     ] GC(110)   Evacuate Collection Set: 38.5ms
[2020-04-07T17:01:42.209+0500][gc,phases     ] GC(110)   Post Evacuate Collection Set: 0.7ms
[2020-04-07T17:01:42.209+0500][gc,phases     ] GC(110)   Other: 6.3ms
[2020-04-07T17:01:42.209+0500][gc,heap       ] GC(110) Eden regions: 50->0(49)
[2020-04-07T17:01:42.209+0500][gc,heap       ] GC(110) Survivor regions: 2->2(7)
[2020-04-07T17:01:42.209+0500][gc,heap       ] GC(110) Old regions: 19->19
[2020-04-07T17:01:42.209+0500][gc,heap       ] GC(110) Humongous regions: 129->129
[2020-04-07T17:01:42.209+0500][gc,metaspace  ] GC(110) Metaspace: 48309K->48309K(1093632K)
[2020-04-07T17:01:42.210+0500][gc            ] GC(110) Pause Young (Normal) (G1 Evacuation Pause) 198M->148M(1024M) 48.457ms
[2020-04-07T17:01:42.210+0500][gc,cpu        ] GC(110) User=0.02s Sys=0.04s Real=0.05s
[2020-04-07T17:24:37.297+0500][gc,start      ] GC(111) Pause Young (Normal) (G1 Evacuation Pause)
[2020-04-07T17:24:37.302+0500][gc,task       ] GC(111) Using 4 workers of 4 for evacuation
[2020-04-07T17:24:37.320+0500][gc,phases     ] GC(111)   Pre Evacuate Collection Set: 1.4ms
[2020-04-07T17:24:37.320+0500][gc,phases     ] GC(111)   Evacuate Collection Set: 14.8ms
[2020-04-07T17:24:37.320+0500][gc,phases     ] GC(111)   Post Evacuate Collection Set: 0.6ms
[2020-04-07T17:24:37.320+0500][gc,phases     ] GC(111)   Other: 6.1ms
[2020-04-07T17:24:37.320+0500][gc,heap       ] GC(111) Eden regions: 49->0(49)
[2020-04-07T17:24:37.320+0500][gc,heap       ] GC(111) Survivor regions: 2->2(7)
[2020-04-07T17:24:37.320+0500][gc,heap       ] GC(111) Old regions: 19->19
[2020-04-07T17:24:37.320+0500][gc,heap       ] GC(111) Humongous regions: 129->129
[2020-04-07T17:24:37.320+0500][gc,metaspace  ] GC(111) Metaspace: 48309K->48309K(1093632K)
[2020-04-07T17:24:37.320+0500][gc            ] GC(111) Pause Young (Normal) (G1 Evacuation Pause) 197M->148M(1024M) 23.050ms
[2020-04-07T17:24:37.320+0500][gc,cpu        ] GC(111) User=0.02s Sys=0.03s Real=0.03s
[2020-04-07T17:47:27.428+0500][gc,start      ] GC(112) Pause Young (Normal) (G1 Evacuation Pause)
[2020-04-07T17:47:27.428+0500][gc,task       ] GC(112) Using 4 workers of 4 for evacuation
[2020-04-07T17:47:27.433+0500][gc,phases     ] GC(112)   Pre Evacuate Collection Set: 0.1ms
[2020-04-07T17:47:27.434+0500][gc,phases     ] GC(112)   Evacuate Collection Set: 4.5ms
[2020-04-07T17:47:27.434+0500][gc,phases     ] GC(112)   Post Evacuate Collection Set: 0.3ms
[2020-04-07T17:47:27.434+0500][gc,phases     ] GC(112)   Other: 4.9ms
[2020-04-07T17:47:27.434+0500][gc,heap       ] GC(112) Eden regions: 49->0(51)
[2020-04-07T17:47:27.434+0500][gc,heap       ] GC(112) Survivor regions: 2->2(7)
[2020-04-07T17:47:27.434+0500][gc,heap       ] GC(112) Old regions: 19->19
[2020-04-07T17:47:27.434+0500][gc,heap       ] GC(112) Humongous regions: 129->129
[2020-04-07T17:47:27.434+0500][gc,metaspace  ] GC(112) Metaspace: 48309K->48309K(1093632K)
[2020-04-07T17:47:27.435+0500][gc            ] GC(112) Pause Young (Normal) (G1 Evacuation Pause) 197M->148M(1024M) 7.411ms
[2020-04-07T17:47:27.435+0500][gc,cpu        ] GC(112) User=0.02s Sys=0.01s Real=0.01s
[2020-04-07T18:11:18.001+0500][gc,start      ] GC(113) Pause Young (Normal) (G1 Evacuation Pause)
[2020-04-07T18:11:18.004+0500][gc,task       ] GC(113) Using 4 workers of 4 for evacuation
[2020-04-07T18:11:18.043+0500][gc,mmu        ] GC(113) MMU target violated: 21.0ms (20.0ms/21.0ms)
[2020-04-07T18:11:18.043+0500][gc,phases     ] GC(113)   Pre Evacuate Collection Set: 1.9ms
[2020-04-07T18:11:18.043+0500][gc,phases     ] GC(113)   Evacuate Collection Set: 36.7ms
[2020-04-07T18:11:18.043+0500][gc,phases     ] GC(113)   Post Evacuate Collection Set: 0.5ms
[2020-04-07T18:11:18.043+0500][gc,phases     ] GC(113)   Other: 3.2ms
[2020-04-07T18:11:18.043+0500][gc,heap       ] GC(113) Eden regions: 51->0(50)
[2020-04-07T18:11:18.044+0500][gc,heap       ] GC(113) Survivor regions: 2->2(7)
[2020-04-07T18:11:18.044+0500][gc,heap       ] GC(113) Old regions: 19->19
[2020-04-07T18:11:18.044+0500][gc,heap       ] GC(113) Humongous regions: 129->129
[2020-04-07T18:11:18.044+0500][gc,metaspace  ] GC(113) Metaspace: 48309K->48309K(1093632K)
[2020-04-07T18:11:18.044+0500][gc            ] GC(113) Pause Young (Normal) (G1 Evacuation Pause) 199M->148M(1024M) 42.261ms
[2020-04-07T18:11:18.044+0500][gc,cpu        ] GC(113) User=0.02s Sys=0.05s Real=0.04s
[2020-04-07T18:34:41.390+0500][gc,start      ] GC(114) Pause Young (Normal) (G1 Evacuation Pause)
[2020-04-07T18:34:41.394+0500][gc,task       ] GC(114) Using 4 workers of 4 for evacuation
[2020-04-07T18:34:41.414+0500][gc,phases     ] GC(114)   Pre Evacuate Collection Set: 1.8ms
[2020-04-07T18:34:41.415+0500][gc,phases     ] GC(114)   Evacuate Collection Set: 17.2ms
[2020-04-07T18:34:41.415+0500][gc,phases     ] GC(114)   Post Evacuate Collection Set: 0.5ms
[2020-04-07T18:34:41.415+0500][gc,phases     ] GC(114)   Other: 4.9ms
[2020-04-07T18:34:41.415+0500][gc,heap       ] GC(114) Eden regions: 50->0(50)
[2020-04-07T18:34:41.415+0500][gc,heap       ] GC(114) Survivor regions: 2->1(7)
[2020-04-07T18:34:41.415+0500][gc,heap       ] GC(114) Old regions: 19->20
[2020-04-07T18:34:41.415+0500][gc,heap       ] GC(114) Humongous regions: 129->129
[2020-04-07T18:34:41.415+0500][gc,metaspace  ] GC(114) Metaspace: 48309K->48309K(1093632K)
[2020-04-07T18:34:41.416+0500][gc            ] GC(114) Pause Young (Normal) (G1 Evacuation Pause) 198M->148M(1024M) 25.658ms
[2020-04-07T18:34:41.416+0500][gc,cpu        ] GC(114) User=0.02s Sys=0.03s Real=0.02s
[2020-04-07T20:47:18.731+0500][gc,start      ] GC(115) Pause Young (Normal) (G1 Evacuation Pause)
[2020-04-07T20:47:18.731+0500][gc,task       ] GC(115) Using 4 workers of 4 for evacuation
[2020-04-07T20:47:18.742+0500][gc,phases     ] GC(115)   Pre Evacuate Collection Set: 1.6ms
[2020-04-07T20:47:18.742+0500][gc,phases     ] GC(115)   Evacuate Collection Set: 7.6ms
[2020-04-07T20:47:18.742+0500][gc,phases     ] GC(115)   Post Evacuate Collection Set: 0.4ms
[2020-04-07T20:47:18.742+0500][gc,phases     ] GC(115)   Other: 1.5ms
[2020-04-07T20:47:18.742+0500][gc,heap       ] GC(115) Eden regions: 50->0(52)
[2020-04-07T20:47:18.742+0500][gc,heap       ] GC(115) Survivor regions: 1->1(7)
[2020-04-07T20:47:18.742+0500][gc,heap       ] GC(115) Old regions: 20->20
[2020-04-07T20:47:18.742+0500][gc,heap       ] GC(115) Humongous regions: 129->129
[2020-04-07T20:47:18.742+0500][gc,metaspace  ] GC(115) Metaspace: 48309K->48309K(1093632K)
[2020-04-07T20:47:18.742+0500][gc            ] GC(115) Pause Young (Normal) (G1 Evacuation Pause) 198M->148M(1024M) 11.254ms
[2020-04-07T20:47:18.742+0500][gc,cpu        ] GC(115) User=0.00s Sys=0.02s Real=0.01s
[2020-04-07T21:11:36.110+0500][gc,start      ] GC(116) Pause Young (Normal) (G1 Evacuation Pause)
[2020-04-07T21:11:36.111+0500][gc,task       ] GC(116) Using 4 workers of 4 for evacuation
[2020-04-07T21:11:36.121+0500][gc,phases     ] GC(116)   Pre Evacuate Collection Set: 1.9ms
[2020-04-07T21:11:36.121+0500][gc,phases     ] GC(116)   Evacuate Collection Set: 7.0ms
[2020-04-07T21:11:36.121+0500][gc,phases     ] GC(116)   Post Evacuate Collection Set: 0.5ms
[2020-04-07T21:11:36.121+0500][gc,phases     ] GC(116)   Other: 1.6ms
[2020-04-07T21:11:36.121+0500][gc,heap       ] GC(116) Eden regions: 52->0(55)
[2020-04-07T21:11:36.121+0500][gc,heap       ] GC(116) Survivor regions: 1->1(7)
[2020-04-07T21:11:36.121+0500][gc,heap       ] GC(116) Old regions: 20->20
[2020-04-07T21:11:36.121+0500][gc,heap       ] GC(116) Humongous regions: 129->129
[2020-04-07T21:11:36.121+0500][gc,metaspace  ] GC(116) Metaspace: 48309K->48309K(1093632K)
[2020-04-07T21:11:36.121+0500][gc            ] GC(116) Pause Young (Normal) (G1 Evacuation Pause) 200M->148M(1024M) 11.202ms
[2020-04-07T21:11:36.121+0500][gc,cpu        ] GC(116) User=0.01s Sys=0.02s Real=0.01s
[2020-04-07T21:37:17.440+0500][gc,start      ] GC(117) Pause Young (Normal) (G1 Evacuation Pause)
[2020-04-07T21:37:17.444+0500][gc,task       ] GC(117) Using 4 workers of 4 for evacuation
[2020-04-07T21:37:17.454+0500][gc,phases     ] GC(117)   Pre Evacuate Collection Set: 1.8ms
[2020-04-07T21:37:17.454+0500][gc,phases     ] GC(117)   Evacuate Collection Set: 7.0ms
[2020-04-07T21:37:17.454+0500][gc,phases     ] GC(117)   Post Evacuate Collection Set: 0.5ms
[2020-04-07T21:37:17.454+0500][gc,phases     ] GC(117)   Other: 4.5ms
[2020-04-07T21:37:17.454+0500][gc,heap       ] GC(117) Eden regions: 55->0(59)
[2020-04-07T21:37:17.454+0500][gc,heap       ] GC(117) Survivor regions: 1->1(7)
[2020-04-07T21:37:17.454+0500][gc,heap       ] GC(117) Old regions: 20->20
[2020-04-07T21:37:17.454+0500][gc,heap       ] GC(117) Humongous regions: 129->129
[2020-04-07T21:37:17.454+0500][gc,metaspace  ] GC(117) Metaspace: 48311K->48311K(1093632K)
[2020-04-07T21:37:17.454+0500][gc            ] GC(117) Pause Young (Normal) (G1 Evacuation Pause) 203M->148M(1024M) 14.012ms
[2020-04-07T21:37:17.454+0500][gc,cpu        ] GC(117) User=0.01s Sys=0.02s Real=0.01s
[2020-04-07T22:16:12.418+0500][gc,start      ] GC(118) Pause Young (Normal) (G1 Evacuation Pause)
[2020-04-07T22:16:12.420+0500][gc,task       ] GC(118) Using 4 workers of 4 for evacuation
[2020-04-07T22:16:12.431+0500][gc,phases     ] GC(118)   Pre Evacuate Collection Set: 1.8ms
[2020-04-07T22:16:12.431+0500][gc,phases     ] GC(118)   Evacuate Collection Set: 7.7ms
[2020-04-07T22:16:12.431+0500][gc,phases     ] GC(118)   Post Evacuate Collection Set: 0.6ms
[2020-04-07T22:16:12.431+0500][gc,phases     ] GC(118)   Other: 2.9ms
[2020-04-07T22:16:12.431+0500][gc,heap       ] GC(118) Eden regions: 59->0(53)
[2020-04-07T22:16:12.431+0500][gc,heap       ] GC(118) Survivor regions: 1->1(8)
[2020-04-07T22:16:12.431+0500][gc,heap       ] GC(118) Old regions: 20->20
[2020-04-07T22:16:12.431+0500][gc,heap       ] GC(118) Humongous regions: 129->129
[2020-04-07T22:16:12.431+0500][gc,metaspace  ] GC(118) Metaspace: 48313K->48313K(1093632K)
[2020-04-07T22:16:12.433+0500][gc            ] GC(118) Pause Young (Normal) (G1 Evacuation Pause) 207M->148M(1024M) 14.230ms
[2020-04-07T22:16:12.433+0500][gc,cpu        ] GC(118) User=0.01s Sys=0.03s Real=0.02s
[2020-04-07T22:41:05.196+0500][gc,start      ] GC(119) Pause Young (Normal) (G1 Evacuation Pause)
[2020-04-07T22:41:05.198+0500][gc,task       ] GC(119) Using 4 workers of 4 for evacuation
[2020-04-07T22:41:05.216+0500][gc,phases     ] GC(119)   Pre Evacuate Collection Set: 1.7ms
[2020-04-07T22:41:05.216+0500][gc,phases     ] GC(119)   Evacuate Collection Set: 15.0ms
[2020-04-07T22:41:05.216+0500][gc,phases     ] GC(119)   Post Evacuate Collection Set: 0.8ms
[2020-04-07T22:41:05.216+0500][gc,phases     ] GC(119)   Other: 2.4ms
[2020-04-07T22:41:05.216+0500][gc,heap       ] GC(119) Eden regions: 53->0(56)
[2020-04-07T22:41:05.216+0500][gc,heap       ] GC(119) Survivor regions: 1->1(7)
[2020-04-07T22:41:05.216+0500][gc,heap       ] GC(119) Old regions: 20->20
[2020-04-07T22:41:05.216+0500][gc,heap       ] GC(119) Humongous regions: 129->129
[2020-04-07T22:41:05.216+0500][gc,metaspace  ] GC(119) Metaspace: 48319K->48319K(1093632K)
[2020-04-07T22:41:05.216+0500][gc            ] GC(119) Pause Young (Normal) (G1 Evacuation Pause) 201M->148M(1024M) 20.047ms
[2020-04-07T22:41:05.216+0500][gc,cpu        ] GC(119) User=0.01s Sys=0.02s Real=0.02s
[2020-04-07T23:07:16.680+0500][gc,start      ] GC(120) Pause Young (Normal) (G1 Evacuation Pause)
[2020-04-07T23:07:16.681+0500][gc,task       ] GC(120) Using 4 workers of 4 for evacuation
[2020-04-07T23:07:16.691+0500][gc,phases     ] GC(120)   Pre Evacuate Collection Set: 2.7ms
[2020-04-07T23:07:16.691+0500][gc,phases     ] GC(120)   Evacuate Collection Set: 6.8ms
[2020-04-07T23:07:16.691+0500][gc,phases     ] GC(120)   Post Evacuate Collection Set: 0.5ms
[2020-04-07T23:07:16.691+0500][gc,phases     ] GC(120)   Other: 1.4ms
[2020-04-07T23:07:16.691+0500][gc,heap       ] GC(120) Eden regions: 56->0(60)
[2020-04-07T23:07:16.691+0500][gc,heap       ] GC(120) Survivor regions: 1->1(8)
[2020-04-07T23:07:16.691+0500][gc,heap       ] GC(120) Old regions: 20->20
[2020-04-07T23:07:16.691+0500][gc,heap       ] GC(120) Humongous regions: 129->129
[2020-04-07T23:07:16.691+0500][gc,metaspace  ] GC(120) Metaspace: 48330K->48330K(1093632K)
[2020-04-07T23:07:16.692+0500][gc            ] GC(120) Pause Young (Normal) (G1 Evacuation Pause) 204M->148M(1024M) 12.607ms
[2020-04-07T23:07:16.692+0500][gc,cpu        ] GC(120) User=0.01s Sys=0.02s Real=0.01s
[2020-04-07T23:35:46.643+0500][gc,start      ] GC(121) Pause Young (Normal) (G1 Evacuation Pause)
[2020-04-07T23:35:46.644+0500][gc,task       ] GC(121) Using 4 workers of 4 for evacuation
[2020-04-07T23:35:46.655+0500][gc,phases     ] GC(121)   Pre Evacuate Collection Set: 1.3ms
[2020-04-07T23:35:46.655+0500][gc,phases     ] GC(121)   Evacuate Collection Set: 9.0ms
[2020-04-07T23:35:46.655+0500][gc,phases     ] GC(121)   Post Evacuate Collection Set: 0.6ms
[2020-04-07T23:35:46.656+0500][gc,phases     ] GC(121)   Other: 1.4ms
[2020-04-07T23:35:46.656+0500][gc,heap       ] GC(121) Eden regions: 60->0(54)
[2020-04-07T23:35:46.656+0500][gc,heap       ] GC(121) Survivor regions: 1->1(8)
[2020-04-07T23:35:46.656+0500][gc,heap       ] GC(121) Old regions: 20->20
[2020-04-07T23:35:46.656+0500][gc,heap       ] GC(121) Humongous regions: 129->129
[2020-04-07T23:35:46.656+0500][gc,metaspace  ] GC(121) Metaspace: 48330K->48330K(1093632K)
[2020-04-07T23:35:46.656+0500][gc            ] GC(121) Pause Young (Normal) (G1 Evacuation Pause) 208M->148M(1024M) 12.438ms
[2020-04-07T23:35:46.656+0500][gc,cpu        ] GC(121) User=0.01s Sys=0.02s Real=0.01s
[2020-04-08T00:01:13.007+0500][gc,start      ] GC(122) Pause Young (Normal) (G1 Evacuation Pause)
[2020-04-08T00:01:13.012+0500][gc,task       ] GC(122) Using 4 workers of 4 for evacuation
[2020-04-08T00:01:13.022+0500][gc,phases     ] GC(122)   Pre Evacuate Collection Set: 1.4ms
[2020-04-08T00:01:13.022+0500][gc,phases     ] GC(122)   Evacuate Collection Set: 7.2ms
[2020-04-08T00:01:13.022+0500][gc,phases     ] GC(122)   Post Evacuate Collection Set: 0.6ms
[2020-04-08T00:01:13.022+0500][gc,phases     ] GC(122)   Other: 6.1ms
[2020-04-08T00:01:13.022+0500][gc,heap       ] GC(122) Eden regions: 54->0(57)
[2020-04-08T00:01:13.022+0500][gc,heap       ] GC(122) Survivor regions: 1->1(7)
[2020-04-08T00:01:13.022+0500][gc,heap       ] GC(122) Old regions: 20->20
[2020-04-08T00:01:13.022+0500][gc,heap       ] GC(122) Humongous regions: 129->129
[2020-04-08T00:01:13.022+0500][gc,metaspace  ] GC(122) Metaspace: 48330K->48330K(1093632K)
[2020-04-08T00:01:13.023+0500][gc            ] GC(122) Pause Young (Normal) (G1 Evacuation Pause) 202M->148M(1024M) 16.408ms
[2020-04-08T00:01:13.023+0500][gc,cpu        ] GC(122) User=0.01s Sys=0.02s Real=0.02s
[2020-04-08T00:34:58.206+0500][gc,start      ] GC(123) Pause Young (Normal) (G1 Evacuation Pause)
[2020-04-08T00:34:58.206+0500][gc,task       ] GC(123) Using 4 workers of 4 for evacuation
[2020-04-08T00:34:58.226+0500][gc,phases     ] GC(123)   Pre Evacuate Collection Set: 2.4ms
[2020-04-08T00:34:58.226+0500][gc,phases     ] GC(123)   Evacuate Collection Set: 15.9ms
[2020-04-08T00:34:58.227+0500][gc,phases     ] GC(123)   Post Evacuate Collection Set: 0.9ms
[2020-04-08T00:34:58.227+0500][gc,phases     ] GC(123)   Other: 1.7ms
[2020-04-08T00:34:58.227+0500][gc,heap       ] GC(123) Eden regions: 57->0(61)
[2020-04-08T00:34:58.227+0500][gc,heap       ] GC(123) Survivor regions: 1->1(8)
[2020-04-08T00:34:58.227+0500][gc,heap       ] GC(123) Old regions: 20->20
[2020-04-08T00:34:58.227+0500][gc,heap       ] GC(123) Humongous regions: 129->129
[2020-04-08T00:34:58.227+0500][gc,metaspace  ] GC(123) Metaspace: 48330K->48330K(1093632K)
[2020-04-08T00:34:58.227+0500][gc            ] GC(123) Pause Young (Normal) (G1 Evacuation Pause) 205M->148M(1024M) 21.147ms
[2020-04-08T00:34:58.227+0500][gc,cpu        ] GC(123) User=0.00s Sys=0.02s Real=0.02s
[2020-04-08T01:03:50.841+0500][gc,start      ] GC(124) Pause Young (Normal) (G1 Evacuation Pause)
[2020-04-08T01:03:50.842+0500][gc,task       ] GC(124) Using 4 workers of 4 for evacuation
[2020-04-08T01:03:50.851+0500][gc,phases     ] GC(124)   Pre Evacuate Collection Set: 1.7ms
[2020-04-08T01:03:50.851+0500][gc,phases     ] GC(124)   Evacuate Collection Set: 6.3ms
[2020-04-08T01:03:50.851+0500][gc,phases     ] GC(124)   Post Evacuate Collection Set: 0.5ms
[2020-04-08T01:03:50.851+0500][gc,phases     ] GC(124)   Other: 1.4ms
[2020-04-08T01:03:50.851+0500][gc,heap       ] GC(124) Eden regions: 61->0(69)
[2020-04-08T01:03:50.851+0500][gc,heap       ] GC(124) Survivor regions: 1->1(8)
[2020-04-08T01:03:50.851+0500][gc,heap       ] GC(124) Old regions: 20->20
[2020-04-08T01:03:50.851+0500][gc,heap       ] GC(124) Humongous regions: 129->129
[2020-04-08T01:03:50.851+0500][gc,metaspace  ] GC(124) Metaspace: 48331K->48331K(1093632K)
[2020-04-08T01:03:50.851+0500][gc            ] GC(124) Pause Young (Normal) (G1 Evacuation Pause) 209M->148M(1024M) 10.403ms
[2020-04-08T01:03:50.851+0500][gc,cpu        ] GC(124) User=0.01s Sys=0.02s Real=0.01s
[2020-04-08T01:36:27.674+0500][gc,start      ] GC(125) Pause Young (Normal) (G1 Evacuation Pause)
[2020-04-08T01:36:27.676+0500][gc,task       ] GC(125) Using 4 workers of 4 for evacuation
[2020-04-08T01:36:27.686+0500][gc,phases     ] GC(125)   Pre Evacuate Collection Set: 1.6ms
[2020-04-08T01:36:27.686+0500][gc,phases     ] GC(125)   Evacuate Collection Set: 6.6ms
[2020-04-08T01:36:27.686+0500][gc,phases     ] GC(125)   Post Evacuate Collection Set: 0.5ms
[2020-04-08T01:36:27.686+0500][gc,phases     ] GC(125)   Other: 2.9ms
[2020-04-08T01:36:27.686+0500][gc,heap       ] GC(125) Eden regions: 69->0(70)
[2020-04-08T01:36:27.686+0500][gc,heap       ] GC(125) Survivor regions: 1->1(9)
[2020-04-08T01:36:27.686+0500][gc,heap       ] GC(125) Old regions: 20->20
[2020-04-08T01:36:27.686+0500][gc,heap       ] GC(125) Humongous regions: 129->129
[2020-04-08T01:36:27.686+0500][gc,metaspace  ] GC(125) Metaspace: 48331K->48331K(1093632K)
[2020-04-08T01:36:27.686+0500][gc            ] GC(125) Pause Young (Normal) (G1 Evacuation Pause) 217M->148M(1024M) 11.705ms
[2020-04-08T01:36:27.686+0500][gc,cpu        ] GC(125) User=0.00s Sys=0.02s Real=0.01s
[2020-04-08T02:09:38.080+0500][gc,start      ] GC(126) Pause Young (Normal) (G1 Evacuation Pause)
[2020-04-08T02:09:38.080+0500][gc,task       ] GC(126) Using 4 workers of 4 for evacuation
[2020-04-08T02:09:38.092+0500][gc,phases     ] GC(126)   Pre Evacuate Collection Set: 2.6ms
[2020-04-08T02:09:38.092+0500][gc,phases     ] GC(126)   Evacuate Collection Set: 7.4ms
[2020-04-08T02:09:38.092+0500][gc,phases     ] GC(126)   Post Evacuate Collection Set: 0.5ms
[2020-04-08T02:09:38.092+0500][gc,phases     ] GC(126)   Other: 1.8ms
[2020-04-08T02:09:38.092+0500][gc,heap       ] GC(126) Eden regions: 70->0(79)
[2020-04-08T02:09:38.092+0500][gc,heap       ] GC(126) Survivor regions: 1->1(9)
[2020-04-08T02:09:38.092+0500][gc,heap       ] GC(126) Old regions: 20->20
[2020-04-08T02:09:38.092+0500][gc,heap       ] GC(126) Humongous regions: 129->129
[2020-04-08T02:09:38.092+0500][gc,metaspace  ] GC(126) Metaspace: 48332K->48332K(1093632K)
[2020-04-08T02:09:38.092+0500][gc            ] GC(126) Pause Young (Normal) (G1 Evacuation Pause) 218M->148M(1024M) 12.375ms
[2020-04-08T02:09:38.092+0500][gc,cpu        ] GC(126) User=0.01s Sys=0.02s Real=0.01s
[2020-04-08T08:44:51.527+0500][gc,start      ] GC(127) Pause Young (Normal) (G1 Evacuation Pause)
[2020-04-08T08:44:51.528+0500][gc,task       ] GC(127) Using 4 workers of 4 for evacuation
[2020-04-08T08:44:51.540+0500][gc,phases     ] GC(127)   Pre Evacuate Collection Set: 1.3ms
[2020-04-08T08:44:51.540+0500][gc,phases     ] GC(127)   Evacuate Collection Set: 9.0ms
[2020-04-08T08:44:51.540+0500][gc,phases     ] GC(127)   Post Evacuate Collection Set: 0.5ms
[2020-04-08T08:44:51.540+0500][gc,phases     ] GC(127)   Other: 1.9ms
[2020-04-08T08:44:51.540+0500][gc,heap       ] GC(127) Eden regions: 79->0(69)
[2020-04-08T08:44:51.540+0500][gc,heap       ] GC(127) Survivor regions: 1->1(10)
[2020-04-08T08:44:51.540+0500][gc,heap       ] GC(127) Old regions: 20->20
[2020-04-08T08:44:51.540+0500][gc,heap       ] GC(127) Humongous regions: 129->129
[2020-04-08T08:44:51.540+0500][gc,metaspace  ] GC(127) Metaspace: 48332K->48332K(1093632K)
[2020-04-08T08:44:51.540+0500][gc            ] GC(127) Pause Young (Normal) (G1 Evacuation Pause) 227M->148M(1024M) 12.907ms
[2020-04-08T08:44:51.540+0500][gc,cpu        ] GC(127) User=0.01s Sys=0.02s Real=0.02s
[2020-04-08T09:17:28.869+0500][gc,start      ] GC(128) Pause Young (Normal) (G1 Evacuation Pause)
[2020-04-08T09:17:28.873+0500][gc,task       ] GC(128) Using 4 workers of 4 for evacuation
[2020-04-08T09:17:28.886+0500][gc,phases     ] GC(128)   Pre Evacuate Collection Set: 1.9ms
[2020-04-08T09:17:28.887+0500][gc,phases     ] GC(128)   Evacuate Collection Set: 9.7ms
[2020-04-08T09:17:28.887+0500][gc,phases     ] GC(128)   Post Evacuate Collection Set: 0.8ms
[2020-04-08T09:17:28.887+0500][gc,phases     ] GC(128)   Other: 4.6ms
[2020-04-08T09:17:28.887+0500][gc,heap       ] GC(128) Eden regions: 69->0(78)
[2020-04-08T09:17:28.887+0500][gc,heap       ] GC(128) Survivor regions: 1->1(9)
[2020-04-08T09:17:28.887+0500][gc,heap       ] GC(128) Old regions: 20->20
[2020-04-08T09:17:28.887+0500][gc,heap       ] GC(128) Humongous regions: 129->129
[2020-04-08T09:17:28.887+0500][gc,metaspace  ] GC(128) Metaspace: 48332K->48332K(1093632K)
[2020-04-08T09:17:28.888+0500][gc            ] GC(128) Pause Young (Normal) (G1 Evacuation Pause) 217M->148M(1024M) 18.384ms
[2020-04-08T09:17:28.888+0500][gc,cpu        ] GC(128) User=0.01s Sys=0.03s Real=0.02s
[2020-04-08T09:54:34.300+0500][gc,start      ] GC(129) Pause Young (Normal) (G1 Evacuation Pause)
[2020-04-08T09:54:34.301+0500][gc,task       ] GC(129) Using 4 workers of 4 for evacuation
[2020-04-08T09:54:34.309+0500][gc,phases     ] GC(129)   Pre Evacuate Collection Set: 1.4ms
[2020-04-08T09:54:34.309+0500][gc,phases     ] GC(129)   Evacuate Collection Set: 6.1ms
[2020-04-08T09:54:34.309+0500][gc,phases     ] GC(129)   Post Evacuate Collection Set: 0.5ms
[2020-04-08T09:54:34.309+0500][gc,phases     ] GC(129)   Other: 1.5ms
[2020-04-08T09:54:34.309+0500][gc,heap       ] GC(129) Eden regions: 78->0(88)
[2020-04-08T09:54:34.309+0500][gc,heap       ] GC(129) Survivor regions: 1->1(10)
[2020-04-08T09:54:34.309+0500][gc,heap       ] GC(129) Old regions: 20->20
[2020-04-08T09:54:34.309+0500][gc,heap       ] GC(129) Humongous regions: 129->129
[2020-04-08T09:54:34.309+0500][gc,metaspace  ] GC(129) Metaspace: 48335K->48335K(1093632K)
[2020-04-08T09:54:34.309+0500][gc            ] GC(129) Pause Young (Normal) (G1 Evacuation Pause) 226M->148M(1024M) 9.637ms
[2020-04-08T09:54:34.309+0500][gc,cpu        ] GC(129) User=0.01s Sys=0.01s Real=0.00s
[2020-04-08T10:36:18.677+0500][gc,start      ] GC(130) Pause Young (Normal) (G1 Evacuation Pause)
[2020-04-08T10:36:18.678+0500][gc,task       ] GC(130) Using 4 workers of 4 for evacuation
[2020-04-08T10:36:18.693+0500][gc,phases     ] GC(130)   Pre Evacuate Collection Set: 3.9ms
[2020-04-08T10:36:18.694+0500][gc,phases     ] GC(130)   Evacuate Collection Set: 10.0ms
[2020-04-08T10:36:18.694+0500][gc,phases     ] GC(130)   Post Evacuate Collection Set: 0.7ms
[2020-04-08T10:36:18.694+0500][gc,phases     ] GC(130)   Other: 1.7ms
[2020-04-08T10:36:18.694+0500][gc,heap       ] GC(130) Eden regions: 88->0(90)
[2020-04-08T10:36:18.694+0500][gc,heap       ] GC(130) Survivor regions: 1->1(12)
[2020-04-08T10:36:18.694+0500][gc,heap       ] GC(130) Old regions: 20->20
[2020-04-08T10:36:18.694+0500][gc,heap       ] GC(130) Humongous regions: 129->129
[2020-04-08T10:36:18.694+0500][gc,metaspace  ] GC(130) Metaspace: 48335K->48335K(1093632K)
[2020-04-08T10:36:18.695+0500][gc            ] GC(130) Pause Young (Normal) (G1 Evacuation Pause) 236M->148M(1024M) 17.620ms
[2020-04-08T10:36:18.695+0500][gc,cpu        ] GC(130) User=0.00s Sys=0.02s Real=0.02s
[2020-04-08T11:20:58.530+0500][gc,start      ] GC(131) Pause Young (Normal) (G1 Evacuation Pause)
[2020-04-08T11:20:58.531+0500][gc,task       ] GC(131) Using 4 workers of 4 for evacuation
[2020-04-08T11:20:58.547+0500][gc,phases     ] GC(131)   Pre Evacuate Collection Set: 1.5ms
[2020-04-08T11:20:58.547+0500][gc,phases     ] GC(131)   Evacuate Collection Set: 13.0ms
[2020-04-08T11:20:58.547+0500][gc,phases     ] GC(131)   Post Evacuate Collection Set: 0.6ms
[2020-04-08T11:20:58.547+0500][gc,phases     ] GC(131)   Other: 1.8ms
[2020-04-08T11:20:58.547+0500][gc,heap       ] GC(131) Eden regions: 90->0(72)
[2020-04-08T11:20:58.547+0500][gc,heap       ] GC(131) Survivor regions: 1->1(12)
[2020-04-08T11:20:58.547+0500][gc,heap       ] GC(131) Old regions: 20->20
[2020-04-08T11:20:58.547+0500][gc,heap       ] GC(131) Humongous regions: 129->129
[2020-04-08T11:20:58.547+0500][gc,metaspace  ] GC(131) Metaspace: 48335K->48335K(1093632K)
[2020-04-08T11:20:58.547+0500][gc            ] GC(131) Pause Young (Normal) (G1 Evacuation Pause) 238M->148M(1024M) 17.253ms
[2020-04-08T11:20:58.547+0500][gc,cpu        ] GC(131) User=0.01s Sys=0.03s Real=0.01s
[2020-04-08T11:55:08.141+0500][gc,start      ] GC(132) Pause Young (Normal) (G1 Evacuation Pause)
[2020-04-08T11:55:08.142+0500][gc,task       ] GC(132) Using 4 workers of 4 for evacuation
[2020-04-08T11:55:08.152+0500][gc,phases     ] GC(132)   Pre Evacuate Collection Set: 1.8ms
[2020-04-08T11:55:08.152+0500][gc,phases     ] GC(132)   Evacuate Collection Set: 7.2ms
[2020-04-08T11:55:08.152+0500][gc,phases     ] GC(132)   Post Evacuate Collection Set: 0.6ms
[2020-04-08T11:55:08.152+0500][gc,phases     ] GC(132)   Other: 6.1ms
[2020-04-08T11:55:08.152+0500][gc,heap       ] GC(132) Eden regions: 72->0(78)
[2020-04-08T11:55:08.152+0500][gc,heap       ] GC(132) Survivor regions: 1->1(10)
[2020-04-08T11:55:08.152+0500][gc,heap       ] GC(132) Old regions: 20->20
[2020-04-08T11:55:08.152+0500][gc,heap       ] GC(132) Humongous regions: 129->129
[2020-04-08T11:55:08.152+0500][gc,metaspace  ] GC(132) Metaspace: 48335K->48335K(1093632K)
[2020-04-08T11:55:08.153+0500][gc            ] GC(132) Pause Young (Normal) (G1 Evacuation Pause) 220M->148M(1024M) 12.867ms
[2020-04-08T11:55:08.153+0500][gc,cpu        ] GC(132) User=0.01s Sys=0.02s Real=0.01s
[2020-04-08T12:32:07.879+0500][gc,start      ] GC(133) Pause Young (Normal) (G1 Evacuation Pause)
[2020-04-08T12:32:07.880+0500][gc,task       ] GC(133) Using 4 workers of 4 for evacuation
[2020-04-08T12:32:07.890+0500][gc,phases     ] GC(133)   Pre Evacuate Collection Set: 1.8ms
[2020-04-08T12:32:07.890+0500][gc,phases     ] GC(133)   Evacuate Collection Set: 7.4ms
[2020-04-08T12:32:07.890+0500][gc,phases     ] GC(133)   Post Evacuate Collection Set: 0.5ms
[2020-04-08T12:32:07.891+0500][gc,phases     ] GC(133)   Other: 1.8ms
[2020-04-08T12:32:07.891+0500][gc,heap       ] GC(133) Eden regions: 78->0(86)
[2020-04-08T12:32:07.891+0500][gc,heap       ] GC(133) Survivor regions: 1->1(10)
[2020-04-08T12:32:07.891+0500][gc,heap       ] GC(133) Old regions: 20->20
[2020-04-08T12:32:07.891+0500][gc,heap       ] GC(133) Humongous regions: 129->129
[2020-04-08T12:32:07.891+0500][gc,metaspace  ] GC(133) Metaspace: 48335K->48335K(1093632K)
[2020-04-08T12:32:07.891+0500][gc            ] GC(133) Pause Young (Normal) (G1 Evacuation Pause) 226M->148M(1024M) 11.667ms
[2020-04-08T12:32:07.891+0500][gc,cpu        ] GC(133) User=0.01s Sys=0.02s Real=0.02s
[2020-04-08T13:36:05.430+0500][gc,start      ] GC(134) Pause Young (Normal) (G1 Evacuation Pause)
[2020-04-08T13:36:05.438+0500][gc,task       ] GC(134) Using 4 workers of 4 for evacuation
[2020-04-08T13:36:05.452+0500][gc,phases     ] GC(134)   Pre Evacuate Collection Set: 2.2ms
[2020-04-08T13:36:05.452+0500][gc,phases     ] GC(134)   Evacuate Collection Set: 10.4ms
[2020-04-08T13:36:05.453+0500][gc,phases     ] GC(134)   Post Evacuate Collection Set: 1.1ms
[2020-04-08T13:36:05.453+0500][gc,phases     ] GC(134)   Other: 8.6ms
[2020-04-08T13:36:05.453+0500][gc,heap       ] GC(134) Eden regions: 86->0(103)
[2020-04-08T13:36:05.453+0500][gc,heap       ] GC(134) Survivor regions: 1->1(11)
[2020-04-08T13:36:05.453+0500][gc,heap       ] GC(134) Old regions: 20->20
[2020-04-08T13:36:05.453+0500][gc,heap       ] GC(134) Humongous regions: 129->129
[2020-04-08T13:36:05.453+0500][gc,metaspace  ] GC(134) Metaspace: 48335K->48335K(1093632K)
[2020-04-08T13:36:05.454+0500][gc            ] GC(134) Pause Young (Normal) (G1 Evacuation Pause) 234M->148M(1024M) 23.721ms
[2020-04-08T13:36:05.454+0500][gc,cpu        ] GC(134) User=0.01s Sys=0.02s Real=0.02s
[2020-04-08T14:25:02.117+0500][gc,start      ] GC(135) Pause Young (Normal) (G1 Evacuation Pause)
[2020-04-08T14:25:02.119+0500][gc,task       ] GC(135) Using 4 workers of 4 for evacuation
[2020-04-08T14:25:02.131+0500][gc,phases     ] GC(135)   Pre Evacuate Collection Set: 1.4ms
[2020-04-08T14:25:02.131+0500][gc,phases     ] GC(135)   Evacuate Collection Set: 9.3ms
[2020-04-08T14:25:02.131+0500][gc,phases     ] GC(135)   Post Evacuate Collection Set: 0.6ms
[2020-04-08T14:25:02.131+0500][gc,phases     ] GC(135)   Other: 2.6ms
[2020-04-08T14:25:02.131+0500][gc,heap       ] GC(135) Eden regions: 103->0(198)
[2020-04-08T14:25:02.131+0500][gc,heap       ] GC(135) Survivor regions: 1->1(13)
[2020-04-08T14:25:02.131+0500][gc,heap       ] GC(135) Old regions: 20->20
[2020-04-08T14:25:02.131+0500][gc,heap       ] GC(135) Humongous regions: 129->129
[2020-04-08T14:25:02.131+0500][gc,metaspace  ] GC(135) Metaspace: 48335K->48335K(1093632K)
[2020-04-08T14:25:02.131+0500][gc            ] GC(135) Pause Young (Normal) (G1 Evacuation Pause) 251M->148M(1024M) 14.342ms
[2020-04-08T14:25:02.131+0500][gc,cpu        ] GC(135) User=0.00s Sys=0.02s Real=0.02s
[2020-04-08T16:01:15.233+0500][gc,start      ] GC(136) Pause Young (Normal) (G1 Evacuation Pause)
[2020-04-08T16:01:15.236+0500][gc,task       ] GC(136) Using 4 workers of 4 for evacuation
[2020-04-08T16:01:15.266+0500][gc,mmu        ] GC(136) MMU target violated: 21.0ms (20.0ms/21.0ms)
[2020-04-08T16:01:15.266+0500][gc,phases     ] GC(136)   Pre Evacuate Collection Set: 4.1ms
[2020-04-08T16:01:15.266+0500][gc,phases     ] GC(136)   Evacuate Collection Set: 17.3ms
[2020-04-08T16:01:15.266+0500][gc,phases     ] GC(136)   Post Evacuate Collection Set: 0.8ms
[2020-04-08T16:01:15.266+0500][gc,phases     ] GC(136)   Other: 11.1ms
[2020-04-08T16:01:15.266+0500][gc,heap       ] GC(136) Eden regions: 198->0(249)
[2020-04-08T16:01:15.266+0500][gc,heap       ] GC(136) Survivor regions: 1->1(25)
[2020-04-08T16:01:15.267+0500][gc,heap       ] GC(136) Old regions: 20->20
[2020-04-08T16:01:15.267+0500][gc,heap       ] GC(136) Humongous regions: 129->129
[2020-04-08T16:01:15.267+0500][gc,metaspace  ] GC(136) Metaspace: 48362K->48362K(1093632K)
[2020-04-08T16:01:15.268+0500][gc            ] GC(136) Pause Young (Normal) (G1 Evacuation Pause) 346M->148M(1024M) 34.447ms
[2020-04-08T16:01:15.268+0500][gc,cpu        ] GC(136) User=0.01s Sys=0.02s Real=0.03s
[2020-04-08T18:10:51.017+0500][gc,start      ] GC(137) Pause Young (Normal) (G1 Evacuation Pause)
[2020-04-08T18:10:51.018+0500][gc,task       ] GC(137) Using 4 workers of 4 for evacuation
[2020-04-08T18:10:51.099+0500][gc,mmu        ] GC(137) MMU target violated: 21.0ms (20.0ms/21.0ms)
[2020-04-08T18:10:51.099+0500][gc,phases     ] GC(137)   Pre Evacuate Collection Set: 11.4ms
[2020-04-08T18:10:51.099+0500][gc,phases     ] GC(137)   Evacuate Collection Set: 55.5ms
[2020-04-08T18:10:51.099+0500][gc,phases     ] GC(137)   Post Evacuate Collection Set: 5.6ms
[2020-04-08T18:10:51.100+0500][gc,phases     ] GC(137)   Other: 12.5ms
[2020-04-08T18:10:51.100+0500][gc,heap       ] GC(137) Eden regions: 249->0(50)
[2020-04-08T18:10:51.100+0500][gc,heap       ] GC(137) Survivor regions: 1->1(32)
[2020-04-08T18:10:51.100+0500][gc,heap       ] GC(137) Old regions: 20->20
[2020-04-08T18:10:51.100+0500][gc,heap       ] GC(137) Humongous regions: 129->129
[2020-04-08T18:10:51.100+0500][gc,metaspace  ] GC(137) Metaspace: 48362K->48362K(1093632K)
[2020-04-08T18:10:51.100+0500][gc            ] GC(137) Pause Young (Normal) (G1 Evacuation Pause) 397M->148M(1024M) 83.928ms
[2020-04-08T18:10:51.100+0500][gc,cpu        ] GC(137) User=0.01s Sys=0.05s Real=0.09s
[2020-04-08T20:23:20.610+0500][gc,start      ] GC(138) Pause Young (Normal) (G1 Evacuation Pause)
[2020-04-08T20:23:20.618+0500][gc,task       ] GC(138) Using 4 workers of 4 for evacuation
[2020-04-08T20:23:20.637+0500][gc,phases     ] GC(138)   Pre Evacuate Collection Set: 9.1ms
[2020-04-08T20:23:20.637+0500][gc,phases     ] GC(138)   Evacuate Collection Set: 8.6ms
[2020-04-08T20:23:20.637+0500][gc,phases     ] GC(138)   Post Evacuate Collection Set: 0.7ms
[2020-04-08T20:23:20.638+0500][gc,phases     ] GC(138)   Other: 9.0ms
[2020-04-08T20:23:20.638+0500][gc,heap       ] GC(138) Eden regions: 50->0(57)
[2020-04-08T20:23:20.638+0500][gc,heap       ] GC(138) Survivor regions: 1->1(7)
[2020-04-08T20:23:20.638+0500][gc,heap       ] GC(138) Old regions: 20->20
[2020-04-08T20:23:20.638+0500][gc,heap       ] GC(138) Humongous regions: 129->129
[2020-04-08T20:23:20.638+0500][gc,metaspace  ] GC(138) Metaspace: 48362K->48362K(1093632K)
[2020-04-08T20:23:20.639+0500][gc            ] GC(138) Pause Young (Normal) (G1 Evacuation Pause) 198M->148M(1024M) 28.830ms
[2020-04-08T20:23:20.639+0500][gc,cpu        ] GC(138) User=0.01s Sys=0.03s Real=0.02s
[2020-04-08T20:56:06.776+0500][gc,start      ] GC(139) Pause Young (Normal) (G1 Evacuation Pause)
[2020-04-08T20:56:06.776+0500][gc,task       ] GC(139) Using 4 workers of 4 for evacuation
[2020-04-08T20:56:06.790+0500][gc,phases     ] GC(139)   Pre Evacuate Collection Set: 1.5ms
[2020-04-08T20:56:06.790+0500][gc,phases     ] GC(139)   Evacuate Collection Set: 10.8ms
[2020-04-08T20:56:06.790+0500][gc,phases     ] GC(139)   Post Evacuate Collection Set: 0.8ms
[2020-04-08T20:56:06.790+0500][gc,phases     ] GC(139)   Other: 1.4ms
[2020-04-08T20:56:06.790+0500][gc,heap       ] GC(139) Eden regions: 57->0(59)
[2020-04-08T20:56:06.790+0500][gc,heap       ] GC(139) Survivor regions: 1->1(8)
[2020-04-08T20:56:06.790+0500][gc,heap       ] GC(139) Old regions: 20->20
[2020-04-08T20:56:06.790+0500][gc,heap       ] GC(139) Humongous regions: 129->129
[2020-04-08T20:56:06.790+0500][gc,metaspace  ] GC(139) Metaspace: 48362K->48362K(1093632K)
[2020-04-08T20:56:06.790+0500][gc            ] GC(139) Pause Young (Normal) (G1 Evacuation Pause) 205M->148M(1024M) 14.682ms
[2020-04-08T20:56:06.790+0500][gc,cpu        ] GC(139) User=0.01s Sys=0.02s Real=0.02s
[2020-04-08T21:23:56.617+0500][gc,start      ] GC(140) Pause Young (Normal) (G1 Evacuation Pause)
[2020-04-08T21:23:56.618+0500][gc,task       ] GC(140) Using 4 workers of 4 for evacuation
[2020-04-08T21:23:56.630+0500][gc,phases     ] GC(140)   Pre Evacuate Collection Set: 1.6ms
[2020-04-08T21:23:56.630+0500][gc,phases     ] GC(140)   Evacuate Collection Set: 9.1ms
[2020-04-08T21:23:56.630+0500][gc,phases     ] GC(140)   Post Evacuate Collection Set: 0.8ms
[2020-04-08T21:23:56.630+0500][gc,phases     ] GC(140)   Other: 2.2ms
[2020-04-08T21:23:56.630+0500][gc,heap       ] GC(140) Eden regions: 59->0(61)
[2020-04-08T21:23:56.630+0500][gc,heap       ] GC(140) Survivor regions: 1->1(8)
[2020-04-08T21:23:56.630+0500][gc,heap       ] GC(140) Old regions: 20->20
[2020-04-08T21:23:56.631+0500][gc,heap       ] GC(140) Humongous regions: 129->129
[2020-04-08T21:23:56.631+0500][gc,metaspace  ] GC(140) Metaspace: 48362K->48362K(1093632K)
[2020-04-08T21:23:56.632+0500][gc            ] GC(140) Pause Young (Normal) (G1 Evacuation Pause) 207M->148M(1024M) 15.177ms
[2020-04-08T21:23:56.632+0500][gc,cpu        ] GC(140) User=0.00s Sys=0.02s Real=0.02s
[2020-04-08T21:52:45.782+0500][gc,start      ] GC(141) Pause Young (Normal) (G1 Evacuation Pause)
[2020-04-08T21:52:45.786+0500][gc,task       ] GC(141) Using 4 workers of 4 for evacuation
[2020-04-08T21:52:45.800+0500][gc,phases     ] GC(141)   Pre Evacuate Collection Set: 3.3ms
[2020-04-08T21:52:45.800+0500][gc,phases     ] GC(141)   Evacuate Collection Set: 7.5ms
[2020-04-08T21:52:45.800+0500][gc,phases     ] GC(141)   Post Evacuate Collection Set: 2.0ms
[2020-04-08T21:52:45.800+0500][gc,phases     ] GC(141)   Other: 4.5ms
[2020-04-08T21:52:45.800+0500][gc,heap       ] GC(141) Eden regions: 61->0(63)
[2020-04-08T21:52:45.800+0500][gc,heap       ] GC(141) Survivor regions: 1->1(8)
[2020-04-08T21:52:45.800+0500][gc,heap       ] GC(141) Old regions: 20->20
[2020-04-08T21:52:45.800+0500][gc,heap       ] GC(141) Humongous regions: 129->129
[2020-04-08T21:52:45.800+0500][gc,metaspace  ] GC(141) Metaspace: 48362K->48362K(1093632K)
[2020-04-08T21:52:45.800+0500][gc            ] GC(141) Pause Young (Normal) (G1 Evacuation Pause) 209M->148M(1024M) 17.437ms
[2020-04-08T21:52:45.800+0500][gc,cpu        ] GC(141) User=0.01s Sys=0.02s Real=0.02s
[2020-04-08T22:22:41.634+0500][gc,start      ] GC(142) Pause Young (Normal) (G1 Evacuation Pause)
[2020-04-08T22:22:41.635+0500][gc,task       ] GC(142) Using 4 workers of 4 for evacuation
[2020-04-08T22:22:41.645+0500][gc,phases     ] GC(142)   Pre Evacuate Collection Set: 1.7ms
[2020-04-08T22:22:41.645+0500][gc,phases     ] GC(142)   Evacuate Collection Set: 7.3ms
[2020-04-08T22:22:41.645+0500][gc,phases     ] GC(142)   Post Evacuate Collection Set: 0.6ms
[2020-04-08T22:22:41.645+0500][gc,phases     ] GC(142)   Other: 5.7ms
[2020-04-08T22:22:41.645+0500][gc,heap       ] GC(142) Eden regions: 63->0(67)
[2020-04-08T22:22:41.645+0500][gc,heap       ] GC(142) Survivor regions: 1->1(8)
[2020-04-08T22:22:41.646+0500][gc,heap       ] GC(142) Old regions: 20->20
[2020-04-08T22:22:41.646+0500][gc,heap       ] GC(142) Humongous regions: 129->129
[2020-04-08T22:22:41.646+0500][gc,metaspace  ] GC(142) Metaspace: 48362K->48362K(1093632K)
[2020-04-08T22:22:41.647+0500][gc            ] GC(142) Pause Young (Normal) (G1 Evacuation Pause) 211M->148M(1024M) 12.592ms
[2020-04-08T22:22:41.647+0500][gc,cpu        ] GC(142) User=0.01s Sys=0.02s Real=0.01s
[2020-04-08T22:54:21.592+0500][gc,start      ] GC(143) Pause Young (Normal) (G1 Evacuation Pause)
[2020-04-08T22:54:21.593+0500][gc,task       ] GC(143) Using 4 workers of 4 for evacuation
[2020-04-08T22:54:21.603+0500][gc,phases     ] GC(143)   Pre Evacuate Collection Set: 1.5ms
[2020-04-08T22:54:21.603+0500][gc,phases     ] GC(143)   Evacuate Collection Set: 7.8ms
[2020-04-08T22:54:21.603+0500][gc,phases     ] GC(143)   Post Evacuate Collection Set: 0.5ms
[2020-04-08T22:54:21.603+0500][gc,phases     ] GC(143)   Other: 1.4ms
[2020-04-08T22:54:21.603+0500][gc,heap       ] GC(143) Eden regions: 67->0(74)
[2020-04-08T22:54:21.603+0500][gc,heap       ] GC(143) Survivor regions: 1->1(9)
[2020-04-08T22:54:21.603+0500][gc,heap       ] GC(143) Old regions: 20->20
[2020-04-08T22:54:21.603+0500][gc,heap       ] GC(143) Humongous regions: 129->129
[2020-04-08T22:54:21.603+0500][gc,metaspace  ] GC(143) Metaspace: 48362K->48362K(1093632K)
[2020-04-08T22:54:21.603+0500][gc            ] GC(143) Pause Young (Normal) (G1 Evacuation Pause) 215M->148M(1024M) 11.322ms
[2020-04-08T22:54:21.603+0500][gc,cpu        ] GC(143) User=0.01s Sys=0.02s Real=0.01s
[2020-04-08T23:29:28.936+0500][gc,start      ] GC(144) Pause Young (Normal) (G1 Evacuation Pause)
[2020-04-08T23:29:28.937+0500][gc,task       ] GC(144) Using 4 workers of 4 for evacuation
[2020-04-08T23:29:28.949+0500][gc,phases     ] GC(144)   Pre Evacuate Collection Set: 1.5ms
[2020-04-08T23:29:28.949+0500][gc,phases     ] GC(144)   Evacuate Collection Set: 8.0ms
[2020-04-08T23:29:28.949+0500][gc,phases     ] GC(144)   Post Evacuate Collection Set: 1.3ms
[2020-04-08T23:29:28.949+0500][gc,phases     ] GC(144)   Other: 1.6ms
[2020-04-08T23:29:28.949+0500][gc,heap       ] GC(144) Eden regions: 74->0(82)
[2020-04-08T23:29:28.949+0500][gc,heap       ] GC(144) Survivor regions: 1->1(10)
[2020-04-08T23:29:28.949+0500][gc,heap       ] GC(144) Old regions: 20->20
[2020-04-08T23:29:28.949+0500][gc,heap       ] GC(144) Humongous regions: 129->129
[2020-04-08T23:29:28.949+0500][gc,metaspace  ] GC(144) Metaspace: 48362K->48362K(1093632K)
[2020-04-08T23:29:28.950+0500][gc            ] GC(144) Pause Young (Normal) (G1 Evacuation Pause) 222M->148M(1024M) 13.990ms
[2020-04-08T23:29:28.950+0500][gc,cpu        ] GC(144) User=0.01s Sys=0.02s Real=0.02s
[2020-04-09T00:08:41.485+0500][gc,start      ] GC(145) Pause Young (Normal) (G1 Evacuation Pause)
[2020-04-09T00:08:41.489+0500][gc,task       ] GC(145) Using 4 workers of 4 for evacuation
[2020-04-09T00:08:41.499+0500][gc,phases     ] GC(145)   Pre Evacuate Collection Set: 1.8ms
[2020-04-09T00:08:41.499+0500][gc,phases     ] GC(145)   Evacuate Collection Set: 7.6ms
[2020-04-09T00:08:41.499+0500][gc,phases     ] GC(145)   Post Evacuate Collection Set: 0.6ms
[2020-04-09T00:08:41.499+0500][gc,phases     ] GC(145)   Other: 4.7ms
[2020-04-09T00:08:41.499+0500][gc,heap       ] GC(145) Eden regions: 82->0(93)
[2020-04-09T00:08:41.499+0500][gc,heap       ] GC(145) Survivor regions: 1->1(11)
[2020-04-09T00:08:41.499+0500][gc,heap       ] GC(145) Old regions: 20->20
[2020-04-09T00:08:41.499+0500][gc,heap       ] GC(145) Humongous regions: 129->129
[2020-04-09T00:08:41.499+0500][gc,metaspace  ] GC(145) Metaspace: 48362K->48362K(1093632K)
[2020-04-09T00:08:41.499+0500][gc            ] GC(145) Pause Young (Normal) (G1 Evacuation Pause) 230M->148M(1024M) 14.752ms
[2020-04-09T00:08:41.499+0500][gc,cpu        ] GC(145) User=0.01s Sys=0.02s Real=0.01s
[2020-04-09T00:53:07.330+0500][gc,start      ] GC(146) Pause Young (Normal) (G1 Evacuation Pause)
[2020-04-09T00:53:07.331+0500][gc,task       ] GC(146) Using 4 workers of 4 for evacuation
[2020-04-09T00:53:07.345+0500][gc,phases     ] GC(146)   Pre Evacuate Collection Set: 1.3ms
[2020-04-09T00:53:07.345+0500][gc,phases     ] GC(146)   Evacuate Collection Set: 11.1ms
[2020-04-09T00:53:07.345+0500][gc,phases     ] GC(146)   Post Evacuate Collection Set: 1.7ms
[2020-04-09T00:53:07.345+0500][gc,phases     ] GC(146)   Other: 1.6ms
[2020-04-09T00:53:07.345+0500][gc,heap       ] GC(146) Eden regions: 93->0(84)
[2020-04-09T00:53:07.346+0500][gc,heap       ] GC(146) Survivor regions: 1->1(12)
[2020-04-09T00:53:07.346+0500][gc,heap       ] GC(146) Old regions: 20->20
[2020-04-09T00:53:07.346+0500][gc,heap       ] GC(146) Humongous regions: 129->129
[2020-04-09T00:53:07.346+0500][gc,metaspace  ] GC(146) Metaspace: 48362K->48362K(1093632K)
[2020-04-09T00:53:07.347+0500][gc            ] GC(146) Pause Young (Normal) (G1 Evacuation Pause) 241M->148M(1024M) 17.161ms
[2020-04-09T00:53:07.347+0500][gc,cpu        ] GC(146) User=0.01s Sys=0.02s Real=0.01s
[2020-04-09T01:33:09.787+0500][gc,start      ] GC(147) Pause Young (Normal) (G1 Evacuation Pause)
[2020-04-09T01:33:09.788+0500][gc,task       ] GC(147) Using 4 workers of 4 for evacuation
[2020-04-09T01:33:09.798+0500][gc,phases     ] GC(147)   Pre Evacuate Collection Set: 1.8ms
[2020-04-09T01:33:09.798+0500][gc,phases     ] GC(147)   Evacuate Collection Set: 7.0ms
[2020-04-09T01:33:09.798+0500][gc,phases     ] GC(147)   Post Evacuate Collection Set: 0.7ms
[2020-04-09T01:33:09.798+0500][gc,phases     ] GC(147)   Other: 1.5ms
[2020-04-09T01:33:09.798+0500][gc,heap       ] GC(147) Eden regions: 84->0(93)
[2020-04-09T01:33:09.798+0500][gc,heap       ] GC(147) Survivor regions: 1->1(11)
[2020-04-09T01:33:09.798+0500][gc,heap       ] GC(147) Old regions: 20->20
[2020-04-09T01:33:09.798+0500][gc,heap       ] GC(147) Humongous regions: 129->129
[2020-04-09T01:33:09.798+0500][gc,metaspace  ] GC(147) Metaspace: 48362K->48362K(1093632K)
[2020-04-09T01:33:09.798+0500][gc            ] GC(147) Pause Young (Normal) (G1 Evacuation Pause) 232M->148M(1024M) 11.186ms
[2020-04-09T01:33:09.798+0500][gc,cpu        ] GC(147) User=0.00s Sys=0.02s Real=0.01s
[2020-04-09T02:17:31.361+0500][gc,start      ] GC(148) Pause Young (Normal) (G1 Evacuation Pause)
[2020-04-09T02:17:31.365+0500][gc,task       ] GC(148) Using 4 workers of 4 for evacuation
[2020-04-09T02:17:31.411+0500][gc,mmu        ] GC(148) MMU target violated: 21.0ms (20.0ms/21.0ms)
[2020-04-09T02:17:31.411+0500][gc,phases     ] GC(148)   Pre Evacuate Collection Set: 1.5ms
[2020-04-09T02:17:31.411+0500][gc,phases     ] GC(148)   Evacuate Collection Set: 43.1ms
[2020-04-09T02:17:31.411+0500][gc,phases     ] GC(148)   Post Evacuate Collection Set: 1.0ms
[2020-04-09T02:17:31.411+0500][gc,phases     ] GC(148)   Other: 4.0ms
[2020-04-09T02:17:31.411+0500][gc,heap       ] GC(148) Eden regions: 93->0(94)
[2020-04-09T02:17:31.411+0500][gc,heap       ] GC(148) Survivor regions: 1->1(12)
[2020-04-09T02:17:31.411+0500][gc,heap       ] GC(148) Old regions: 20->20
[2020-04-09T02:17:31.411+0500][gc,heap       ] GC(148) Humongous regions: 129->129
[2020-04-09T02:17:31.411+0500][gc,metaspace  ] GC(148) Metaspace: 48364K->48364K(1093632K)
[2020-04-09T02:17:31.413+0500][gc            ] GC(148) Pause Young (Normal) (G1 Evacuation Pause) 241M->148M(1024M) 51.209ms
[2020-04-09T02:17:31.413+0500][gc,cpu        ] GC(148) User=0.01s Sys=0.02s Real=0.05s
[2020-04-09T03:02:08.058+0500][gc,start      ] GC(149) Pause Young (Normal) (G1 Evacuation Pause)
[2020-04-09T03:02:08.060+0500][gc,task       ] GC(149) Using 4 workers of 4 for evacuation
[2020-04-09T03:02:08.103+0500][gc,mmu        ] GC(149) MMU target violated: 21.0ms (20.0ms/21.0ms)
[2020-04-09T03:02:08.103+0500][gc,phases     ] GC(149)   Pre Evacuate Collection Set: 3.2ms
[2020-04-09T03:02:08.103+0500][gc,phases     ] GC(149)   Evacuate Collection Set: 30.6ms
[2020-04-09T03:02:08.103+0500][gc,phases     ] GC(149)   Post Evacuate Collection Set: 4.4ms
[2020-04-09T03:02:08.103+0500][gc,phases     ] GC(149)   Other: 8.3ms
[2020-04-09T03:02:08.103+0500][gc,heap       ] GC(149) Eden regions: 94->0(73)
[2020-04-09T03:02:08.103+0500][gc,heap       ] GC(149) Survivor regions: 1->1(12)
[2020-04-09T03:02:08.103+0500][gc,heap       ] GC(149) Old regions: 20->20
[2020-04-09T03:02:08.103+0500][gc,heap       ] GC(149) Humongous regions: 129->129
[2020-04-09T03:02:08.103+0500][gc,metaspace  ] GC(149) Metaspace: 48364K->48364K(1093632K)
[2020-04-09T03:02:08.103+0500][gc            ] GC(149) Pause Young (Normal) (G1 Evacuation Pause) 242M->148M(1024M) 45.704ms
[2020-04-09T03:02:08.103+0500][gc,cpu        ] GC(149) User=0.01s Sys=0.04s Real=0.05s
[2020-04-09T03:36:46.208+0500][gc,start      ] GC(150) Pause Young (Normal) (G1 Evacuation Pause)
[2020-04-09T03:36:46.209+0500][gc,task       ] GC(150) Using 4 workers of 4 for evacuation
[2020-04-09T03:36:46.223+0500][gc,phases     ] GC(150)   Pre Evacuate Collection Set: 3.6ms
[2020-04-09T03:36:46.223+0500][gc,phases     ] GC(150)   Evacuate Collection Set: 9.5ms
[2020-04-09T03:36:46.223+0500][gc,phases     ] GC(150)   Post Evacuate Collection Set: 0.8ms
[2020-04-09T03:36:46.223+0500][gc,phases     ] GC(150)   Other: 1.6ms
[2020-04-09T03:36:46.223+0500][gc,heap       ] GC(150) Eden regions: 73->0(78)
[2020-04-09T03:36:46.223+0500][gc,heap       ] GC(150) Survivor regions: 1->1(10)
[2020-04-09T03:36:46.223+0500][gc,heap       ] GC(150) Old regions: 20->20
[2020-04-09T03:36:46.223+0500][gc,heap       ] GC(150) Humongous regions: 129->129
[2020-04-09T03:36:46.223+0500][gc,metaspace  ] GC(150) Metaspace: 48365K->48365K(1093632K)
[2020-04-09T03:36:46.225+0500][gc            ] GC(150) Pause Young (Normal) (G1 Evacuation Pause) 221M->148M(1024M) 16.826ms
[2020-04-09T03:36:46.225+0500][gc,cpu        ] GC(150) User=0.00s Sys=0.01s Real=0.02s
