[2020-04-05T12:58:52.096+0500][gc,heap] Heap region size: 1M
[2020-04-05T12:58:52.107+0500][gc     ] Using G1
[2020-04-05T12:58:52.108+0500][gc,heap,coops] Heap address: 0x00000007c0000000, size: 1024 MB, Compressed Oops mode: Zero based, Oop shift amount: 3
[2020-04-05T12:58:53.762+0500][gc,start     ] GC(0) Pause Young (Concurrent Start) (Metadata GC Threshold)
[2020-04-05T12:58:53.763+0500][gc,task      ] GC(0) Using 4 workers of 4 for evacuation
[2020-04-05T12:58:53.777+0500][gc,phases    ] GC(0)   Pre Evacuate Collection Set: 0.0ms
[2020-04-05T12:58:53.777+0500][gc,phases    ] GC(0)   Evacuate Collection Set: 13.7ms
[2020-04-05T12:58:53.777+0500][gc,phases    ] GC(0)   Post Evacuate Collection Set: 0.6ms
[2020-04-05T12:58:53.777+0500][gc,phases    ] GC(0)   Other: 0.5ms
[2020-04-05T12:58:53.777+0500][gc,heap      ] GC(0) Eden regions: 40->0(44)
[2020-04-05T12:58:53.777+0500][gc,heap      ] GC(0) Survivor regions: 0->7(7)
[2020-04-05T12:58:53.777+0500][gc,heap      ] GC(0) Old regions: 0->0
[2020-04-05T12:58:53.777+0500][gc,heap      ] GC(0) Humongous regions: 0->0
[2020-04-05T12:58:53.777+0500][gc,metaspace ] GC(0) Metaspace: 20782K->20782K(1069056K)
[2020-04-05T12:58:53.777+0500][gc           ] GC(0) Pause Young (Concurrent Start) (Metadata GC Threshold) 40M->6M(1024M) 15.100ms
[2020-04-05T12:58:53.777+0500][gc,cpu       ] GC(0) User=0.03s Sys=0.00s Real=0.01s
[2020-04-05T12:58:53.777+0500][gc           ] GC(1) Concurrent Cycle
[2020-04-05T12:58:53.777+0500][gc,marking   ] GC(1) Concurrent Clear Claimed Marks
[2020-04-05T12:58:53.778+0500][gc,marking   ] GC(1) Concurrent Clear Claimed Marks 0.060ms
[2020-04-05T12:58:53.778+0500][gc,marking   ] GC(1) Concurrent Scan Root Regions
[2020-04-05T12:58:53.783+0500][gc,marking   ] GC(1) Concurrent Scan Root Regions 5.060ms
[2020-04-05T12:58:53.783+0500][gc,marking   ] GC(1) Concurrent Mark (1.699s)
[2020-04-05T12:58:53.783+0500][gc,marking   ] GC(1) Concurrent Mark From Roots
[2020-04-05T12:58:53.783+0500][gc,task      ] GC(1) Using 1 workers of 1 for marking
[2020-04-05T12:58:53.783+0500][gc,marking   ] GC(1) Concurrent Mark From Roots 0.256ms
[2020-04-05T12:58:53.783+0500][gc,marking   ] GC(1) Concurrent Preclean
[2020-04-05T12:58:53.783+0500][gc,marking   ] GC(1) Concurrent Preclean 0.053ms
[2020-04-05T12:58:53.783+0500][gc,marking   ] GC(1) Concurrent Mark (1.699s, 1.699s) 0.409ms
[2020-04-05T12:58:53.783+0500][gc,start     ] GC(1) Pause Remark
[2020-04-05T12:58:53.786+0500][gc,stringtable] GC(1) Cleaned string and symbol table, strings: 7356 processed, 0 removed, symbols: 63886 processed, 39 removed
[2020-04-05T12:58:53.786+0500][gc            ] GC(1) Pause Remark 6M->6M(1024M) 2.503ms
[2020-04-05T12:58:53.786+0500][gc,cpu        ] GC(1) User=0.01s Sys=0.00s Real=0.00s
[2020-04-05T12:58:53.786+0500][gc,marking    ] GC(1) Concurrent Rebuild Remembered Sets
[2020-04-05T12:58:53.786+0500][gc,marking    ] GC(1) Concurrent Rebuild Remembered Sets 0.139ms
[2020-04-05T12:58:53.786+0500][gc,start      ] GC(1) Pause Cleanup
[2020-04-05T12:58:53.786+0500][gc            ] GC(1) Pause Cleanup 6M->6M(1024M) 0.182ms
[2020-04-05T12:58:53.786+0500][gc,cpu        ] GC(1) User=0.00s Sys=0.00s Real=0.00s
[2020-04-05T12:58:53.786+0500][gc,marking    ] GC(1) Concurrent Cleanup for Next Mark
[2020-04-05T12:58:53.797+0500][gc,marking    ] GC(1) Concurrent Cleanup for Next Mark 10.321ms
[2020-04-05T12:58:53.797+0500][gc            ] GC(1) Concurrent Cycle 19.470ms
[2020-04-05T12:58:55.276+0500][gc,start      ] GC(2) Pause Young (Normal) (G1 Evacuation Pause)
[2020-04-05T12:58:55.276+0500][gc,task       ] GC(2) Using 4 workers of 4 for evacuation
[2020-04-05T12:58:55.294+0500][gc,phases     ] GC(2)   Pre Evacuate Collection Set: 0.0ms
[2020-04-05T12:58:55.294+0500][gc,phases     ] GC(2)   Evacuate Collection Set: 16.8ms
[2020-04-05T12:58:55.294+0500][gc,phases     ] GC(2)   Post Evacuate Collection Set: 0.8ms
[2020-04-05T12:58:55.294+0500][gc,phases     ] GC(2)   Other: 0.2ms
[2020-04-05T12:58:55.294+0500][gc,heap       ] GC(2) Eden regions: 44->0(49)
[2020-04-05T12:58:55.294+0500][gc,heap       ] GC(2) Survivor regions: 7->2(7)
[2020-04-05T12:58:55.294+0500][gc,heap       ] GC(2) Old regions: 0->7
[2020-04-05T12:58:55.294+0500][gc,heap       ] GC(2) Humongous regions: 0->0
[2020-04-05T12:58:55.294+0500][gc,metaspace  ] GC(2) Metaspace: 29663K->29663K(1075200K)
[2020-04-05T12:58:55.294+0500][gc            ] GC(2) Pause Young (Normal) (G1 Evacuation Pause) 50M->8M(1024M) 18.064ms
[2020-04-05T12:58:55.294+0500][gc,cpu        ] GC(2) User=0.05s Sys=0.01s Real=0.02s
[2020-04-05T12:58:56.053+0500][gc,start      ] GC(3) Pause Young (Concurrent Start) (Metadata GC Threshold)
[2020-04-05T12:58:56.053+0500][gc,task       ] GC(3) Using 4 workers of 4 for evacuation
[2020-04-05T12:58:56.060+0500][gc,phases     ] GC(3)   Pre Evacuate Collection Set: 0.1ms
[2020-04-05T12:58:56.060+0500][gc,phases     ] GC(3)   Evacuate Collection Set: 7.1ms
[2020-04-05T12:58:56.061+0500][gc,phases     ] GC(3)   Post Evacuate Collection Set: 0.4ms
[2020-04-05T12:58:56.061+0500][gc,phases     ] GC(3)   Other: 0.2ms
[2020-04-05T12:58:56.061+0500][gc,heap       ] GC(3) Eden regions: 31->0(46)
[2020-04-05T12:58:56.061+0500][gc,heap       ] GC(3) Survivor regions: 2->5(7)
[2020-04-05T12:58:56.061+0500][gc,heap       ] GC(3) Old regions: 7->7
[2020-04-05T12:58:56.061+0500][gc,heap       ] GC(3) Humongous regions: 129->129
[2020-04-05T12:58:56.061+0500][gc,metaspace  ] GC(3) Metaspace: 34826K->34826K(1081344K)
[2020-04-05T12:58:56.061+0500][gc            ] GC(3) Pause Young (Concurrent Start) (Metadata GC Threshold) 168M->139M(1024M) 7.912ms
[2020-04-05T12:58:56.061+0500][gc,cpu        ] GC(3) User=0.03s Sys=0.00s Real=0.01s
[2020-04-05T12:58:56.061+0500][gc            ] GC(4) Concurrent Cycle
[2020-04-05T12:58:56.061+0500][gc,marking    ] GC(4) Concurrent Clear Claimed Marks
[2020-04-05T12:58:56.061+0500][gc,marking    ] GC(4) Concurrent Clear Claimed Marks 0.080ms
[2020-04-05T12:58:56.061+0500][gc,marking    ] GC(4) Concurrent Scan Root Regions
[2020-04-05T12:58:56.066+0500][gc,marking    ] GC(4) Concurrent Scan Root Regions 4.675ms
[2020-04-05T12:58:56.066+0500][gc,marking    ] GC(4) Concurrent Mark (3.982s)
[2020-04-05T12:58:56.066+0500][gc,marking    ] GC(4) Concurrent Mark From Roots
[2020-04-05T12:58:56.066+0500][gc,task       ] GC(4) Using 1 workers of 1 for marking
[2020-04-05T12:58:56.076+0500][gc,marking    ] GC(4) Concurrent Mark From Roots 10.754ms
[2020-04-05T12:58:56.076+0500][gc,marking    ] GC(4) Concurrent Preclean
[2020-04-05T12:58:56.077+0500][gc,marking    ] GC(4) Concurrent Preclean 0.116ms
[2020-04-05T12:58:56.077+0500][gc,marking    ] GC(4) Concurrent Mark (3.982s, 3.993s) 10.978ms
[2020-04-05T12:58:56.077+0500][gc,start      ] GC(4) Pause Remark
[2020-04-05T12:58:56.080+0500][gc,stringtable] GC(4) Cleaned string and symbol table, strings: 11720 processed, 8 removed, symbols: 95837 processed, 25 removed
[2020-04-05T12:58:56.081+0500][gc            ] GC(4) Pause Remark 141M->141M(1024M) 3.875ms
[2020-04-05T12:58:56.081+0500][gc,cpu        ] GC(4) User=0.02s Sys=0.00s Real=0.01s
[2020-04-05T12:58:56.081+0500][gc,marking    ] GC(4) Concurrent Rebuild Remembered Sets
[2020-04-05T12:58:56.091+0500][gc,marking    ] GC(4) Concurrent Rebuild Remembered Sets 9.828ms
[2020-04-05T12:58:56.092+0500][gc,start      ] GC(4) Pause Cleanup
[2020-04-05T12:58:56.092+0500][gc            ] GC(4) Pause Cleanup 142M->142M(1024M) 0.545ms
[2020-04-05T12:58:56.092+0500][gc,cpu        ] GC(4) User=0.00s Sys=0.00s Real=0.00s
[2020-04-05T12:58:56.093+0500][gc,marking    ] GC(4) Concurrent Cleanup for Next Mark
[2020-04-05T12:58:56.105+0500][gc,marking    ] GC(4) Concurrent Cleanup for Next Mark 13.222ms
[2020-04-05T12:58:56.106+0500][gc            ] GC(4) Concurrent Cycle 45.101ms
[2020-04-05T12:59:01.642+0500][gc,start      ] GC(5) Pause Young (Normal) (G1 Evacuation Pause)
[2020-04-05T12:59:01.642+0500][gc,task       ] GC(5) Using 4 workers of 4 for evacuation
[2020-04-05T12:59:01.655+0500][gc,phases     ] GC(5)   Pre Evacuate Collection Set: 0.0ms
[2020-04-05T12:59:01.655+0500][gc,phases     ] GC(5)   Evacuate Collection Set: 11.7ms
[2020-04-05T12:59:01.655+0500][gc,phases     ] GC(5)   Post Evacuate Collection Set: 0.8ms
[2020-04-05T12:59:01.655+0500][gc,phases     ] GC(5)   Other: 0.3ms
[2020-04-05T12:59:01.655+0500][gc,heap       ] GC(5) Eden regions: 46->0(45)
[2020-04-05T12:59:01.655+0500][gc,heap       ] GC(5) Survivor regions: 5->6(7)
[2020-04-05T12:59:01.655+0500][gc,heap       ] GC(5) Old regions: 7->8
[2020-04-05T12:59:01.655+0500][gc,heap       ] GC(5) Humongous regions: 153->129
[2020-04-05T12:59:01.655+0500][gc,metaspace  ] GC(5) Metaspace: 43310K->43310K(1087488K)
[2020-04-05T12:59:01.655+0500][gc            ] GC(5) Pause Young (Normal) (G1 Evacuation Pause) 209M->142M(1024M) 12.994ms
[2020-04-05T12:59:01.655+0500][gc,cpu        ] GC(5) User=0.04s Sys=0.00s Real=0.01s
[2020-04-05T13:07:52.328+0500][gc,start      ] GC(6) Pause Young (Normal) (G1 Evacuation Pause)
[2020-04-05T13:07:52.328+0500][gc,task       ] GC(6) Using 4 workers of 4 for evacuation
[2020-04-05T13:07:52.425+0500][gc,mmu        ] GC(6) MMU target violated: 21.0ms (20.0ms/21.0ms)
[2020-04-05T13:07:52.425+0500][gc,phases     ] GC(6)   Pre Evacuate Collection Set: 1.5ms
[2020-04-05T13:07:52.425+0500][gc,phases     ] GC(6)   Evacuate Collection Set: 91.9ms
[2020-04-05T13:07:52.425+0500][gc,phases     ] GC(6)   Post Evacuate Collection Set: 2.7ms
[2020-04-05T13:07:52.425+0500][gc,phases     ] GC(6)   Other: 0.9ms
[2020-04-05T13:07:52.425+0500][gc,heap       ] GC(6) Eden regions: 45->0(45)
[2020-04-05T13:07:52.425+0500][gc,heap       ] GC(6) Survivor regions: 6->6(7)
[2020-04-05T13:07:52.425+0500][gc,heap       ] GC(6) Old regions: 8->11
[2020-04-05T13:07:52.425+0500][gc,heap       ] GC(6) Humongous regions: 129->129
[2020-04-05T13:07:52.425+0500][gc,metaspace  ] GC(6) Metaspace: 46731K->46731K(1091584K)
[2020-04-05T13:07:52.425+0500][gc            ] GC(6) Pause Young (Normal) (G1 Evacuation Pause) 187M->145M(1024M) 97.170ms
[2020-04-05T13:07:52.425+0500][gc,cpu        ] GC(6) User=0.07s Sys=0.12s Real=0.10s
[2020-04-05T13:18:38.289+0500][gc,start      ] GC(7) Pause Young (Normal) (G1 Evacuation Pause)
[2020-04-05T13:18:38.290+0500][gc,task       ] GC(7) Using 4 workers of 4 for evacuation
[2020-04-05T13:18:38.347+0500][gc,mmu        ] GC(7) MMU target violated: 21.0ms (20.0ms/21.0ms)
[2020-04-05T13:18:38.347+0500][gc,phases     ] GC(7)   Pre Evacuate Collection Set: 1.4ms
[2020-04-05T13:18:38.347+0500][gc,phases     ] GC(7)   Evacuate Collection Set: 53.6ms
[2020-04-05T13:18:38.347+0500][gc,phases     ] GC(7)   Post Evacuate Collection Set: 0.9ms
[2020-04-05T13:18:38.347+0500][gc,phases     ] GC(7)   Other: 1.9ms
[2020-04-05T13:18:38.347+0500][gc,heap       ] GC(7) Eden regions: 45->0(48)
[2020-04-05T13:18:38.347+0500][gc,heap       ] GC(7) Survivor regions: 6->3(7)
[2020-04-05T13:18:38.347+0500][gc,heap       ] GC(7) Old regions: 11->14
[2020-04-05T13:18:38.347+0500][gc,heap       ] GC(7) Humongous regions: 129->129
[2020-04-05T13:18:38.347+0500][gc,metaspace  ] GC(7) Metaspace: 46981K->46981K(1091584K)
[2020-04-05T13:18:38.347+0500][gc            ] GC(7) Pause Young (Normal) (G1 Evacuation Pause) 190M->145M(1024M) 58.093ms
[2020-04-05T13:18:38.347+0500][gc,cpu        ] GC(7) User=0.04s Sys=0.06s Real=0.06s
[2020-04-05T13:30:47.085+0500][gc,start      ] GC(8) Pause Young (Normal) (G1 Evacuation Pause)
[2020-04-05T13:30:47.085+0500][gc,task       ] GC(8) Using 4 workers of 4 for evacuation
[2020-04-05T13:30:47.116+0500][gc,mmu        ] GC(8) MMU target violated: 21.0ms (20.0ms/21.0ms)
[2020-04-05T13:30:47.117+0500][gc,phases     ] GC(8)   Pre Evacuate Collection Set: 1.7ms
[2020-04-05T13:30:47.117+0500][gc,phases     ] GC(8)   Evacuate Collection Set: 28.3ms
[2020-04-05T13:30:47.117+0500][gc,phases     ] GC(8)   Post Evacuate Collection Set: 0.7ms
[2020-04-05T13:30:47.117+0500][gc,phases     ] GC(8)   Other: 1.4ms
[2020-04-05T13:30:47.117+0500][gc,heap       ] GC(8) Eden regions: 48->0(47)
[2020-04-05T13:30:47.117+0500][gc,heap       ] GC(8) Survivor regions: 3->4(7)
[2020-04-05T13:30:47.117+0500][gc,heap       ] GC(8) Old regions: 14->14
[2020-04-05T13:30:47.117+0500][gc,heap       ] GC(8) Humongous regions: 129->129
[2020-04-05T13:30:47.117+0500][gc,metaspace  ] GC(8) Metaspace: 47064K->47064K(1091584K)
[2020-04-05T13:30:47.118+0500][gc            ] GC(8) Pause Young (Normal) (G1 Evacuation Pause) 193M->145M(1024M) 33.298ms
[2020-04-05T13:30:47.118+0500][gc,cpu        ] GC(8) User=0.03s Sys=0.05s Real=0.03s
[2020-04-05T13:43:16.941+0500][gc,start      ] GC(9) Pause Young (Normal) (G1 Evacuation Pause)
[2020-04-05T13:43:16.950+0500][gc,task       ] GC(9) Using 4 workers of 4 for evacuation
[2020-04-05T13:43:16.969+0500][gc,phases     ] GC(9)   Pre Evacuate Collection Set: 1.9ms
[2020-04-05T13:43:16.969+0500][gc,phases     ] GC(9)   Evacuate Collection Set: 16.0ms
[2020-04-05T13:43:16.969+0500][gc,phases     ] GC(9)   Post Evacuate Collection Set: 0.5ms
[2020-04-05T13:43:16.969+0500][gc,phases     ] GC(9)   Other: 10.4ms
[2020-04-05T13:43:16.970+0500][gc,heap       ] GC(9) Eden regions: 47->0(48)
[2020-04-05T13:43:16.970+0500][gc,heap       ] GC(9) Survivor regions: 4->3(7)
[2020-04-05T13:43:16.970+0500][gc,heap       ] GC(9) Old regions: 14->14
[2020-04-05T13:43:16.970+0500][gc,heap       ] GC(9) Humongous regions: 129->129
[2020-04-05T13:43:16.970+0500][gc,metaspace  ] GC(9) Metaspace: 47101K->47101K(1091584K)
[2020-04-05T13:43:16.970+0500][gc            ] GC(9) Pause Young (Normal) (G1 Evacuation Pause) 192M->145M(1024M) 29.086ms
[2020-04-05T13:43:16.970+0500][gc,cpu        ] GC(9) User=0.02s Sys=0.02s Real=0.03s
[2020-04-05T16:15:12.681+0500][gc,start      ] GC(10) Pause Young (Normal) (G1 Evacuation Pause)
[2020-04-05T16:15:12.681+0500][gc,task       ] GC(10) Using 4 workers of 4 for evacuation
[2020-04-05T16:15:12.713+0500][gc,mmu        ] GC(10) MMU target violated: 21.0ms (20.0ms/21.0ms)
[2020-04-05T16:15:12.713+0500][gc,phases     ] GC(10)   Pre Evacuate Collection Set: 1.7ms
[2020-04-05T16:15:12.713+0500][gc,phases     ] GC(10)   Evacuate Collection Set: 29.5ms
[2020-04-05T16:15:12.713+0500][gc,phases     ] GC(10)   Post Evacuate Collection Set: 0.8ms
[2020-04-05T16:15:12.713+0500][gc,phases     ] GC(10)   Other: 0.8ms
[2020-04-05T16:15:12.713+0500][gc,heap       ] GC(10) Eden regions: 48->0(47)
[2020-04-05T16:15:12.713+0500][gc,heap       ] GC(10) Survivor regions: 3->4(7)
[2020-04-05T16:15:12.713+0500][gc,heap       ] GC(10) Old regions: 14->14
[2020-04-05T16:15:12.713+0500][gc,heap       ] GC(10) Humongous regions: 129->129
[2020-04-05T16:15:12.714+0500][gc,metaspace  ] GC(10) Metaspace: 47205K->47205K(1091584K)
[2020-04-05T16:15:12.715+0500][gc            ] GC(10) Pause Young (Normal) (G1 Evacuation Pause) 193M->145M(1024M) 34.031ms
[2020-04-05T16:15:12.715+0500][gc,cpu        ] GC(10) User=0.03s Sys=0.04s Real=0.03s
[2020-04-05T16:27:08.048+0500][gc,start      ] GC(11) Pause Young (Normal) (G1 Evacuation Pause)
[2020-04-05T16:27:08.049+0500][gc,task       ] GC(11) Using 4 workers of 4 for evacuation
[2020-04-05T16:27:08.130+0500][gc,mmu        ] GC(11) MMU target violated: 21.0ms (20.0ms/21.0ms)
[2020-04-05T16:27:08.130+0500][gc,phases     ] GC(11)   Pre Evacuate Collection Set: 2.4ms
[2020-04-05T16:27:08.130+0500][gc,phases     ] GC(11)   Evacuate Collection Set: 66.5ms
[2020-04-05T16:27:08.130+0500][gc,phases     ] GC(11)   Post Evacuate Collection Set: 11.2ms
[2020-04-05T16:27:08.130+0500][gc,phases     ] GC(11)   Other: 1.3ms
[2020-04-05T16:27:08.130+0500][gc,heap       ] GC(11) Eden regions: 47->0(47)
[2020-04-05T16:27:08.130+0500][gc,heap       ] GC(11) Survivor regions: 4->4(7)
[2020-04-05T16:27:08.130+0500][gc,heap       ] GC(11) Old regions: 14->14
[2020-04-05T16:27:08.130+0500][gc,heap       ] GC(11) Humongous regions: 129->129
[2020-04-05T16:27:08.130+0500][gc,metaspace  ] GC(11) Metaspace: 47267K->47267K(1091584K)
[2020-04-05T16:27:08.130+0500][gc            ] GC(11) Pause Young (Normal) (G1 Evacuation Pause) 192M->146M(1024M) 81.579ms
[2020-04-05T16:27:08.130+0500][gc,cpu        ] GC(11) User=0.04s Sys=0.06s Real=0.09s
[2020-04-05T16:39:43.159+0500][gc,start      ] GC(12) Pause Young (Normal) (G1 Evacuation Pause)
[2020-04-05T16:39:43.159+0500][gc,task       ] GC(12) Using 4 workers of 4 for evacuation
[2020-04-05T16:39:43.189+0500][gc,mmu        ] GC(12) MMU target violated: 21.0ms (20.0ms/21.0ms)
[2020-04-05T16:39:43.189+0500][gc,phases     ] GC(12)   Pre Evacuate Collection Set: 1.6ms
[2020-04-05T16:39:43.189+0500][gc,phases     ] GC(12)   Evacuate Collection Set: 27.2ms
[2020-04-05T16:39:43.189+0500][gc,phases     ] GC(12)   Post Evacuate Collection Set: 0.5ms
[2020-04-05T16:39:43.189+0500][gc,phases     ] GC(12)   Other: 3.4ms
[2020-04-05T16:39:43.189+0500][gc,heap       ] GC(12) Eden regions: 47->0(48)
[2020-04-05T16:39:43.189+0500][gc,heap       ] GC(12) Survivor regions: 4->3(7)
[2020-04-05T16:39:43.189+0500][gc,heap       ] GC(12) Old regions: 14->15
[2020-04-05T16:39:43.189+0500][gc,heap       ] GC(12) Humongous regions: 129->129
[2020-04-05T16:39:43.189+0500][gc,metaspace  ] GC(12) Metaspace: 47280K->47280K(1091584K)
[2020-04-05T16:39:43.189+0500][gc            ] GC(12) Pause Young (Normal) (G1 Evacuation Pause) 193M->145M(1024M) 30.546ms
[2020-04-05T16:39:43.190+0500][gc,cpu        ] GC(12) User=0.04s Sys=0.04s Real=0.03s
[2020-04-05T16:52:48.009+0500][gc,start      ] GC(13) Pause Young (Normal) (G1 Evacuation Pause)
[2020-04-05T16:52:48.009+0500][gc,task       ] GC(13) Using 4 workers of 4 for evacuation
[2020-04-05T16:52:48.028+0500][gc,phases     ] GC(13)   Pre Evacuate Collection Set: 1.7ms
[2020-04-05T16:52:48.028+0500][gc,phases     ] GC(13)   Evacuate Collection Set: 15.5ms
[2020-04-05T16:52:48.028+0500][gc,phases     ] GC(13)   Post Evacuate Collection Set: 0.5ms
[2020-04-05T16:52:48.028+0500][gc,phases     ] GC(13)   Other: 1.1ms
[2020-04-05T16:52:48.028+0500][gc,heap       ] GC(13) Eden regions: 48->0(48)
[2020-04-05T16:52:48.028+0500][gc,heap       ] GC(13) Survivor regions: 3->3(7)
[2020-04-05T16:52:48.028+0500][gc,heap       ] GC(13) Old regions: 15->15
[2020-04-05T16:52:48.028+0500][gc,heap       ] GC(13) Humongous regions: 129->129
[2020-04-05T16:52:48.028+0500][gc,metaspace  ] GC(13) Metaspace: 47289K->47289K(1091584K)
[2020-04-05T16:52:48.028+0500][gc            ] GC(13) Pause Young (Normal) (G1 Evacuation Pause) 193M->145M(1024M) 19.008ms
[2020-04-05T16:52:48.028+0500][gc,cpu        ] GC(13) User=0.02s Sys=0.02s Real=0.02s
[2020-04-05T17:34:58.340+0500][gc,start      ] GC(14) Pause Young (Normal) (G1 Evacuation Pause)
[2020-04-05T17:34:58.341+0500][gc,task       ] GC(14) Using 4 workers of 4 for evacuation
[2020-04-05T17:34:58.371+0500][gc,mmu        ] GC(14) MMU target violated: 21.0ms (20.0ms/21.0ms)
[2020-04-05T17:34:58.371+0500][gc,phases     ] GC(14)   Pre Evacuate Collection Set: 1.8ms
[2020-04-05T17:34:58.371+0500][gc,phases     ] GC(14)   Evacuate Collection Set: 27.5ms
[2020-04-05T17:34:58.371+0500][gc,phases     ] GC(14)   Post Evacuate Collection Set: 0.4ms
[2020-04-05T17:34:58.371+0500][gc,phases     ] GC(14)   Other: 1.3ms
[2020-04-05T17:34:58.371+0500][gc,heap       ] GC(14) Eden regions: 48->0(48)
[2020-04-05T17:34:58.371+0500][gc,heap       ] GC(14) Survivor regions: 3->3(7)
[2020-04-05T17:34:58.371+0500][gc,heap       ] GC(14) Old regions: 15->15
[2020-04-05T17:34:58.371+0500][gc,heap       ] GC(14) Humongous regions: 129->129
[2020-04-05T17:34:58.371+0500][gc,metaspace  ] GC(14) Metaspace: 47350K->47350K(1091584K)
[2020-04-05T17:34:58.372+0500][gc            ] GC(14) Pause Young (Normal) (G1 Evacuation Pause) 193M->145M(1024M) 32.064ms
[2020-04-05T17:34:58.372+0500][gc,cpu        ] GC(14) User=0.02s Sys=0.04s Real=0.03s
[2020-04-05T17:47:59.191+0500][gc,start      ] GC(15) Pause Young (Normal) (G1 Evacuation Pause)
[2020-04-05T17:47:59.191+0500][gc,task       ] GC(15) Using 4 workers of 4 for evacuation
[2020-04-05T17:47:59.336+0500][gc,mmu        ] GC(15) MMU target violated: 21.0ms (20.0ms/21.0ms)
[2020-04-05T17:47:59.336+0500][gc,phases     ] GC(15)   Pre Evacuate Collection Set: 1.7ms
[2020-04-05T17:47:59.336+0500][gc,phases     ] GC(15)   Evacuate Collection Set: 141.9ms
[2020-04-05T17:47:59.336+0500][gc,phases     ] GC(15)   Post Evacuate Collection Set: 0.7ms
[2020-04-05T17:47:59.336+0500][gc,phases     ] GC(15)   Other: 1.0ms
[2020-04-05T17:47:59.336+0500][gc,heap       ] GC(15) Eden regions: 48->0(47)
[2020-04-05T17:47:59.336+0500][gc,heap       ] GC(15) Survivor regions: 3->4(7)
[2020-04-05T17:47:59.336+0500][gc,heap       ] GC(15) Old regions: 15->15
[2020-04-05T17:47:59.336+0500][gc,heap       ] GC(15) Humongous regions: 129->129
[2020-04-05T17:47:59.336+0500][gc,metaspace  ] GC(15) Metaspace: 47360K->47360K(1091584K)
[2020-04-05T17:47:59.337+0500][gc            ] GC(15) Pause Young (Normal) (G1 Evacuation Pause) 193M->146M(1024M) 145.534ms
[2020-04-05T17:47:59.337+0500][gc,cpu        ] GC(15) User=0.03s Sys=0.07s Real=0.14s
[2020-04-05T17:59:59.188+0500][gc,start      ] GC(16) Pause Young (Normal) (G1 Evacuation Pause)
[2020-04-05T17:59:59.192+0500][gc,task       ] GC(16) Using 4 workers of 4 for evacuation
[2020-04-05T17:59:59.230+0500][gc,mmu        ] GC(16) MMU target violated: 21.0ms (20.0ms/21.0ms)
[2020-04-05T17:59:59.230+0500][gc,phases     ] GC(16)   Pre Evacuate Collection Set: 1.7ms
[2020-04-05T17:59:59.230+0500][gc,phases     ] GC(16)   Evacuate Collection Set: 35.3ms
[2020-04-05T17:59:59.230+0500][gc,phases     ] GC(16)   Post Evacuate Collection Set: 0.7ms
[2020-04-05T17:59:59.230+0500][gc,phases     ] GC(16)   Other: 5.2ms
[2020-04-05T17:59:59.230+0500][gc,heap       ] GC(16) Eden regions: 47->0(48)
[2020-04-05T17:59:59.230+0500][gc,heap       ] GC(16) Survivor regions: 4->3(7)
[2020-04-05T17:59:59.230+0500][gc,heap       ] GC(16) Old regions: 15->15
[2020-04-05T17:59:59.230+0500][gc,heap       ] GC(16) Humongous regions: 129->129
[2020-04-05T17:59:59.230+0500][gc,metaspace  ] GC(16) Metaspace: 47395K->47395K(1091584K)
[2020-04-05T17:59:59.232+0500][gc            ] GC(16) Pause Young (Normal) (G1 Evacuation Pause) 193M->145M(1024M) 44.073ms
[2020-04-05T17:59:59.232+0500][gc,cpu        ] GC(16) User=0.02s Sys=0.03s Real=0.05s
[2020-04-05T18:13:03.872+0500][gc,start      ] GC(17) Pause Young (Normal) (G1 Evacuation Pause)
[2020-04-05T18:13:03.872+0500][gc,task       ] GC(17) Using 4 workers of 4 for evacuation
[2020-04-05T18:13:03.907+0500][gc,mmu        ] GC(17) MMU target violated: 21.0ms (20.0ms/21.0ms)
[2020-04-05T18:13:03.907+0500][gc,phases     ] GC(17)   Pre Evacuate Collection Set: 2.1ms
[2020-04-05T18:13:03.907+0500][gc,phases     ] GC(17)   Evacuate Collection Set: 31.4ms
[2020-04-05T18:13:03.907+0500][gc,phases     ] GC(17)   Post Evacuate Collection Set: 0.4ms
[2020-04-05T18:13:03.907+0500][gc,phases     ] GC(17)   Other: 1.2ms
[2020-04-05T18:13:03.907+0500][gc,heap       ] GC(17) Eden regions: 48->0(47)
[2020-04-05T18:13:03.907+0500][gc,heap       ] GC(17) Survivor regions: 3->4(7)
[2020-04-05T18:13:03.907+0500][gc,heap       ] GC(17) Old regions: 15->15
[2020-04-05T18:13:03.907+0500][gc,heap       ] GC(17) Humongous regions: 129->129
[2020-04-05T18:13:03.907+0500][gc,metaspace  ] GC(17) Metaspace: 47399K->47399K(1091584K)
[2020-04-05T18:13:03.907+0500][gc            ] GC(17) Pause Young (Normal) (G1 Evacuation Pause) 193M->146M(1024M) 35.222ms
[2020-04-05T18:13:03.907+0500][gc,cpu        ] GC(17) User=0.03s Sys=0.04s Real=0.03s
[2020-04-05T18:25:44.685+0500][gc,start      ] GC(18) Pause Young (Normal) (G1 Evacuation Pause)
[2020-04-05T18:25:44.688+0500][gc,task       ] GC(18) Using 4 workers of 4 for evacuation
[2020-04-05T18:25:44.711+0500][gc,mmu        ] GC(18) MMU target violated: 21.0ms (20.0ms/21.0ms)
[2020-04-05T18:25:44.711+0500][gc,phases     ] GC(18)   Pre Evacuate Collection Set: 2.6ms
[2020-04-05T18:25:44.711+0500][gc,phases     ] GC(18)   Evacuate Collection Set: 19.3ms
[2020-04-05T18:25:44.712+0500][gc,phases     ] GC(18)   Post Evacuate Collection Set: 0.6ms
[2020-04-05T18:25:44.712+0500][gc,phases     ] GC(18)   Other: 4.3ms
[2020-04-05T18:25:44.712+0500][gc,heap       ] GC(18) Eden regions: 47->0(48)
[2020-04-05T18:25:44.712+0500][gc,heap       ] GC(18) Survivor regions: 4->3(7)
[2020-04-05T18:25:44.712+0500][gc,heap       ] GC(18) Old regions: 15->15
[2020-04-05T18:25:44.712+0500][gc,heap       ] GC(18) Humongous regions: 129->129
[2020-04-05T18:25:44.712+0500][gc,metaspace  ] GC(18) Metaspace: 47423K->47423K(1091584K)
[2020-04-05T18:25:44.713+0500][gc            ] GC(18) Pause Young (Normal) (G1 Evacuation Pause) 193M->145M(1024M) 28.096ms
[2020-04-05T18:25:44.713+0500][gc,cpu        ] GC(18) User=0.02s Sys=0.04s Real=0.03s
[2020-04-05T18:38:47.597+0500][gc,start      ] GC(19) Pause Young (Normal) (G1 Evacuation Pause)
[2020-04-05T18:38:47.598+0500][gc,task       ] GC(19) Using 4 workers of 4 for evacuation
[2020-04-05T18:38:47.663+0500][gc,mmu        ] GC(19) MMU target violated: 21.0ms (20.0ms/21.0ms)
[2020-04-05T18:38:47.664+0500][gc,phases     ] GC(19)   Pre Evacuate Collection Set: 2.0ms
[2020-04-05T18:38:47.664+0500][gc,phases     ] GC(19)   Evacuate Collection Set: 52.3ms
[2020-04-05T18:38:47.664+0500][gc,phases     ] GC(19)   Post Evacuate Collection Set: 11.1ms
[2020-04-05T18:38:47.664+0500][gc,phases     ] GC(19)   Other: 0.9ms
[2020-04-05T18:38:47.664+0500][gc,heap       ] GC(19) Eden regions: 48->0(47)
[2020-04-05T18:38:47.664+0500][gc,heap       ] GC(19) Survivor regions: 3->4(7)
[2020-04-05T18:38:47.664+0500][gc,heap       ] GC(19) Old regions: 15->15
[2020-04-05T18:38:47.664+0500][gc,heap       ] GC(19) Humongous regions: 129->129
[2020-04-05T18:38:47.664+0500][gc,metaspace  ] GC(19) Metaspace: 47428K->47428K(1091584K)
[2020-04-05T18:38:47.664+0500][gc            ] GC(19) Pause Young (Normal) (G1 Evacuation Pause) 193M->146M(1024M) 66.387ms
[2020-04-05T18:38:47.664+0500][gc,cpu        ] GC(19) User=0.02s Sys=0.03s Real=0.07s
[2020-04-05T18:50:49.808+0500][gc,start      ] GC(20) Pause Young (Normal) (G1 Evacuation Pause)
[2020-04-05T18:50:49.808+0500][gc,task       ] GC(20) Using 4 workers of 4 for evacuation
[2020-04-05T18:50:49.829+0500][gc,mmu        ] GC(20) MMU target violated: 21.0ms (20.0ms/21.0ms)
[2020-04-05T18:50:49.829+0500][gc,phases     ] GC(20)   Pre Evacuate Collection Set: 1.9ms
[2020-04-05T18:50:49.829+0500][gc,phases     ] GC(20)   Evacuate Collection Set: 17.9ms
[2020-04-05T18:50:49.829+0500][gc,phases     ] GC(20)   Post Evacuate Collection Set: 0.8ms
[2020-04-05T18:50:49.829+0500][gc,phases     ] GC(20)   Other: 1.0ms
[2020-04-05T18:50:49.829+0500][gc,heap       ] GC(20) Eden regions: 47->0(48)
[2020-04-05T18:50:49.829+0500][gc,heap       ] GC(20) Survivor regions: 4->3(7)
[2020-04-05T18:50:49.829+0500][gc,heap       ] GC(20) Old regions: 15->15
[2020-04-05T18:50:49.830+0500][gc,heap       ] GC(20) Humongous regions: 129->129
[2020-04-05T18:50:49.830+0500][gc,metaspace  ] GC(20) Metaspace: 47431K->47431K(1091584K)
[2020-04-05T18:50:49.831+0500][gc            ] GC(20) Pause Young (Normal) (G1 Evacuation Pause) 193M->145M(1024M) 22.993ms
[2020-04-05T18:50:49.831+0500][gc,cpu        ] GC(20) User=0.02s Sys=0.03s Real=0.03s
[2020-04-05T19:03:50.414+0500][gc,start      ] GC(21) Pause Young (Normal) (G1 Evacuation Pause)
[2020-04-05T19:03:50.414+0500][gc,task       ] GC(21) Using 4 workers of 4 for evacuation
[2020-04-05T19:03:50.440+0500][gc,mmu        ] GC(21) MMU target violated: 21.0ms (20.0ms/21.0ms)
[2020-04-05T19:03:50.440+0500][gc,phases     ] GC(21)   Pre Evacuate Collection Set: 1.7ms
[2020-04-05T19:03:50.440+0500][gc,phases     ] GC(21)   Evacuate Collection Set: 20.6ms
[2020-04-05T19:03:50.440+0500][gc,phases     ] GC(21)   Post Evacuate Collection Set: 2.5ms
[2020-04-05T19:03:50.440+0500][gc,phases     ] GC(21)   Other: 0.9ms
[2020-04-05T19:03:50.440+0500][gc,heap       ] GC(21) Eden regions: 48->0(47)
[2020-04-05T19:03:50.440+0500][gc,heap       ] GC(21) Survivor regions: 3->4(7)
[2020-04-05T19:03:50.440+0500][gc,heap       ] GC(21) Old regions: 15->15
[2020-04-05T19:03:50.440+0500][gc,heap       ] GC(21) Humongous regions: 129->129
[2020-04-05T19:03:50.440+0500][gc,metaspace  ] GC(21) Metaspace: 47452K->47452K(1091584K)
[2020-04-05T19:03:50.440+0500][gc            ] GC(21) Pause Young (Normal) (G1 Evacuation Pause) 193M->146M(1024M) 25.777ms
[2020-04-05T19:03:50.440+0500][gc,cpu        ] GC(21) User=0.02s Sys=0.03s Real=0.03s
[2020-04-05T19:16:34.672+0500][gc,start      ] GC(22) Pause Young (Normal) (G1 Evacuation Pause)
[2020-04-05T19:16:34.677+0500][gc,task       ] GC(22) Using 4 workers of 4 for evacuation
[2020-04-05T19:16:34.685+0500][gc,phases     ] GC(22)   Pre Evacuate Collection Set: 0.0ms
[2020-04-05T19:16:34.685+0500][gc,phases     ] GC(22)   Evacuate Collection Set: 7.5ms
[2020-04-05T19:16:34.685+0500][gc,phases     ] GC(22)   Post Evacuate Collection Set: 0.6ms
[2020-04-05T19:16:34.685+0500][gc,phases     ] GC(22)   Other: 18.7ms
[2020-04-05T19:16:34.685+0500][gc,heap       ] GC(22) Eden regions: 47->0(48)
[2020-04-05T19:16:34.685+0500][gc,heap       ] GC(22) Survivor regions: 4->3(7)
[2020-04-05T19:16:34.685+0500][gc,heap       ] GC(22) Old regions: 15->15
[2020-04-05T19:16:34.686+0500][gc,heap       ] GC(22) Humongous regions: 129->129
[2020-04-05T19:16:34.686+0500][gc,metaspace  ] GC(22) Metaspace: 47460K->47460K(1091584K)
[2020-04-05T19:16:34.687+0500][gc            ] GC(22) Pause Young (Normal) (G1 Evacuation Pause) 193M->146M(1024M) 15.131ms
[2020-04-05T19:16:34.687+0500][gc,cpu        ] GC(22) User=0.02s Sys=0.01s Real=0.01s
[2020-04-05T19:29:30.149+0500][gc,start      ] GC(23) Pause Young (Normal) (G1 Evacuation Pause)
[2020-04-05T19:29:30.149+0500][gc,task       ] GC(23) Using 4 workers of 4 for evacuation
[2020-04-05T19:29:30.213+0500][gc,mmu        ] GC(23) MMU target violated: 21.0ms (20.0ms/21.0ms)
[2020-04-05T19:29:30.213+0500][gc,phases     ] GC(23)   Pre Evacuate Collection Set: 1.5ms
[2020-04-05T19:29:30.213+0500][gc,phases     ] GC(23)   Evacuate Collection Set: 60.8ms
[2020-04-05T19:29:30.213+0500][gc,phases     ] GC(23)   Post Evacuate Collection Set: 0.5ms
[2020-04-05T19:29:30.213+0500][gc,phases     ] GC(23)   Other: 0.9ms
[2020-04-05T19:29:30.213+0500][gc,heap       ] GC(23) Eden regions: 48->0(47)
[2020-04-05T19:29:30.213+0500][gc,heap       ] GC(23) Survivor regions: 3->4(7)
[2020-04-05T19:29:30.213+0500][gc,heap       ] GC(23) Old regions: 15->15
[2020-04-05T19:29:30.213+0500][gc,heap       ] GC(23) Humongous regions: 129->129
[2020-04-05T19:29:30.213+0500][gc,metaspace  ] GC(23) Metaspace: 47461K->47461K(1091584K)
[2020-04-05T19:29:30.213+0500][gc            ] GC(23) Pause Young (Normal) (G1 Evacuation Pause) 194M->146M(1024M) 63.793ms
[2020-04-05T19:29:30.213+0500][gc,cpu        ] GC(23) User=0.06s Sys=0.08s Real=0.07s
[2020-04-05T19:42:18.238+0500][gc,start      ] GC(24) Pause Young (Normal) (G1 Evacuation Pause)
[2020-04-05T19:42:18.238+0500][gc,task       ] GC(24) Using 4 workers of 4 for evacuation
[2020-04-05T19:42:18.262+0500][gc,mmu        ] GC(24) MMU target violated: 21.0ms (20.0ms/21.0ms)
[2020-04-05T19:42:18.262+0500][gc,phases     ] GC(24)   Pre Evacuate Collection Set: 1.4ms
[2020-04-05T19:42:18.262+0500][gc,phases     ] GC(24)   Evacuate Collection Set: 20.0ms
[2020-04-05T19:42:18.262+0500][gc,phases     ] GC(24)   Post Evacuate Collection Set: 1.7ms
[2020-04-05T19:42:18.262+0500][gc,phases     ] GC(24)   Other: 0.8ms
[2020-04-05T19:42:18.262+0500][gc,heap       ] GC(24) Eden regions: 47->0(48)
[2020-04-05T19:42:18.262+0500][gc,heap       ] GC(24) Survivor regions: 4->3(7)
[2020-04-05T19:42:18.262+0500][gc,heap       ] GC(24) Old regions: 15->15
[2020-04-05T19:42:18.262+0500][gc,heap       ] GC(24) Humongous regions: 129->129
[2020-04-05T19:42:18.262+0500][gc,metaspace  ] GC(24) Metaspace: 47463K->47463K(1091584K)
[2020-04-05T19:42:18.263+0500][gc            ] GC(24) Pause Young (Normal) (G1 Evacuation Pause) 193M->145M(1024M) 25.149ms
[2020-04-05T19:42:18.263+0500][gc,cpu        ] GC(24) User=0.01s Sys=0.04s Real=0.03s
[2020-04-05T19:54:38.207+0500][gc,start      ] GC(25) Pause Young (Normal) (G1 Evacuation Pause)
[2020-04-05T19:54:38.207+0500][gc,task       ] GC(25) Using 4 workers of 4 for evacuation
[2020-04-05T19:54:38.220+0500][gc,phases     ] GC(25)   Pre Evacuate Collection Set: 0.0ms
[2020-04-05T19:54:38.220+0500][gc,phases     ] GC(25)   Evacuate Collection Set: 12.7ms
[2020-04-05T19:54:38.220+0500][gc,phases     ] GC(25)   Post Evacuate Collection Set: 0.2ms
[2020-04-05T19:54:38.220+0500][gc,phases     ] GC(25)   Other: 0.3ms
[2020-04-05T19:54:38.220+0500][gc,heap       ] GC(25) Eden regions: 48->0(47)
[2020-04-05T19:54:38.220+0500][gc,heap       ] GC(25) Survivor regions: 3->4(7)
[2020-04-05T19:54:38.220+0500][gc,heap       ] GC(25) Old regions: 15->15
[2020-04-05T19:54:38.220+0500][gc,heap       ] GC(25) Humongous regions: 129->129
[2020-04-05T19:54:38.220+0500][gc,metaspace  ] GC(25) Metaspace: 47467K->47467K(1091584K)
[2020-04-05T19:54:38.220+0500][gc            ] GC(25) Pause Young (Normal) (G1 Evacuation Pause) 193M->146M(1024M) 13.563ms
[2020-04-05T19:54:38.220+0500][gc,cpu        ] GC(25) User=0.04s Sys=0.01s Real=0.02s
[2020-04-05T21:48:23.101+0500][gc,start      ] GC(26) Pause Young (Normal) (G1 Evacuation Pause)
[2020-04-05T21:48:23.102+0500][gc,task       ] GC(26) Using 4 workers of 4 for evacuation
[2020-04-05T21:48:23.117+0500][gc,phases     ] GC(26)   Pre Evacuate Collection Set: 2.1ms
[2020-04-05T21:48:23.117+0500][gc,phases     ] GC(26)   Evacuate Collection Set: 12.4ms
[2020-04-05T21:48:23.117+0500][gc,phases     ] GC(26)   Post Evacuate Collection Set: 0.4ms
[2020-04-05T21:48:23.117+0500][gc,phases     ] GC(26)   Other: 1.2ms
[2020-04-05T21:48:23.117+0500][gc,heap       ] GC(26) Eden regions: 47->0(48)
[2020-04-05T21:48:23.117+0500][gc,heap       ] GC(26) Survivor regions: 4->3(7)
[2020-04-05T21:48:23.117+0500][gc,heap       ] GC(26) Old regions: 15->15
[2020-04-05T21:48:23.117+0500][gc,heap       ] GC(26) Humongous regions: 129->129
[2020-04-05T21:48:23.117+0500][gc,metaspace  ] GC(26) Metaspace: 47498K->47498K(1091584K)
[2020-04-05T21:48:23.118+0500][gc            ] GC(26) Pause Young (Normal) (G1 Evacuation Pause) 193M->146M(1024M) 16.178ms
[2020-04-05T21:48:23.118+0500][gc,cpu        ] GC(26) User=0.02s Sys=0.03s Real=0.01s
[2020-04-05T22:01:24.015+0500][gc,start      ] GC(27) Pause Young (Normal) (G1 Evacuation Pause)
[2020-04-05T22:01:24.016+0500][gc,task       ] GC(27) Using 4 workers of 4 for evacuation
[2020-04-05T22:01:24.023+0500][gc,phases     ] GC(27)   Pre Evacuate Collection Set: 0.1ms
[2020-04-05T22:01:24.023+0500][gc,phases     ] GC(27)   Evacuate Collection Set: 6.0ms
[2020-04-05T22:01:24.023+0500][gc,phases     ] GC(27)   Post Evacuate Collection Set: 0.2ms
[2020-04-05T22:01:24.023+0500][gc,phases     ] GC(27)   Other: 1.8ms
[2020-04-05T22:01:24.023+0500][gc,heap       ] GC(27) Eden regions: 48->0(62)
[2020-04-05T22:01:24.023+0500][gc,heap       ] GC(27) Survivor regions: 3->2(7)
[2020-04-05T22:01:24.023+0500][gc,heap       ] GC(27) Old regions: 15->15
[2020-04-05T22:01:24.023+0500][gc,heap       ] GC(27) Humongous regions: 129->129
[2020-04-05T22:01:24.023+0500][gc,metaspace  ] GC(27) Metaspace: 47499K->47499K(1091584K)
[2020-04-05T22:01:24.023+0500][gc            ] GC(27) Pause Young (Normal) (G1 Evacuation Pause) 194M->145M(1024M) 8.388ms
[2020-04-05T22:01:24.023+0500][gc,cpu        ] GC(27) User=0.02s Sys=0.00s Real=0.01s
[2020-04-05T22:18:18.992+0500][gc,start      ] GC(28) Pause Young (Normal) (G1 Evacuation Pause)
[2020-04-05T22:18:18.992+0500][gc,task       ] GC(28) Using 4 workers of 4 for evacuation
[2020-04-05T22:18:19.018+0500][gc,mmu        ] GC(28) MMU target violated: 21.0ms (20.0ms/21.0ms)
[2020-04-05T22:18:19.018+0500][gc,phases     ] GC(28)   Pre Evacuate Collection Set: 1.8ms
[2020-04-05T22:18:19.018+0500][gc,phases     ] GC(28)   Evacuate Collection Set: 22.6ms
[2020-04-05T22:18:19.018+0500][gc,phases     ] GC(28)   Post Evacuate Collection Set: 0.4ms
[2020-04-05T22:18:19.018+0500][gc,phases     ] GC(28)   Other: 1.3ms
[2020-04-05T22:18:19.018+0500][gc,heap       ] GC(28) Eden regions: 62->0(49)
[2020-04-05T22:18:19.018+0500][gc,heap       ] GC(28) Survivor regions: 2->2(8)
[2020-04-05T22:18:19.018+0500][gc,heap       ] GC(28) Old regions: 15->15
[2020-04-05T22:18:19.018+0500][gc,heap       ] GC(28) Humongous regions: 129->129
[2020-04-05T22:18:19.018+0500][gc,metaspace  ] GC(28) Metaspace: 47510K->47510K(1091584K)
[2020-04-05T22:18:19.018+0500][gc            ] GC(28) Pause Young (Normal) (G1 Evacuation Pause) 207M->145M(1024M) 26.309ms
[2020-04-05T22:18:19.018+0500][gc,cpu        ] GC(28) User=0.01s Sys=0.04s Real=0.02s
[2020-04-05T22:30:57.137+0500][gc,start      ] GC(29) Pause Young (Normal) (G1 Evacuation Pause)
[2020-04-05T22:30:57.137+0500][gc,task       ] GC(29) Using 4 workers of 4 for evacuation
[2020-04-05T22:30:57.150+0500][gc,phases     ] GC(29)   Pre Evacuate Collection Set: 1.5ms
[2020-04-05T22:30:57.150+0500][gc,phases     ] GC(29)   Evacuate Collection Set: 10.5ms
[2020-04-05T22:30:57.150+0500][gc,phases     ] GC(29)   Post Evacuate Collection Set: 0.5ms
[2020-04-05T22:30:57.150+0500][gc,phases     ] GC(29)   Other: 0.9ms
[2020-04-05T22:30:57.150+0500][gc,heap       ] GC(29) Eden regions: 49->0(48)
[2020-04-05T22:30:57.150+0500][gc,heap       ] GC(29) Survivor regions: 2->3(7)
[2020-04-05T22:30:57.150+0500][gc,heap       ] GC(29) Old regions: 15->15
[2020-04-05T22:30:57.150+0500][gc,heap       ] GC(29) Humongous regions: 129->129
[2020-04-05T22:30:57.150+0500][gc,metaspace  ] GC(29) Metaspace: 47510K->47510K(1091584K)
[2020-04-05T22:30:57.151+0500][gc            ] GC(29) Pause Young (Normal) (G1 Evacuation Pause) 194M->146M(1024M) 13.722ms
[2020-04-05T22:30:57.151+0500][gc,cpu        ] GC(29) User=0.02s Sys=0.02s Real=0.02s
[2020-04-05T22:43:58.958+0500][gc,start      ] GC(30) Pause Young (Normal) (G1 Evacuation Pause)
[2020-04-05T22:43:58.959+0500][gc,task       ] GC(30) Using 4 workers of 4 for evacuation
[2020-04-05T22:43:58.977+0500][gc,phases     ] GC(30)   Pre Evacuate Collection Set: 1.7ms
[2020-04-05T22:43:58.977+0500][gc,phases     ] GC(30)   Evacuate Collection Set: 15.0ms
[2020-04-05T22:43:58.977+0500][gc,phases     ] GC(30)   Post Evacuate Collection Set: 0.8ms
[2020-04-05T22:43:58.977+0500][gc,phases     ] GC(30)   Other: 1.2ms
[2020-04-05T22:43:58.977+0500][gc,heap       ] GC(30) Eden regions: 48->0(56)
[2020-04-05T22:43:58.977+0500][gc,heap       ] GC(30) Survivor regions: 3->2(7)
[2020-04-05T22:43:58.977+0500][gc,heap       ] GC(30) Old regions: 15->15
[2020-04-05T22:43:58.977+0500][gc,heap       ] GC(30) Humongous regions: 129->129
[2020-04-05T22:43:58.977+0500][gc,metaspace  ] GC(30) Metaspace: 47510K->47510K(1091584K)
[2020-04-05T22:43:58.978+0500][gc            ] GC(30) Pause Young (Normal) (G1 Evacuation Pause) 194M->145M(1024M) 20.001ms
[2020-04-05T22:43:58.978+0500][gc,cpu        ] GC(30) User=0.02s Sys=0.02s Real=0.02s
[2020-04-05T22:59:12.177+0500][gc,start      ] GC(31) Pause Young (Normal) (G1 Evacuation Pause)
[2020-04-05T22:59:12.177+0500][gc,task       ] GC(31) Using 4 workers of 4 for evacuation
[2020-04-05T22:59:12.235+0500][gc,mmu        ] GC(31) MMU target violated: 21.0ms (20.0ms/21.0ms)
[2020-04-05T22:59:12.235+0500][gc,phases     ] GC(31)   Pre Evacuate Collection Set: 1.9ms
[2020-04-05T22:59:12.235+0500][gc,phases     ] GC(31)   Evacuate Collection Set: 54.9ms
[2020-04-05T22:59:12.235+0500][gc,phases     ] GC(31)   Post Evacuate Collection Set: 0.5ms
[2020-04-05T22:59:12.235+0500][gc,phases     ] GC(31)   Other: 1.4ms
[2020-04-05T22:59:12.236+0500][gc,heap       ] GC(31) Eden regions: 56->0(47)
[2020-04-05T22:59:12.236+0500][gc,heap       ] GC(31) Survivor regions: 2->4(8)
[2020-04-05T22:59:12.236+0500][gc,heap       ] GC(31) Old regions: 15->15
[2020-04-05T22:59:12.236+0500][gc,heap       ] GC(31) Humongous regions: 129->129
[2020-04-05T22:59:12.236+0500][gc,metaspace  ] GC(31) Metaspace: 47510K->47510K(1091584K)
[2020-04-05T22:59:12.236+0500][gc            ] GC(31) Pause Young (Normal) (G1 Evacuation Pause) 201M->146M(1024M) 58.849ms
[2020-04-05T22:59:12.236+0500][gc,cpu        ] GC(31) User=0.02s Sys=0.05s Real=0.06s
[2020-04-05T23:11:56.116+0500][gc,start      ] GC(32) Pause Young (Normal) (G1 Evacuation Pause)
[2020-04-05T23:11:56.117+0500][gc,task       ] GC(32) Using 4 workers of 4 for evacuation
[2020-04-05T23:11:56.132+0500][gc,phases     ] GC(32)   Pre Evacuate Collection Set: 1.3ms
[2020-04-05T23:11:56.132+0500][gc,phases     ] GC(32)   Evacuate Collection Set: 13.0ms
[2020-04-05T23:11:56.132+0500][gc,phases     ] GC(32)   Post Evacuate Collection Set: 0.5ms
[2020-04-05T23:11:56.132+0500][gc,phases     ] GC(32)   Other: 1.9ms
[2020-04-05T23:11:56.132+0500][gc,heap       ] GC(32) Eden regions: 47->0(48)
[2020-04-05T23:11:56.132+0500][gc,heap       ] GC(32) Survivor regions: 4->3(7)
[2020-04-05T23:11:56.132+0500][gc,heap       ] GC(32) Old regions: 15->15
[2020-04-05T23:11:56.132+0500][gc,heap       ] GC(32) Humongous regions: 129->129
[2020-04-05T23:11:56.132+0500][gc,metaspace  ] GC(32) Metaspace: 47510K->47510K(1091584K)
[2020-04-05T23:11:56.133+0500][gc            ] GC(32) Pause Young (Normal) (G1 Evacuation Pause) 193M->146M(1024M) 16.920ms
[2020-04-05T23:11:56.133+0500][gc,cpu        ] GC(32) User=0.02s Sys=0.02s Real=0.02s
[2020-04-05T23:24:53.900+0500][gc,start      ] GC(33) Pause Young (Normal) (G1 Evacuation Pause)
[2020-04-05T23:24:53.901+0500][gc,task       ] GC(33) Using 4 workers of 4 for evacuation
[2020-04-05T23:24:53.940+0500][gc,mmu        ] GC(33) MMU target violated: 21.0ms (20.0ms/21.0ms)
[2020-04-05T23:24:53.940+0500][gc,phases     ] GC(33)   Pre Evacuate Collection Set: 2.3ms
[2020-04-05T23:24:53.940+0500][gc,phases     ] GC(33)   Evacuate Collection Set: 35.6ms
[2020-04-05T23:24:53.940+0500][gc,phases     ] GC(33)   Post Evacuate Collection Set: 0.4ms
[2020-04-05T23:24:53.940+0500][gc,phases     ] GC(33)   Other: 1.2ms
[2020-04-05T23:24:53.940+0500][gc,heap       ] GC(33) Eden regions: 48->0(47)
[2020-04-05T23:24:53.940+0500][gc,heap       ] GC(33) Survivor regions: 3->4(7)
[2020-04-05T23:24:53.940+0500][gc,heap       ] GC(33) Old regions: 15->15
[2020-04-05T23:24:53.940+0500][gc,heap       ] GC(33) Humongous regions: 129->129
[2020-04-05T23:24:53.940+0500][gc,metaspace  ] GC(33) Metaspace: 47514K->47514K(1091584K)
[2020-04-05T23:24:53.940+0500][gc            ] GC(33) Pause Young (Normal) (G1 Evacuation Pause) 194M->146M(1024M) 39.759ms
[2020-04-05T23:24:53.940+0500][gc,cpu        ] GC(33) User=0.02s Sys=0.05s Real=0.04s
[2020-04-05T23:36:54.952+0500][gc,start      ] GC(34) Pause Young (Normal) (G1 Evacuation Pause)
[2020-04-05T23:36:54.952+0500][gc,task       ] GC(34) Using 4 workers of 4 for evacuation
[2020-04-05T23:36:54.974+0500][gc,mmu        ] GC(34) MMU target violated: 21.0ms (20.0ms/21.0ms)
[2020-04-05T23:36:54.974+0500][gc,phases     ] GC(34)   Pre Evacuate Collection Set: 1.9ms
[2020-04-05T23:36:54.974+0500][gc,phases     ] GC(34)   Evacuate Collection Set: 18.9ms
[2020-04-05T23:36:54.974+0500][gc,phases     ] GC(34)   Post Evacuate Collection Set: 0.9ms
[2020-04-05T23:36:54.974+0500][gc,phases     ] GC(34)   Other: 0.9ms
[2020-04-05T23:36:54.974+0500][gc,heap       ] GC(34) Eden regions: 47->0(48)
[2020-04-05T23:36:54.974+0500][gc,heap       ] GC(34) Survivor regions: 4->3(7)
[2020-04-05T23:36:54.974+0500][gc,heap       ] GC(34) Old regions: 15->15
[2020-04-05T23:36:54.974+0500][gc,heap       ] GC(34) Humongous regions: 129->129
[2020-04-05T23:36:54.975+0500][gc,metaspace  ] GC(34) Metaspace: 47517K->47517K(1091584K)
[2020-04-05T23:36:54.976+0500][gc            ] GC(34) Pause Young (Normal) (G1 Evacuation Pause) 193M->146M(1024M) 23.686ms
[2020-04-05T23:36:54.976+0500][gc,cpu        ] GC(34) User=0.02s Sys=0.02s Real=0.02s
[2020-04-05T23:49:53.866+0500][gc,start      ] GC(35) Pause Young (Normal) (G1 Evacuation Pause)
[2020-04-05T23:49:53.866+0500][gc,task       ] GC(35) Using 4 workers of 4 for evacuation
[2020-04-05T23:49:53.890+0500][gc,mmu        ] GC(35) MMU target violated: 21.0ms (20.0ms/21.0ms)
[2020-04-05T23:49:53.891+0500][gc,phases     ] GC(35)   Pre Evacuate Collection Set: 2.1ms
[2020-04-05T23:49:53.891+0500][gc,phases     ] GC(35)   Evacuate Collection Set: 21.0ms
[2020-04-05T23:49:53.891+0500][gc,phases     ] GC(35)   Post Evacuate Collection Set: 0.4ms
[2020-04-05T23:49:53.891+0500][gc,phases     ] GC(35)   Other: 1.2ms
[2020-04-05T23:49:53.891+0500][gc,heap       ] GC(35) Eden regions: 48->0(53)
[2020-04-05T23:49:53.891+0500][gc,heap       ] GC(35) Survivor regions: 3->3(7)
[2020-04-05T23:49:53.891+0500][gc,heap       ] GC(35) Old regions: 15->15
[2020-04-05T23:49:53.891+0500][gc,heap       ] GC(35) Humongous regions: 129->129
[2020-04-05T23:49:53.891+0500][gc,metaspace  ] GC(35) Metaspace: 47518K->47518K(1091584K)
[2020-04-05T23:49:53.891+0500][gc            ] GC(35) Pause Young (Normal) (G1 Evacuation Pause) 194M->146M(1024M) 24.723ms
[2020-04-05T23:49:53.891+0500][gc,cpu        ] GC(35) User=0.02s Sys=0.02s Real=0.03s
[2020-04-06T00:04:22.624+0500][gc,start      ] GC(36) Pause Young (Normal) (G1 Evacuation Pause)
[2020-04-06T00:04:22.625+0500][gc,task       ] GC(36) Using 4 workers of 4 for evacuation
[2020-04-06T00:04:22.656+0500][gc,mmu        ] GC(36) MMU target violated: 21.0ms (20.0ms/21.0ms)
[2020-04-06T00:04:22.656+0500][gc,phases     ] GC(36)   Pre Evacuate Collection Set: 1.8ms
[2020-04-06T00:04:22.657+0500][gc,phases     ] GC(36)   Evacuate Collection Set: 29.0ms
[2020-04-06T00:04:22.657+0500][gc,phases     ] GC(36)   Post Evacuate Collection Set: 0.4ms
[2020-04-06T00:04:22.657+0500][gc,phases     ] GC(36)   Other: 1.0ms
[2020-04-06T00:04:22.657+0500][gc,heap       ] GC(36) Eden regions: 53->0(48)
[2020-04-06T00:04:22.657+0500][gc,heap       ] GC(36) Survivor regions: 3->3(7)
[2020-04-06T00:04:22.657+0500][gc,heap       ] GC(36) Old regions: 15->15
[2020-04-06T00:04:22.657+0500][gc,heap       ] GC(36) Humongous regions: 129->129
[2020-04-06T00:04:22.657+0500][gc,metaspace  ] GC(36) Metaspace: 47532K->47532K(1091584K)
[2020-04-06T00:04:22.657+0500][gc            ] GC(36) Pause Young (Normal) (G1 Evacuation Pause) 199M->146M(1024M) 32.360ms
[2020-04-06T00:04:22.657+0500][gc,cpu        ] GC(36) User=0.02s Sys=0.03s Real=0.03s
[2020-04-06T00:17:22.502+0500][gc,start      ] GC(37) Pause Young (Normal) (G1 Evacuation Pause)
[2020-04-06T00:17:22.503+0500][gc,task       ] GC(37) Using 4 workers of 4 for evacuation
[2020-04-06T00:17:22.527+0500][gc,mmu        ] GC(37) MMU target violated: 21.0ms (20.0ms/21.0ms)
[2020-04-06T00:17:22.527+0500][gc,phases     ] GC(37)   Pre Evacuate Collection Set: 1.8ms
[2020-04-06T00:17:22.527+0500][gc,phases     ] GC(37)   Evacuate Collection Set: 21.4ms
[2020-04-06T00:17:22.527+0500][gc,phases     ] GC(37)   Post Evacuate Collection Set: 0.4ms
[2020-04-06T00:17:22.527+0500][gc,phases     ] GC(37)   Other: 2.2ms
[2020-04-06T00:17:22.527+0500][gc,heap       ] GC(37) Eden regions: 48->0(48)
[2020-04-06T00:17:22.527+0500][gc,heap       ] GC(37) Survivor regions: 3->3(7)
[2020-04-06T00:17:22.527+0500][gc,heap       ] GC(37) Old regions: 15->15
[2020-04-06T00:17:22.527+0500][gc,heap       ] GC(37) Humongous regions: 129->129
[2020-04-06T00:17:22.527+0500][gc,metaspace  ] GC(37) Metaspace: 47545K->47545K(1091584K)
[2020-04-06T00:17:22.528+0500][gc            ] GC(37) Pause Young (Normal) (G1 Evacuation Pause) 194M->145M(1024M) 25.855ms
[2020-04-06T00:17:22.528+0500][gc,cpu        ] GC(37) User=0.03s Sys=0.02s Real=0.02s
[2020-04-06T00:29:50.299+0500][gc,start      ] GC(38) Pause Young (Normal) (G1 Evacuation Pause)
[2020-04-06T00:29:50.299+0500][gc,task       ] GC(38) Using 4 workers of 4 for evacuation
[2020-04-06T00:29:50.309+0500][gc,phases     ] GC(38)   Pre Evacuate Collection Set: 0.1ms
[2020-04-06T00:29:50.309+0500][gc,phases     ] GC(38)   Evacuate Collection Set: 8.8ms
[2020-04-06T00:29:50.309+0500][gc,phases     ] GC(38)   Post Evacuate Collection Set: 0.2ms
[2020-04-06T00:29:50.309+0500][gc,phases     ] GC(38)   Other: 0.7ms
[2020-04-06T00:29:50.309+0500][gc,heap       ] GC(38) Eden regions: 48->0(48)
[2020-04-06T00:29:50.309+0500][gc,heap       ] GC(38) Survivor regions: 3->3(7)
[2020-04-06T00:29:50.309+0500][gc,heap       ] GC(38) Old regions: 15->15
[2020-04-06T00:29:50.309+0500][gc,heap       ] GC(38) Humongous regions: 129->129
[2020-04-06T00:29:50.309+0500][gc,metaspace  ] GC(38) Metaspace: 47552K->47552K(1091584K)
[2020-04-06T00:29:50.310+0500][gc            ] GC(38) Pause Young (Normal) (G1 Evacuation Pause) 193M->146M(1024M) 11.156ms
[2020-04-06T00:29:50.310+0500][gc,cpu        ] GC(38) User=0.02s Sys=0.01s Real=0.02s
[2020-04-06T00:42:48.794+0500][gc,start      ] GC(39) Pause Young (Normal) (G1 Evacuation Pause)
[2020-04-06T00:42:48.799+0500][gc,task       ] GC(39) Using 4 workers of 4 for evacuation
[2020-04-06T00:42:48.806+0500][gc,phases     ] GC(39)   Pre Evacuate Collection Set: 0.1ms
[2020-04-06T00:42:48.806+0500][gc,phases     ] GC(39)   Evacuate Collection Set: 6.0ms
[2020-04-06T00:42:48.806+0500][gc,phases     ] GC(39)   Post Evacuate Collection Set: 0.3ms
[2020-04-06T00:42:48.806+0500][gc,phases     ] GC(39)   Other: 5.0ms
[2020-04-06T00:42:48.806+0500][gc,heap       ] GC(39) Eden regions: 48->0(88)
[2020-04-06T00:42:48.806+0500][gc,heap       ] GC(39) Survivor regions: 3->3(7)
[2020-04-06T00:42:48.806+0500][gc,heap       ] GC(39) Old regions: 15->15
[2020-04-06T00:42:48.806+0500][gc,heap       ] GC(39) Humongous regions: 129->129
[2020-04-06T00:42:48.806+0500][gc,metaspace  ] GC(39) Metaspace: 47558K->47558K(1091584K)
[2020-04-06T00:42:48.806+0500][gc            ] GC(39) Pause Young (Normal) (G1 Evacuation Pause) 194M->145M(1024M) 11.532ms
[2020-04-06T00:42:48.806+0500][gc,cpu        ] GC(39) User=0.02s Sys=0.01s Real=0.01s
[2020-04-06T09:42:00.036+0500][gc,start      ] GC(40) Pause Young (Normal) (G1 Evacuation Pause)
[2020-04-06T09:42:00.057+0500][gc,task       ] GC(40) Using 4 workers of 4 for evacuation
[2020-04-06T09:42:00.697+0500][gc,mmu        ] GC(40) MMU target violated: 21.0ms (20.0ms/21.0ms)
[2020-04-06T09:42:00.698+0500][gc,phases     ] GC(40)   Pre Evacuate Collection Set: 214.9ms
[2020-04-06T09:42:00.698+0500][gc,phases     ] GC(40)   Evacuate Collection Set: 70.1ms
[2020-04-06T09:42:00.698+0500][gc,phases     ] GC(40)   Post Evacuate Collection Set: 1.3ms
[2020-04-06T09:42:00.698+0500][gc,phases     ] GC(40)   Other: 396.0ms
[2020-04-06T09:42:00.699+0500][gc,heap       ] GC(40) Eden regions: 88->0(48)
[2020-04-06T09:42:00.699+0500][gc,heap       ] GC(40) Survivor regions: 3->3(12)
[2020-04-06T09:42:00.699+0500][gc,heap       ] GC(40) Old regions: 15->15
[2020-04-06T09:42:00.699+0500][gc,heap       ] GC(40) Humongous regions: 129->129
[2020-04-06T09:42:00.699+0500][gc,metaspace  ] GC(40) Metaspace: 47834K->47834K(1093632K)
[2020-04-06T09:42:00.699+0500][gc            ] GC(40) Pause Young (Normal) (G1 Evacuation Pause) 233M->146M(1024M) 665.967ms
[2020-04-06T09:42:00.699+0500][gc,cpu        ] GC(40) User=0.02s Sys=0.07s Real=0.66s
[2020-04-06T09:54:56.619+0500][gc,start      ] GC(41) Pause Young (Normal) (G1 Evacuation Pause)
[2020-04-06T09:54:56.619+0500][gc,task       ] GC(41) Using 4 workers of 4 for evacuation
[2020-04-06T09:54:56.638+0500][gc,phases     ] GC(41)   Pre Evacuate Collection Set: 1.8ms
[2020-04-06T09:54:56.638+0500][gc,phases     ] GC(41)   Evacuate Collection Set: 15.6ms
[2020-04-06T09:54:56.638+0500][gc,phases     ] GC(41)   Post Evacuate Collection Set: 0.4ms
[2020-04-06T09:54:56.638+0500][gc,phases     ] GC(41)   Other: 1.0ms
[2020-04-06T09:54:56.638+0500][gc,heap       ] GC(41) Eden regions: 48->0(48)
[2020-04-06T09:54:56.638+0500][gc,heap       ] GC(41) Survivor regions: 3->3(7)
[2020-04-06T09:54:56.638+0500][gc,heap       ] GC(41) Old regions: 15->15
[2020-04-06T09:54:56.638+0500][gc,heap       ] GC(41) Humongous regions: 129->129
[2020-04-06T09:54:56.638+0500][gc,metaspace  ] GC(41) Metaspace: 47834K->47834K(1093632K)
[2020-04-06T09:54:56.638+0500][gc            ] GC(41) Pause Young (Normal) (G1 Evacuation Pause) 194M->145M(1024M) 18.920ms
[2020-04-06T09:54:56.638+0500][gc,cpu        ] GC(41) User=0.02s Sys=0.03s Real=0.02s
[2020-04-06T10:07:13.394+0500][gc,start      ] GC(42) Pause Young (Normal) (G1 Evacuation Pause)
[2020-04-06T10:07:13.394+0500][gc,task       ] GC(42) Using 4 workers of 4 for evacuation
[2020-04-06T10:07:13.425+0500][gc,mmu        ] GC(42) MMU target violated: 21.0ms (20.0ms/21.0ms)
[2020-04-06T10:07:13.425+0500][gc,phases     ] GC(42)   Pre Evacuate Collection Set: 0.0ms
[2020-04-06T10:07:13.425+0500][gc,phases     ] GC(42)   Evacuate Collection Set: 30.4ms
[2020-04-06T10:07:13.425+0500][gc,phases     ] GC(42)   Post Evacuate Collection Set: 0.3ms
[2020-04-06T10:07:13.425+0500][gc,phases     ] GC(42)   Other: 2.0ms
[2020-04-06T10:07:13.425+0500][gc,heap       ] GC(42) Eden regions: 48->0(48)
[2020-04-06T10:07:13.425+0500][gc,heap       ] GC(42) Survivor regions: 3->3(7)
[2020-04-06T10:07:13.425+0500][gc,heap       ] GC(42) Old regions: 15->15
[2020-04-06T10:07:13.425+0500][gc,heap       ] GC(42) Humongous regions: 129->129
[2020-04-06T10:07:13.425+0500][gc,metaspace  ] GC(42) Metaspace: 47834K->47834K(1093632K)
[2020-04-06T10:07:13.426+0500][gc            ] GC(42) Pause Young (Normal) (G1 Evacuation Pause) 193M->146M(1024M) 32.650ms
[2020-04-06T10:07:13.426+0500][gc,cpu        ] GC(42) User=0.02s Sys=0.03s Real=0.03s
[2020-04-06T10:20:11.580+0500][gc,start      ] GC(43) Pause Young (Normal) (G1 Evacuation Pause)
[2020-04-06T10:20:11.583+0500][gc,task       ] GC(43) Using 4 workers of 4 for evacuation
[2020-04-06T10:20:11.608+0500][gc,mmu        ] GC(43) MMU target violated: 21.0ms (20.0ms/21.0ms)
[2020-04-06T10:20:11.608+0500][gc,phases     ] GC(43)   Pre Evacuate Collection Set: 0.1ms
[2020-04-06T10:20:11.608+0500][gc,phases     ] GC(43)   Evacuate Collection Set: 24.7ms
[2020-04-06T10:20:11.608+0500][gc,phases     ] GC(43)   Post Evacuate Collection Set: 0.3ms
[2020-04-06T10:20:11.608+0500][gc,phases     ] GC(43)   Other: 3.0ms
[2020-04-06T10:20:11.608+0500][gc,heap       ] GC(43) Eden regions: 48->0(48)
[2020-04-06T10:20:11.608+0500][gc,heap       ] GC(43) Survivor regions: 3->3(7)
[2020-04-06T10:20:11.608+0500][gc,heap       ] GC(43) Old regions: 15->15
[2020-04-06T10:20:11.608+0500][gc,heap       ] GC(43) Humongous regions: 129->129
[2020-04-06T10:20:11.608+0500][gc,metaspace  ] GC(43) Metaspace: 47834K->47834K(1093632K)
[2020-04-06T10:20:11.608+0500][gc            ] GC(43) Pause Young (Normal) (G1 Evacuation Pause) 194M->145M(1024M) 28.340ms
[2020-04-06T10:20:11.608+0500][gc,cpu        ] GC(43) User=0.02s Sys=0.00s Real=0.02s
[2020-04-06T11:02:25.981+0500][gc,start      ] GC(44) Pause Young (Normal) (G1 Evacuation Pause)
[2020-04-06T11:02:25.984+0500][gc,task       ] GC(44) Using 4 workers of 4 for evacuation
[2020-04-06T11:02:26.033+0500][gc,mmu        ] GC(44) MMU target violated: 21.0ms (20.0ms/21.0ms)
[2020-04-06T11:02:26.033+0500][gc,phases     ] GC(44)   Pre Evacuate Collection Set: 1.9ms
[2020-04-06T11:02:26.033+0500][gc,phases     ] GC(44)   Evacuate Collection Set: 45.8ms
[2020-04-06T11:02:26.033+0500][gc,phases     ] GC(44)   Post Evacuate Collection Set: 0.5ms
[2020-04-06T11:02:26.034+0500][gc,phases     ] GC(44)   Other: 4.0ms
[2020-04-06T11:02:26.034+0500][gc,heap       ] GC(44) Eden regions: 48->0(48)
[2020-04-06T11:02:26.034+0500][gc,heap       ] GC(44) Survivor regions: 3->3(7)
[2020-04-06T11:02:26.034+0500][gc,heap       ] GC(44) Old regions: 15->15
[2020-04-06T11:02:26.034+0500][gc,heap       ] GC(44) Humongous regions: 129->129
[2020-04-06T11:02:26.034+0500][gc,metaspace  ] GC(44) Metaspace: 47840K->47840K(1093632K)
[2020-04-06T11:02:26.036+0500][gc            ] GC(44) Pause Young (Normal) (G1 Evacuation Pause) 193M->146M(1024M) 55.221ms
[2020-04-06T11:02:26.037+0500][gc,cpu        ] GC(44) User=0.03s Sys=0.04s Real=0.05s
[2020-04-06T11:15:27.940+0500][gc,start      ] GC(45) Pause Young (Normal) (G1 Evacuation Pause)
[2020-04-06T11:15:27.940+0500][gc,task       ] GC(45) Using 4 workers of 4 for evacuation
[2020-04-06T11:15:27.961+0500][gc,mmu        ] GC(45) MMU target violated: 20.4ms (20.0ms/21.0ms)
[2020-04-06T11:15:27.961+0500][gc,phases     ] GC(45)   Pre Evacuate Collection Set: 1.7ms
[2020-04-06T11:15:27.961+0500][gc,phases     ] GC(45)   Evacuate Collection Set: 16.9ms
[2020-04-06T11:15:27.961+0500][gc,phases     ] GC(45)   Post Evacuate Collection Set: 1.2ms
[2020-04-06T11:15:27.961+0500][gc,phases     ] GC(45)   Other: 1.4ms
[2020-04-06T11:15:27.961+0500][gc,heap       ] GC(45) Eden regions: 48->0(48)
[2020-04-06T11:15:27.961+0500][gc,heap       ] GC(45) Survivor regions: 3->3(7)
[2020-04-06T11:15:27.961+0500][gc,heap       ] GC(45) Old regions: 15->15
[2020-04-06T11:15:27.961+0500][gc,heap       ] GC(45) Humongous regions: 129->129
[2020-04-06T11:15:27.961+0500][gc,metaspace  ] GC(45) Metaspace: 47871K->47871K(1093632K)
[2020-04-06T11:15:27.961+0500][gc            ] GC(45) Pause Young (Normal) (G1 Evacuation Pause) 194M->145M(1024M) 21.235ms
[2020-04-06T11:15:27.961+0500][gc,cpu        ] GC(45) User=0.02s Sys=0.02s Real=0.02s
[2020-04-06T11:28:32.090+0500][gc,start      ] GC(46) Pause Young (Normal) (G1 Evacuation Pause)
[2020-04-06T11:28:32.095+0500][gc,task       ] GC(46) Using 4 workers of 4 for evacuation
[2020-04-06T11:28:32.115+0500][gc,mmu        ] GC(46) MMU target violated: 20.4ms (20.0ms/21.0ms)
[2020-04-06T11:28:32.115+0500][gc,phases     ] GC(46)   Pre Evacuate Collection Set: 2.0ms
[2020-04-06T11:28:32.115+0500][gc,phases     ] GC(46)   Evacuate Collection Set: 17.4ms
[2020-04-06T11:28:32.115+0500][gc,phases     ] GC(46)   Post Evacuate Collection Set: 0.4ms
[2020-04-06T11:28:32.115+0500][gc,phases     ] GC(46)   Other: 5.9ms
[2020-04-06T11:28:32.116+0500][gc,heap       ] GC(46) Eden regions: 48->0(48)
[2020-04-06T11:28:32.116+0500][gc,heap       ] GC(46) Survivor regions: 3->3(7)
[2020-04-06T11:28:32.116+0500][gc,heap       ] GC(46) Old regions: 15->15
[2020-04-06T11:28:32.116+0500][gc,heap       ] GC(46) Humongous regions: 129->129
[2020-04-06T11:28:32.116+0500][gc,metaspace  ] GC(46) Metaspace: 47872K->47872K(1093632K)
[2020-04-06T11:28:32.117+0500][gc            ] GC(46) Pause Young (Normal) (G1 Evacuation Pause) 193M->146M(1024M) 26.837ms
[2020-04-06T11:28:32.117+0500][gc,cpu        ] GC(46) User=0.02s Sys=0.03s Real=0.02s
[2020-04-06T11:40:53.505+0500][gc,start      ] GC(47) Pause Young (Normal) (G1 Evacuation Pause)
[2020-04-06T11:40:53.505+0500][gc,task       ] GC(47) Using 4 workers of 4 for evacuation
[2020-04-06T11:40:53.531+0500][gc,mmu        ] GC(47) MMU target violated: 21.0ms (20.0ms/21.0ms)
[2020-04-06T11:40:53.531+0500][gc,phases     ] GC(47)   Pre Evacuate Collection Set: 1.7ms
[2020-04-06T11:40:53.531+0500][gc,phases     ] GC(47)   Evacuate Collection Set: 22.6ms
[2020-04-06T11:40:53.531+0500][gc,phases     ] GC(47)   Post Evacuate Collection Set: 0.4ms
[2020-04-06T11:40:53.531+0500][gc,phases     ] GC(47)   Other: 1.2ms
[2020-04-06T11:40:53.531+0500][gc,heap       ] GC(47) Eden regions: 48->0(48)
[2020-04-06T11:40:53.531+0500][gc,heap       ] GC(47) Survivor regions: 3->3(7)
[2020-04-06T11:40:53.531+0500][gc,heap       ] GC(47) Old regions: 15->15
[2020-04-06T11:40:53.531+0500][gc,heap       ] GC(47) Humongous regions: 129->129
[2020-04-06T11:40:53.531+0500][gc,metaspace  ] GC(47) Metaspace: 47875K->47875K(1093632K)
[2020-04-06T11:40:53.531+0500][gc            ] GC(47) Pause Young (Normal) (G1 Evacuation Pause) 194M->145M(1024M) 25.998ms
[2020-04-06T11:40:53.531+0500][gc,cpu        ] GC(47) User=0.02s Sys=0.03s Real=0.03s
[2020-04-06T11:53:51.593+0500][gc,start      ] GC(48) Pause Young (Normal) (G1 Evacuation Pause)
[2020-04-06T11:53:51.594+0500][gc,task       ] GC(48) Using 4 workers of 4 for evacuation
[2020-04-06T11:53:51.650+0500][gc,mmu        ] GC(48) MMU target violated: 21.0ms (20.0ms/21.0ms)
[2020-04-06T11:53:51.650+0500][gc,phases     ] GC(48)   Pre Evacuate Collection Set: 2.4ms
[2020-04-06T11:53:51.650+0500][gc,phases     ] GC(48)   Evacuate Collection Set: 41.4ms
[2020-04-06T11:53:51.650+0500][gc,phases     ] GC(48)   Post Evacuate Collection Set: 5.3ms
[2020-04-06T11:53:51.650+0500][gc,phases     ] GC(48)   Other: 8.1ms
[2020-04-06T11:53:51.650+0500][gc,heap       ] GC(48) Eden regions: 48->0(48)
[2020-04-06T11:53:51.650+0500][gc,heap       ] GC(48) Survivor regions: 3->3(7)
[2020-04-06T11:53:51.650+0500][gc,heap       ] GC(48) Old regions: 15->15
[2020-04-06T11:53:51.650+0500][gc,heap       ] GC(48) Humongous regions: 129->129
[2020-04-06T11:53:51.650+0500][gc,metaspace  ] GC(48) Metaspace: 47879K->47879K(1093632K)
[2020-04-06T11:53:51.652+0500][gc            ] GC(48) Pause Young (Normal) (G1 Evacuation Pause) 193M->146M(1024M) 58.374ms
[2020-04-06T11:53:51.652+0500][gc,cpu        ] GC(48) User=0.02s Sys=0.04s Real=0.06s
[2020-04-06T12:06:51.461+0500][gc,start      ] GC(49) Pause Young (Normal) (G1 Evacuation Pause)
[2020-04-06T12:06:51.462+0500][gc,task       ] GC(49) Using 4 workers of 4 for evacuation
[2020-04-06T12:06:51.492+0500][gc,mmu        ] GC(49) MMU target violated: 21.0ms (20.0ms/21.0ms)
[2020-04-06T12:06:51.492+0500][gc,phases     ] GC(49)   Pre Evacuate Collection Set: 2.1ms
[2020-04-06T12:06:51.492+0500][gc,phases     ] GC(49)   Evacuate Collection Set: 26.9ms
[2020-04-06T12:06:51.492+0500][gc,phases     ] GC(49)   Post Evacuate Collection Set: 0.5ms
[2020-04-06T12:06:51.492+0500][gc,phases     ] GC(49)   Other: 2.1ms
[2020-04-06T12:06:51.492+0500][gc,heap       ] GC(49) Eden regions: 48->0(48)
[2020-04-06T12:06:51.492+0500][gc,heap       ] GC(49) Survivor regions: 3->3(7)
[2020-04-06T12:06:51.492+0500][gc,heap       ] GC(49) Old regions: 15->15
[2020-04-06T12:06:51.492+0500][gc,heap       ] GC(49) Humongous regions: 129->129
[2020-04-06T12:06:51.492+0500][gc,metaspace  ] GC(49) Metaspace: 47880K->47880K(1093632K)
[2020-04-06T12:06:51.492+0500][gc            ] GC(49) Pause Young (Normal) (G1 Evacuation Pause) 194M->146M(1024M) 31.726ms
[2020-04-06T12:06:51.492+0500][gc,cpu        ] GC(49) User=0.03s Sys=0.04s Real=0.03s
[2020-04-06T12:19:57.861+0500][gc,start      ] GC(50) Pause Young (Normal) (G1 Evacuation Pause)
[2020-04-06T12:19:57.881+0500][gc,task       ] GC(50) Using 4 workers of 4 for evacuation
[2020-04-06T12:19:57.925+0500][gc,mmu        ] GC(50) MMU target violated: 21.0ms (20.0ms/21.0ms)
[2020-04-06T12:19:57.925+0500][gc,phases     ] GC(50)   Pre Evacuate Collection Set: 1.9ms
[2020-04-06T12:19:57.925+0500][gc,phases     ] GC(50)   Evacuate Collection Set: 41.5ms
[2020-04-06T12:19:57.925+0500][gc,phases     ] GC(50)   Post Evacuate Collection Set: 0.5ms
[2020-04-06T12:19:57.925+0500][gc,phases     ] GC(50)   Other: 20.5ms
[2020-04-06T12:19:57.925+0500][gc,heap       ] GC(50) Eden regions: 48->0(47)
[2020-04-06T12:19:57.925+0500][gc,heap       ] GC(50) Survivor regions: 3->4(7)
[2020-04-06T12:19:57.926+0500][gc,heap       ] GC(50) Old regions: 15->15
[2020-04-06T12:19:57.926+0500][gc,heap       ] GC(50) Humongous regions: 129->129
[2020-04-06T12:19:57.926+0500][gc,metaspace  ] GC(50) Metaspace: 47881K->47881K(1093632K)
[2020-04-06T12:19:57.927+0500][gc            ] GC(50) Pause Young (Normal) (G1 Evacuation Pause) 194M->146M(1024M) 65.518ms
[2020-04-06T12:19:57.927+0500][gc,cpu        ] GC(50) User=0.04s Sys=0.09s Real=0.06s
[2020-04-06T12:32:42.382+0500][gc,start      ] GC(51) Pause Young (Normal) (G1 Evacuation Pause)
[2020-04-06T12:32:42.382+0500][gc,task       ] GC(51) Using 4 workers of 4 for evacuation
[2020-04-06T12:32:42.400+0500][gc,phases     ] GC(51)   Pre Evacuate Collection Set: 1.7ms
[2020-04-06T12:32:42.400+0500][gc,phases     ] GC(51)   Evacuate Collection Set: 14.5ms
[2020-04-06T12:32:42.400+0500][gc,phases     ] GC(51)   Post Evacuate Collection Set: 0.7ms
[2020-04-06T12:32:42.400+0500][gc,phases     ] GC(51)   Other: 0.9ms
[2020-04-06T12:32:42.400+0500][gc,heap       ] GC(51) Eden regions: 47->0(48)
[2020-04-06T12:32:42.400+0500][gc,heap       ] GC(51) Survivor regions: 4->3(7)
[2020-04-06T12:32:42.400+0500][gc,heap       ] GC(51) Old regions: 15->15
[2020-04-06T12:32:42.400+0500][gc,heap       ] GC(51) Humongous regions: 129->129
[2020-04-06T12:32:42.400+0500][gc,metaspace  ] GC(51) Metaspace: 47882K->47882K(1093632K)
[2020-04-06T12:32:42.400+0500][gc            ] GC(51) Pause Young (Normal) (G1 Evacuation Pause) 193M->146M(1024M) 18.039ms
[2020-04-06T12:32:42.400+0500][gc,cpu        ] GC(51) User=0.02s Sys=0.03s Real=0.02s
[2020-04-06T12:45:00.138+0500][gc,start      ] GC(52) Pause Young (Normal) (G1 Evacuation Pause)
[2020-04-06T12:45:00.138+0500][gc,task       ] GC(52) Using 4 workers of 4 for evacuation
[2020-04-06T12:45:00.161+0500][gc,mmu        ] GC(52) MMU target violated: 21.0ms (20.0ms/21.0ms)
[2020-04-06T12:45:00.161+0500][gc,phases     ] GC(52)   Pre Evacuate Collection Set: 1.3ms
[2020-04-06T12:45:00.161+0500][gc,phases     ] GC(52)   Evacuate Collection Set: 20.0ms
[2020-04-06T12:45:00.161+0500][gc,phases     ] GC(52)   Post Evacuate Collection Set: 0.7ms
[2020-04-06T12:45:00.161+0500][gc,phases     ] GC(52)   Other: 2.0ms
[2020-04-06T12:45:00.161+0500][gc,heap       ] GC(52) Eden regions: 48->0(47)
[2020-04-06T12:45:00.161+0500][gc,heap       ] GC(52) Survivor regions: 3->4(7)
[2020-04-06T12:45:00.161+0500][gc,heap       ] GC(52) Old regions: 15->15
[2020-04-06T12:45:00.161+0500][gc,heap       ] GC(52) Humongous regions: 129->129
[2020-04-06T12:45:00.161+0500][gc,metaspace  ] GC(52) Metaspace: 47884K->47884K(1093632K)
[2020-04-06T12:45:00.161+0500][gc            ] GC(52) Pause Young (Normal) (G1 Evacuation Pause) 194M->146M(1024M) 23.226ms
[2020-04-06T12:45:00.161+0500][gc,cpu        ] GC(52) User=0.02s Sys=0.03s Real=0.03s
[2020-04-06T12:57:43.138+0500][gc,start      ] GC(53) Pause Young (Normal) (G1 Evacuation Pause)
[2020-04-06T12:57:43.143+0500][gc,task       ] GC(53) Using 4 workers of 4 for evacuation
[2020-04-06T12:57:43.163+0500][gc,phases     ] GC(53)   Pre Evacuate Collection Set: 1.8ms
[2020-04-06T12:57:43.163+0500][gc,phases     ] GC(53)   Evacuate Collection Set: 16.8ms
[2020-04-06T12:57:43.163+0500][gc,phases     ] GC(53)   Post Evacuate Collection Set: 0.5ms
[2020-04-06T12:57:43.163+0500][gc,phases     ] GC(53)   Other: 6.6ms
[2020-04-06T12:57:43.163+0500][gc,heap       ] GC(53) Eden regions: 47->0(48)
[2020-04-06T12:57:43.163+0500][gc,heap       ] GC(53) Survivor regions: 4->3(7)
[2020-04-06T12:57:43.163+0500][gc,heap       ] GC(53) Old regions: 15->15
[2020-04-06T12:57:43.163+0500][gc,heap       ] GC(53) Humongous regions: 129->129
[2020-04-06T12:57:43.163+0500][gc,metaspace  ] GC(53) Metaspace: 47886K->47886K(1093632K)
[2020-04-06T12:57:43.163+0500][gc            ] GC(53) Pause Young (Normal) (G1 Evacuation Pause) 193M->146M(1024M) 25.742ms
[2020-04-06T12:57:43.163+0500][gc,cpu        ] GC(53) User=0.02s Sys=0.04s Real=0.03s
[2020-04-06T13:10:48.398+0500][gc,start      ] GC(54) Pause Young (Normal) (G1 Evacuation Pause)
[2020-04-06T13:10:48.398+0500][gc,task       ] GC(54) Using 4 workers of 4 for evacuation
[2020-04-06T13:10:48.421+0500][gc,mmu        ] GC(54) MMU target violated: 21.0ms (20.0ms/21.0ms)
[2020-04-06T13:10:48.421+0500][gc,phases     ] GC(54)   Pre Evacuate Collection Set: 1.7ms
[2020-04-06T13:10:48.421+0500][gc,phases     ] GC(54)   Evacuate Collection Set: 20.1ms
[2020-04-06T13:10:48.421+0500][gc,phases     ] GC(54)   Post Evacuate Collection Set: 0.4ms
[2020-04-06T13:10:48.421+0500][gc,phases     ] GC(54)   Other: 1.1ms
[2020-04-06T13:10:48.421+0500][gc,heap       ] GC(54) Eden regions: 48->0(47)
[2020-04-06T13:10:48.421+0500][gc,heap       ] GC(54) Survivor regions: 3->4(7)
[2020-04-06T13:10:48.421+0500][gc,heap       ] GC(54) Old regions: 15->15
[2020-04-06T13:10:48.421+0500][gc,heap       ] GC(54) Humongous regions: 129->129
[2020-04-06T13:10:48.421+0500][gc,metaspace  ] GC(54) Metaspace: 47909K->47909K(1093632K)
[2020-04-06T13:10:48.421+0500][gc            ] GC(54) Pause Young (Normal) (G1 Evacuation Pause) 194M->146M(1024M) 23.395ms
[2020-04-06T13:10:48.421+0500][gc,cpu        ] GC(54) User=0.02s Sys=0.04s Real=0.03s
[2020-04-06T13:23:32.290+0500][gc,start      ] GC(55) Pause Young (Normal) (G1 Evacuation Pause)
[2020-04-06T13:23:32.291+0500][gc,task       ] GC(55) Using 4 workers of 4 for evacuation
[2020-04-06T13:23:32.348+0500][gc,mmu        ] GC(55) MMU target violated: 21.0ms (20.0ms/21.0ms)
[2020-04-06T13:23:32.348+0500][gc,phases     ] GC(55)   Pre Evacuate Collection Set: 2.9ms
[2020-04-06T13:23:32.348+0500][gc,phases     ] GC(55)   Evacuate Collection Set: 51.9ms
[2020-04-06T13:23:32.348+0500][gc,phases     ] GC(55)   Post Evacuate Collection Set: 1.5ms
[2020-04-06T13:23:32.348+0500][gc,phases     ] GC(55)   Other: 2.1ms
[2020-04-06T13:23:32.348+0500][gc,heap       ] GC(55) Eden regions: 47->0(48)
[2020-04-06T13:23:32.348+0500][gc,heap       ] GC(55) Survivor regions: 4->3(7)
[2020-04-06T13:23:32.349+0500][gc,heap       ] GC(55) Old regions: 15->15
[2020-04-06T13:23:32.349+0500][gc,heap       ] GC(55) Humongous regions: 129->129
[2020-04-06T13:23:32.349+0500][gc,metaspace  ] GC(55) Metaspace: 47909K->47909K(1093632K)
[2020-04-06T13:23:32.349+0500][gc            ] GC(55) Pause Young (Normal) (G1 Evacuation Pause) 193M->146M(1024M) 58.583ms
[2020-04-06T13:23:32.349+0500][gc,cpu        ] GC(55) User=0.03s Sys=0.05s Real=0.05s
[2020-04-06T13:35:59.243+0500][gc,start      ] GC(56) Pause Young (Normal) (G1 Evacuation Pause)
[2020-04-06T13:35:59.244+0500][gc,task       ] GC(56) Using 4 workers of 4 for evacuation
[2020-04-06T13:35:59.340+0500][gc,mmu        ] GC(56) MMU target violated: 21.0ms (20.0ms/21.0ms)
[2020-04-06T13:35:59.340+0500][gc,phases     ] GC(56)   Pre Evacuate Collection Set: 1.7ms
[2020-04-06T13:35:59.340+0500][gc,phases     ] GC(56)   Evacuate Collection Set: 72.7ms
[2020-04-06T13:35:59.340+0500][gc,phases     ] GC(56)   Post Evacuate Collection Set: 0.4ms
[2020-04-06T13:35:59.340+0500][gc,phases     ] GC(56)   Other: 24.5ms
[2020-04-06T13:35:59.340+0500][gc,heap       ] GC(56) Eden regions: 48->0(48)
[2020-04-06T13:35:59.340+0500][gc,heap       ] GC(56) Survivor regions: 3->3(7)
[2020-04-06T13:35:59.340+0500][gc,heap       ] GC(56) Old regions: 15->15
[2020-04-06T13:35:59.340+0500][gc,heap       ] GC(56) Humongous regions: 129->129
[2020-04-06T13:35:59.340+0500][gc,metaspace  ] GC(56) Metaspace: 47909K->47909K(1093632K)
[2020-04-06T13:35:59.341+0500][gc            ] GC(56) Pause Young (Normal) (G1 Evacuation Pause) 194M->146M(1024M) 97.295ms
[2020-04-06T13:35:59.341+0500][gc,cpu        ] GC(56) User=0.03s Sys=0.05s Real=0.10s
[2020-04-06T13:49:08.344+0500][gc,start      ] GC(57) Pause Young (Normal) (G1 Evacuation Pause)
[2020-04-06T13:49:08.344+0500][gc,task       ] GC(57) Using 4 workers of 4 for evacuation
[2020-04-06T13:49:08.386+0500][gc,mmu        ] GC(57) MMU target violated: 21.0ms (20.0ms/21.0ms)
[2020-04-06T13:49:08.386+0500][gc,phases     ] GC(57)   Pre Evacuate Collection Set: 1.3ms
[2020-04-06T13:49:08.386+0500][gc,phases     ] GC(57)   Evacuate Collection Set: 39.2ms
[2020-04-06T13:49:08.386+0500][gc,phases     ] GC(57)   Post Evacuate Collection Set: 0.8ms
[2020-04-06T13:49:08.386+0500][gc,phases     ] GC(57)   Other: 1.0ms
[2020-04-06T13:49:08.386+0500][gc,heap       ] GC(57) Eden regions: 48->0(48)
[2020-04-06T13:49:08.386+0500][gc,heap       ] GC(57) Survivor regions: 3->3(7)
[2020-04-06T13:49:08.386+0500][gc,heap       ] GC(57) Old regions: 15->15
[2020-04-06T13:49:08.386+0500][gc,heap       ] GC(57) Humongous regions: 129->129
[2020-04-06T13:49:08.386+0500][gc,metaspace  ] GC(57) Metaspace: 47912K->47912K(1093632K)
[2020-04-06T13:49:08.386+0500][gc            ] GC(57) Pause Young (Normal) (G1 Evacuation Pause) 194M->146M(1024M) 42.567ms
[2020-04-06T13:49:08.386+0500][gc,cpu        ] GC(57) User=0.02s Sys=0.04s Real=0.04s
[2020-04-06T14:02:10.880+0500][gc,start      ] GC(58) Pause Young (Normal) (G1 Evacuation Pause)
[2020-04-06T14:02:10.880+0500][gc,task       ] GC(58) Using 4 workers of 4 for evacuation
[2020-04-06T14:02:10.957+0500][gc,mmu        ] GC(58) MMU target violated: 21.0ms (20.0ms/21.0ms)
[2020-04-06T14:02:10.958+0500][gc,phases     ] GC(58)   Pre Evacuate Collection Set: 1.7ms
[2020-04-06T14:02:10.958+0500][gc,phases     ] GC(58)   Evacuate Collection Set: 73.3ms
[2020-04-06T14:02:10.958+0500][gc,phases     ] GC(58)   Post Evacuate Collection Set: 1.6ms
[2020-04-06T14:02:10.958+0500][gc,phases     ] GC(58)   Other: 1.1ms
[2020-04-06T14:02:10.958+0500][gc,heap       ] GC(58) Eden regions: 48->0(47)
[2020-04-06T14:02:10.958+0500][gc,heap       ] GC(58) Survivor regions: 3->4(7)
[2020-04-06T14:02:10.958+0500][gc,heap       ] GC(58) Old regions: 15->15
[2020-04-06T14:02:10.958+0500][gc,heap       ] GC(58) Humongous regions: 129->129
[2020-04-06T14:02:10.958+0500][gc,metaspace  ] GC(58) Metaspace: 47916K->47916K(1093632K)
[2020-04-06T14:02:10.977+0500][gc            ] GC(58) Pause Young (Normal) (G1 Evacuation Pause) 194M->146M(1024M) 96.701ms
[2020-04-06T14:02:10.977+0500][gc,cpu        ] GC(58) User=0.06s Sys=0.07s Real=0.09s
[2020-04-06T14:14:58.308+0500][gc,start      ] GC(59) Pause Young (Normal) (G1 Evacuation Pause)
[2020-04-06T14:14:58.310+0500][gc,task       ] GC(59) Using 4 workers of 4 for evacuation
[2020-04-06T14:14:58.344+0500][gc,mmu        ] GC(59) MMU target violated: 21.0ms (20.0ms/21.0ms)
[2020-04-06T14:14:58.344+0500][gc,phases     ] GC(59)   Pre Evacuate Collection Set: 1.7ms
[2020-04-06T14:14:58.344+0500][gc,phases     ] GC(59)   Evacuate Collection Set: 31.4ms
[2020-04-06T14:14:58.344+0500][gc,phases     ] GC(59)   Post Evacuate Collection Set: 0.4ms
[2020-04-06T14:14:58.344+0500][gc,phases     ] GC(59)   Other: 2.3ms
[2020-04-06T14:14:58.344+0500][gc,heap       ] GC(59) Eden regions: 47->0(48)
[2020-04-06T14:14:58.344+0500][gc,heap       ] GC(59) Survivor regions: 4->3(7)
[2020-04-06T14:14:58.344+0500][gc,heap       ] GC(59) Old regions: 15->15
[2020-04-06T14:14:58.344+0500][gc,heap       ] GC(59) Humongous regions: 129->129
[2020-04-06T14:14:58.344+0500][gc,metaspace  ] GC(59) Metaspace: 47916K->47916K(1093632K)
[2020-04-06T14:14:58.344+0500][gc            ] GC(59) Pause Young (Normal) (G1 Evacuation Pause) 193M->146M(1024M) 35.952ms
[2020-04-06T14:14:58.344+0500][gc,cpu        ] GC(59) User=0.02s Sys=0.04s Real=0.04s
[2020-04-06T14:27:58.289+0500][gc,start      ] GC(60) Pause Young (Normal) (G1 Evacuation Pause)
[2020-04-06T14:27:58.289+0500][gc,task       ] GC(60) Using 4 workers of 4 for evacuation
[2020-04-06T14:27:58.321+0500][gc,mmu        ] GC(60) MMU target violated: 21.0ms (20.0ms/21.0ms)
[2020-04-06T14:27:58.321+0500][gc,phases     ] GC(60)   Pre Evacuate Collection Set: 2.2ms
[2020-04-06T14:27:58.321+0500][gc,phases     ] GC(60)   Evacuate Collection Set: 27.1ms
[2020-04-06T14:27:58.321+0500][gc,phases     ] GC(60)   Post Evacuate Collection Set: 0.6ms
[2020-04-06T14:27:58.321+0500][gc,phases     ] GC(60)   Other: 2.8ms
[2020-04-06T14:27:58.321+0500][gc,heap       ] GC(60) Eden regions: 48->0(49)
[2020-04-06T14:27:58.321+0500][gc,heap       ] GC(60) Survivor regions: 3->2(7)
[2020-04-06T14:27:58.321+0500][gc,heap       ] GC(60) Old regions: 15->15
[2020-04-06T14:27:58.321+0500][gc,heap       ] GC(60) Humongous regions: 129->129
[2020-04-06T14:27:58.321+0500][gc,metaspace  ] GC(60) Metaspace: 47916K->47916K(1093632K)
[2020-04-06T14:27:58.323+0500][gc            ] GC(60) Pause Young (Normal) (G1 Evacuation Pause) 194M->145M(1024M) 33.884ms
[2020-04-06T14:27:58.323+0500][gc,cpu        ] GC(60) User=0.02s Sys=0.04s Real=0.04s
[2020-04-06T14:40:37.574+0500][gc,start      ] GC(61) Pause Young (Normal) (G1 Evacuation Pause)
[2020-04-06T14:40:37.575+0500][gc,task       ] GC(61) Using 4 workers of 4 for evacuation
[2020-04-06T14:40:37.622+0500][gc,mmu        ] GC(61) MMU target violated: 21.0ms (20.0ms/21.0ms)
[2020-04-06T14:40:37.622+0500][gc,phases     ] GC(61)   Pre Evacuate Collection Set: 1.7ms
[2020-04-06T14:40:37.622+0500][gc,phases     ] GC(61)   Evacuate Collection Set: 44.6ms
[2020-04-06T14:40:37.622+0500][gc,phases     ] GC(61)   Post Evacuate Collection Set: 0.5ms
[2020-04-06T14:40:37.622+0500][gc,phases     ] GC(61)   Other: 1.3ms
[2020-04-06T14:40:37.622+0500][gc,heap       ] GC(61) Eden regions: 49->0(48)
[2020-04-06T14:40:37.622+0500][gc,heap       ] GC(61) Survivor regions: 2->3(7)
[2020-04-06T14:40:37.622+0500][gc,heap       ] GC(61) Old regions: 15->15
[2020-04-06T14:40:37.622+0500][gc,heap       ] GC(61) Humongous regions: 129->129
[2020-04-06T14:40:37.622+0500][gc,metaspace  ] GC(61) Metaspace: 47916K->47916K(1093632K)
[2020-04-06T14:40:37.622+0500][gc            ] GC(61) Pause Young (Normal) (G1 Evacuation Pause) 194M->146M(1024M) 48.299ms
[2020-04-06T14:40:37.623+0500][gc,cpu        ] GC(61) User=0.02s Sys=0.05s Real=0.05s
[2020-04-06T14:53:41.026+0500][gc,start      ] GC(62) Pause Young (Normal) (G1 Evacuation Pause)
[2020-04-06T14:53:41.026+0500][gc,task       ] GC(62) Using 4 workers of 4 for evacuation
[2020-04-06T14:53:41.049+0500][gc,mmu        ] GC(62) MMU target violated: 21.0ms (20.0ms/21.0ms)
[2020-04-06T14:53:41.049+0500][gc,phases     ] GC(62)   Pre Evacuate Collection Set: 1.9ms
[2020-04-06T14:53:41.049+0500][gc,phases     ] GC(62)   Evacuate Collection Set: 20.2ms
[2020-04-06T14:53:41.049+0500][gc,phases     ] GC(62)   Post Evacuate Collection Set: 0.4ms
[2020-04-06T14:53:41.050+0500][gc,phases     ] GC(62)   Other: 2.4ms
[2020-04-06T14:53:41.050+0500][gc,heap       ] GC(62) Eden regions: 48->0(49)
[2020-04-06T14:53:41.050+0500][gc,heap       ] GC(62) Survivor regions: 3->2(7)
[2020-04-06T14:53:41.050+0500][gc,heap       ] GC(62) Old regions: 15->15
[2020-04-06T14:53:41.050+0500][gc,heap       ] GC(62) Humongous regions: 129->129
[2020-04-06T14:53:41.050+0500][gc,metaspace  ] GC(62) Metaspace: 47917K->47917K(1093632K)
[2020-04-06T14:53:41.051+0500][gc            ] GC(62) Pause Young (Normal) (G1 Evacuation Pause) 194M->145M(1024M) 25.026ms
[2020-04-06T14:53:41.051+0500][gc,cpu        ] GC(62) User=0.02s Sys=0.04s Real=0.03s
[2020-04-06T15:07:01.742+0500][gc,start      ] GC(63) Pause Young (Normal) (G1 Evacuation Pause)
[2020-04-06T15:07:01.743+0500][gc,task       ] GC(63) Using 4 workers of 4 for evacuation
[2020-04-06T15:07:01.786+0500][gc,mmu        ] GC(63) MMU target violated: 21.0ms (20.0ms/21.0ms)
[2020-04-06T15:07:01.786+0500][gc,phases     ] GC(63)   Pre Evacuate Collection Set: 1.8ms
[2020-04-06T15:07:01.786+0500][gc,phases     ] GC(63)   Evacuate Collection Set: 40.1ms
[2020-04-06T15:07:01.786+0500][gc,phases     ] GC(63)   Post Evacuate Collection Set: 0.4ms
[2020-04-06T15:07:01.786+0500][gc,phases     ] GC(63)   Other: 1.3ms
[2020-04-06T15:07:01.786+0500][gc,heap       ] GC(63) Eden regions: 49->0(48)
[2020-04-06T15:07:01.786+0500][gc,heap       ] GC(63) Survivor regions: 2->3(7)
[2020-04-06T15:07:01.786+0500][gc,heap       ] GC(63) Old regions: 15->15
[2020-04-06T15:07:01.786+0500][gc,heap       ] GC(63) Humongous regions: 129->129
[2020-04-06T15:07:01.786+0500][gc,metaspace  ] GC(63) Metaspace: 47917K->47917K(1093632K)
[2020-04-06T15:07:01.786+0500][gc            ] GC(63) Pause Young (Normal) (G1 Evacuation Pause) 194M->146M(1024M) 43.660ms
[2020-04-06T15:07:01.786+0500][gc,cpu        ] GC(63) User=0.02s Sys=0.05s Real=0.04s
[2020-04-06T15:37:48.106+0500][gc,start      ] GC(64) Pause Young (Normal) (G1 Evacuation Pause)
[2020-04-06T15:37:48.107+0500][gc,task       ] GC(64) Using 4 workers of 4 for evacuation
[2020-04-06T15:37:48.131+0500][gc,mmu        ] GC(64) MMU target violated: 21.0ms (20.0ms/21.0ms)
[2020-04-06T15:37:48.131+0500][gc,phases     ] GC(64)   Pre Evacuate Collection Set: 4.2ms
[2020-04-06T15:37:48.131+0500][gc,phases     ] GC(64)   Evacuate Collection Set: 18.8ms
[2020-04-06T15:37:48.131+0500][gc,phases     ] GC(64)   Post Evacuate Collection Set: 0.4ms
[2020-04-06T15:37:48.131+0500][gc,phases     ] GC(64)   Other: 1.2ms
[2020-04-06T15:37:48.131+0500][gc,heap       ] GC(64) Eden regions: 48->0(48)
[2020-04-06T15:37:48.131+0500][gc,heap       ] GC(64) Survivor regions: 3->3(7)
[2020-04-06T15:37:48.131+0500][gc,heap       ] GC(64) Old regions: 15->15
[2020-04-06T15:37:48.131+0500][gc,heap       ] GC(64) Humongous regions: 129->129
[2020-04-06T15:37:48.131+0500][gc,metaspace  ] GC(64) Metaspace: 47956K->47956K(1093632K)
[2020-04-06T15:37:48.132+0500][gc            ] GC(64) Pause Young (Normal) (G1 Evacuation Pause) 194M->146M(1024M) 25.895ms
[2020-04-06T15:37:48.132+0500][gc,cpu        ] GC(64) User=0.02s Sys=0.03s Real=0.03s
[2020-04-06T15:50:51.297+0500][gc,start      ] GC(65) Pause Young (Normal) (G1 Evacuation Pause)
[2020-04-06T15:50:51.303+0500][gc,task       ] GC(65) Using 4 workers of 4 for evacuation
[2020-04-06T15:50:51.338+0500][gc,mmu        ] GC(65) MMU target violated: 21.0ms (20.0ms/21.0ms)
[2020-04-06T15:50:51.338+0500][gc,phases     ] GC(65)   Pre Evacuate Collection Set: 1.7ms
[2020-04-06T15:50:51.338+0500][gc,phases     ] GC(65)   Evacuate Collection Set: 31.8ms
[2020-04-06T15:50:51.338+0500][gc,phases     ] GC(65)   Post Evacuate Collection Set: 0.9ms
[2020-04-06T15:50:51.338+0500][gc,phases     ] GC(65)   Other: 6.1ms
[2020-04-06T15:50:51.338+0500][gc,heap       ] GC(65) Eden regions: 48->0(48)
[2020-04-06T15:50:51.338+0500][gc,heap       ] GC(65) Survivor regions: 3->3(7)
[2020-04-06T15:50:51.338+0500][gc,heap       ] GC(65) Old regions: 15->15
[2020-04-06T15:50:51.338+0500][gc,heap       ] GC(65) Humongous regions: 129->129
[2020-04-06T15:50:51.338+0500][gc,metaspace  ] GC(65) Metaspace: 47957K->47957K(1093632K)
[2020-04-06T15:50:51.338+0500][gc            ] GC(65) Pause Young (Normal) (G1 Evacuation Pause) 194M->146M(1024M) 40.708ms
[2020-04-06T15:50:51.338+0500][gc,cpu        ] GC(65) User=0.02s Sys=0.03s Real=0.04s
[2020-04-06T16:03:08.440+0500][gc,start      ] GC(66) Pause Young (Normal) (G1 Evacuation Pause)
[2020-04-06T16:03:08.442+0500][gc,task       ] GC(66) Using 4 workers of 4 for evacuation
[2020-04-06T16:03:08.465+0500][gc,mmu        ] GC(66) MMU target violated: 21.0ms (20.0ms/21.0ms)
[2020-04-06T16:03:08.465+0500][gc,phases     ] GC(66)   Pre Evacuate Collection Set: 1.9ms
[2020-04-06T16:03:08.465+0500][gc,phases     ] GC(66)   Evacuate Collection Set: 20.7ms
[2020-04-06T16:03:08.465+0500][gc,phases     ] GC(66)   Post Evacuate Collection Set: 0.5ms
[2020-04-06T16:03:08.465+0500][gc,phases     ] GC(66)   Other: 2.5ms
[2020-04-06T16:03:08.465+0500][gc,heap       ] GC(66) Eden regions: 48->0(48)
[2020-04-06T16:03:08.465+0500][gc,heap       ] GC(66) Survivor regions: 3->3(7)
[2020-04-06T16:03:08.465+0500][gc,heap       ] GC(66) Old regions: 15->15
[2020-04-06T16:03:08.465+0500][gc,heap       ] GC(66) Humongous regions: 129->129
[2020-04-06T16:03:08.466+0500][gc,metaspace  ] GC(66) Metaspace: 47957K->47957K(1093632K)
[2020-04-06T16:03:08.466+0500][gc            ] GC(66) Pause Young (Normal) (G1 Evacuation Pause) 194M->146M(1024M) 25.666ms
[2020-04-06T16:03:08.466+0500][gc,cpu        ] GC(66) User=0.02s Sys=0.04s Real=0.02s
[2020-04-06T16:16:08.846+0500][gc,start      ] GC(67) Pause Young (Normal) (G1 Evacuation Pause)
[2020-04-06T16:16:08.848+0500][gc,task       ] GC(67) Using 4 workers of 4 for evacuation
[2020-04-06T16:16:08.868+0500][gc,phases     ] GC(67)   Pre Evacuate Collection Set: 1.7ms
[2020-04-06T16:16:08.868+0500][gc,phases     ] GC(67)   Evacuate Collection Set: 16.6ms
[2020-04-06T16:16:08.868+0500][gc,phases     ] GC(67)   Post Evacuate Collection Set: 0.5ms
[2020-04-06T16:16:08.868+0500][gc,phases     ] GC(67)   Other: 2.6ms
[2020-04-06T16:16:08.868+0500][gc,heap       ] GC(67) Eden regions: 48->0(48)
[2020-04-06T16:16:08.868+0500][gc,heap       ] GC(67) Survivor regions: 3->3(7)
[2020-04-06T16:16:08.868+0500][gc,heap       ] GC(67) Old regions: 15->15
[2020-04-06T16:16:08.868+0500][gc,heap       ] GC(67) Humongous regions: 129->129
[2020-04-06T16:16:08.868+0500][gc,metaspace  ] GC(67) Metaspace: 47958K->47958K(1093632K)
[2020-04-06T16:16:08.868+0500][gc            ] GC(67) Pause Young (Normal) (G1 Evacuation Pause) 194M->146M(1024M) 21.540ms
[2020-04-06T16:16:08.868+0500][gc,cpu        ] GC(67) User=0.02s Sys=0.03s Real=0.02s
[2020-04-06T16:29:09.119+0500][gc,start      ] GC(68) Pause Young (Normal) (G1 Evacuation Pause)
[2020-04-06T16:29:09.119+0500][gc,task       ] GC(68) Using 4 workers of 4 for evacuation
[2020-04-06T16:29:09.142+0500][gc,mmu        ] GC(68) MMU target violated: 21.0ms (20.0ms/21.0ms)
[2020-04-06T16:29:09.142+0500][gc,phases     ] GC(68)   Pre Evacuate Collection Set: 1.8ms
[2020-04-06T16:29:09.142+0500][gc,phases     ] GC(68)   Evacuate Collection Set: 19.9ms
[2020-04-06T16:29:09.142+0500][gc,phases     ] GC(68)   Post Evacuate Collection Set: 0.5ms
[2020-04-06T16:29:09.142+0500][gc,phases     ] GC(68)   Other: 1.2ms
[2020-04-06T16:29:09.142+0500][gc,heap       ] GC(68) Eden regions: 48->0(48)
[2020-04-06T16:29:09.142+0500][gc,heap       ] GC(68) Survivor regions: 3->3(7)
[2020-04-06T16:29:09.142+0500][gc,heap       ] GC(68) Old regions: 15->15
[2020-04-06T16:29:09.142+0500][gc,heap       ] GC(68) Humongous regions: 129->129
[2020-04-06T16:29:09.142+0500][gc,metaspace  ] GC(68) Metaspace: 47958K->47958K(1093632K)
[2020-04-06T16:29:09.142+0500][gc            ] GC(68) Pause Young (Normal) (G1 Evacuation Pause) 194M->146M(1024M) 23.497ms
[2020-04-06T16:29:09.142+0500][gc,cpu        ] GC(68) User=0.02s Sys=0.04s Real=0.03s
[2020-04-06T16:42:13.812+0500][gc,start      ] GC(69) Pause Young (Normal) (G1 Evacuation Pause)
[2020-04-06T16:42:13.925+0500][gc,task       ] GC(69) Using 4 workers of 4 for evacuation
[2020-04-06T16:42:14.021+0500][gc,mmu        ] GC(69) MMU target violated: 21.0ms (20.0ms/21.0ms)
[2020-04-06T16:42:14.021+0500][gc,phases     ] GC(69)   Pre Evacuate Collection Set: 1.7ms
[2020-04-06T16:42:14.021+0500][gc,phases     ] GC(69)   Evacuate Collection Set: 93.1ms
[2020-04-06T16:42:14.021+0500][gc,phases     ] GC(69)   Post Evacuate Collection Set: 0.5ms
[2020-04-06T16:42:14.021+0500][gc,phases     ] GC(69)   Other: 114.6ms
[2020-04-06T16:42:14.022+0500][gc,heap       ] GC(69) Eden regions: 48->0(48)
[2020-04-06T16:42:14.022+0500][gc,heap       ] GC(69) Survivor regions: 3->3(7)
[2020-04-06T16:42:14.022+0500][gc,heap       ] GC(69) Old regions: 15->15
[2020-04-06T16:42:14.022+0500][gc,heap       ] GC(69) Humongous regions: 129->129
[2020-04-06T16:42:14.022+0500][gc,metaspace  ] GC(69) Metaspace: 47958K->47958K(1093632K)
[2020-04-06T16:42:14.022+0500][gc            ] GC(69) Pause Young (Normal) (G1 Evacuation Pause) 194M->146M(1024M) 210.123ms
[2020-04-06T16:42:14.022+0500][gc,cpu        ] GC(69) User=0.05s Sys=0.05s Real=0.21s
[2020-04-06T16:54:32.987+0500][gc,start      ] GC(70) Pause Young (Normal) (G1 Evacuation Pause)
[2020-04-06T16:54:32.988+0500][gc,task       ] GC(70) Using 4 workers of 4 for evacuation
[2020-04-06T16:54:33.005+0500][gc,phases     ] GC(70)   Pre Evacuate Collection Set: 1.7ms
[2020-04-06T16:54:33.005+0500][gc,phases     ] GC(70)   Evacuate Collection Set: 14.5ms
[2020-04-06T16:54:33.005+0500][gc,phases     ] GC(70)   Post Evacuate Collection Set: 0.5ms
[2020-04-06T16:54:33.005+0500][gc,phases     ] GC(70)   Other: 1.7ms
[2020-04-06T16:54:33.005+0500][gc,heap       ] GC(70) Eden regions: 48->0(48)
[2020-04-06T16:54:33.005+0500][gc,heap       ] GC(70) Survivor regions: 3->3(7)
[2020-04-06T16:54:33.005+0500][gc,heap       ] GC(70) Old regions: 15->15
[2020-04-06T16:54:33.005+0500][gc,heap       ] GC(70) Humongous regions: 129->129
[2020-04-06T16:54:33.005+0500][gc,metaspace  ] GC(70) Metaspace: 47958K->47958K(1093632K)
[2020-04-06T16:54:33.005+0500][gc            ] GC(70) Pause Young (Normal) (G1 Evacuation Pause) 194M->146M(1024M) 18.654ms
[2020-04-06T16:54:33.005+0500][gc,cpu        ] GC(70) User=0.02s Sys=0.03s Real=0.02s
[2020-04-06T17:08:49.971+0500][gc,start      ] GC(71) Pause Young (Normal) (G1 Evacuation Pause)
[2020-04-06T17:08:49.972+0500][gc,task       ] GC(71) Using 4 workers of 4 for evacuation
[2020-04-06T17:08:50.007+0500][gc,mmu        ] GC(71) MMU target violated: 21.0ms (20.0ms/21.0ms)
[2020-04-06T17:08:50.007+0500][gc,phases     ] GC(71)   Pre Evacuate Collection Set: 2.9ms
[2020-04-06T17:08:50.007+0500][gc,phases     ] GC(71)   Evacuate Collection Set: 31.1ms
[2020-04-06T17:08:50.007+0500][gc,phases     ] GC(71)   Post Evacuate Collection Set: 0.6ms
[2020-04-06T17:08:50.007+0500][gc,phases     ] GC(71)   Other: 1.2ms
[2020-04-06T17:08:50.007+0500][gc,heap       ] GC(71) Eden regions: 48->0(48)
[2020-04-06T17:08:50.007+0500][gc,heap       ] GC(71) Survivor regions: 3->3(7)
[2020-04-06T17:08:50.008+0500][gc,heap       ] GC(71) Old regions: 15->15
[2020-04-06T17:08:50.008+0500][gc,heap       ] GC(71) Humongous regions: 129->129
[2020-04-06T17:08:50.008+0500][gc,metaspace  ] GC(71) Metaspace: 48070K->48070K(1093632K)
[2020-04-06T17:08:50.008+0500][gc            ] GC(71) Pause Young (Normal) (G1 Evacuation Pause) 194M->146M(1024M) 36.345ms
[2020-04-06T17:08:50.008+0500][gc,cpu        ] GC(71) User=0.02s Sys=0.06s Real=0.03s
[2020-04-06T17:36:49.514+0500][gc,start      ] GC(72) Pause Young (Normal) (G1 Evacuation Pause)
[2020-04-06T17:36:49.549+0500][gc,task       ] GC(72) Using 4 workers of 4 for evacuation
[2020-04-06T17:36:50.384+0500][gc,mmu        ] GC(72) MMU target violated: 21.0ms (20.0ms/21.0ms)
[2020-04-06T17:36:50.384+0500][gc,phases     ] GC(72)   Pre Evacuate Collection Set: 2.3ms
[2020-04-06T17:36:50.384+0500][gc,phases     ] GC(72)   Evacuate Collection Set: 830.6ms
[2020-04-06T17:36:50.384+0500][gc,phases     ] GC(72)   Post Evacuate Collection Set: 0.7ms
[2020-04-06T17:36:50.458+0500][gc,phases     ] GC(72)   Other: 37.2ms
[2020-04-06T17:36:50.458+0500][gc,heap       ] GC(72) Eden regions: 48->0(48)
[2020-04-06T17:36:50.458+0500][gc,heap       ] GC(72) Survivor regions: 3->3(7)
[2020-04-06T17:36:50.458+0500][gc,heap       ] GC(72) Old regions: 15->15
[2020-04-06T17:36:50.459+0500][gc,heap       ] GC(72) Humongous regions: 129->129
[2020-04-06T17:36:50.459+0500][gc,metaspace  ] GC(72) Metaspace: 48075K->48075K(1093632K)
[2020-04-06T17:36:50.532+0500][gc            ] GC(72) Pause Young (Normal) (G1 Evacuation Pause) 194M->146M(1024M) 1017.896ms
[2020-04-06T17:36:50.532+0500][gc,cpu        ] GC(72) User=0.08s Sys=0.07s Real=1.02s
[2020-04-06T17:49:56.901+0500][gc,start      ] GC(73) Pause Young (Normal) (G1 Evacuation Pause)
[2020-04-06T17:49:56.902+0500][gc,task       ] GC(73) Using 4 workers of 4 for evacuation
[2020-04-06T17:49:57.004+0500][gc,mmu        ] GC(73) MMU target violated: 21.0ms (20.0ms/21.0ms)
[2020-04-06T17:49:57.090+0500][gc,phases     ] GC(73)   Pre Evacuate Collection Set: 1.7ms
[2020-04-06T17:49:57.090+0500][gc,phases     ] GC(73)   Evacuate Collection Set: 99.3ms
[2020-04-06T17:49:57.090+0500][gc,phases     ] GC(73)   Post Evacuate Collection Set: 0.4ms
[2020-04-06T17:49:57.090+0500][gc,phases     ] GC(73)   Other: 87.3ms
[2020-04-06T17:49:57.090+0500][gc,heap       ] GC(73) Eden regions: 48->0(48)
[2020-04-06T17:49:57.090+0500][gc,heap       ] GC(73) Survivor regions: 3->3(7)
[2020-04-06T17:49:57.090+0500][gc,heap       ] GC(73) Old regions: 15->15
[2020-04-06T17:49:57.090+0500][gc,heap       ] GC(73) Humongous regions: 129->129
[2020-04-06T17:49:57.090+0500][gc,metaspace  ] GC(73) Metaspace: 48075K->48075K(1093632K)
[2020-04-06T17:49:57.090+0500][gc            ] GC(73) Pause Young (Normal) (G1 Evacuation Pause) 194M->146M(1024M) 188.872ms
[2020-04-06T17:49:57.090+0500][gc,cpu        ] GC(73) User=0.08s Sys=0.02s Real=0.19s
[2020-04-06T18:03:00.420+0500][gc,start      ] GC(74) Pause Young (Normal) (G1 Evacuation Pause)
[2020-04-06T18:03:00.429+0500][gc,task       ] GC(74) Using 4 workers of 4 for evacuation
[2020-04-06T18:03:00.486+0500][gc,mmu        ] GC(74) MMU target violated: 21.0ms (20.0ms/21.0ms)
[2020-04-06T18:03:00.486+0500][gc,phases     ] GC(74)   Pre Evacuate Collection Set: 1.7ms
[2020-04-06T18:03:00.486+0500][gc,phases     ] GC(74)   Evacuate Collection Set: 54.5ms
[2020-04-06T18:03:00.486+0500][gc,phases     ] GC(74)   Post Evacuate Collection Set: 0.5ms
[2020-04-06T18:03:00.486+0500][gc,phases     ] GC(74)   Other: 9.3ms
[2020-04-06T18:03:00.486+0500][gc,heap       ] GC(74) Eden regions: 48->0(48)
[2020-04-06T18:03:00.486+0500][gc,heap       ] GC(74) Survivor regions: 3->3(7)
[2020-04-06T18:03:00.486+0500][gc,heap       ] GC(74) Old regions: 15->15
[2020-04-06T18:03:00.486+0500][gc,heap       ] GC(74) Humongous regions: 129->129
[2020-04-06T18:03:00.486+0500][gc,metaspace  ] GC(74) Metaspace: 48075K->48075K(1093632K)
[2020-04-06T18:03:00.493+0500][gc            ] GC(74) Pause Young (Normal) (G1 Evacuation Pause) 194M->146M(1024M) 72.335ms
[2020-04-06T18:03:00.493+0500][gc,cpu        ] GC(74) User=0.04s Sys=0.04s Real=0.07s
[2020-04-06T18:15:19.638+0500][gc,start      ] GC(75) Pause Young (Normal) (G1 Evacuation Pause)
[2020-04-06T18:15:19.639+0500][gc,task       ] GC(75) Using 4 workers of 4 for evacuation
[2020-04-06T18:15:19.667+0500][gc,mmu        ] GC(75) MMU target violated: 21.0ms (20.0ms/21.0ms)
[2020-04-06T18:15:19.668+0500][gc,phases     ] GC(75)   Pre Evacuate Collection Set: 2.7ms
[2020-04-06T18:15:19.668+0500][gc,phases     ] GC(75)   Evacuate Collection Set: 24.7ms
[2020-04-06T18:15:19.668+0500][gc,phases     ] GC(75)   Post Evacuate Collection Set: 0.8ms
[2020-04-06T18:15:19.668+0500][gc,phases     ] GC(75)   Other: 1.1ms
[2020-04-06T18:15:19.668+0500][gc,heap       ] GC(75) Eden regions: 48->0(48)
[2020-04-06T18:15:19.668+0500][gc,heap       ] GC(75) Survivor regions: 3->3(7)
[2020-04-06T18:15:19.668+0500][gc,heap       ] GC(75) Old regions: 15->15
[2020-04-06T18:15:19.668+0500][gc,heap       ] GC(75) Humongous regions: 129->129
[2020-04-06T18:15:19.668+0500][gc,metaspace  ] GC(75) Metaspace: 48077K->48077K(1093632K)
[2020-04-06T18:15:19.668+0500][gc            ] GC(75) Pause Young (Normal) (G1 Evacuation Pause) 194M->146M(1024M) 29.511ms
[2020-04-06T18:15:19.668+0500][gc,cpu        ] GC(75) User=0.02s Sys=0.04s Real=0.03s
[2020-04-06T18:30:45.843+0500][gc,start      ] GC(76) Pause Young (Normal) (G1 Evacuation Pause)
[2020-04-06T18:30:45.844+0500][gc,task       ] GC(76) Using 4 workers of 4 for evacuation
[2020-04-06T18:30:45.893+0500][gc,mmu        ] GC(76) MMU target violated: 21.0ms (20.0ms/21.0ms)
[2020-04-06T18:30:45.893+0500][gc,phases     ] GC(76)   Pre Evacuate Collection Set: 1.9ms
[2020-04-06T18:30:45.893+0500][gc,phases     ] GC(76)   Evacuate Collection Set: 46.7ms
[2020-04-06T18:30:45.893+0500][gc,phases     ] GC(76)   Post Evacuate Collection Set: 0.4ms
[2020-04-06T18:30:45.893+0500][gc,phases     ] GC(76)   Other: 1.2ms
[2020-04-06T18:30:45.893+0500][gc,heap       ] GC(76) Eden regions: 48->0(47)
[2020-04-06T18:30:45.893+0500][gc,heap       ] GC(76) Survivor regions: 3->4(7)
[2020-04-06T18:30:45.893+0500][gc,heap       ] GC(76) Old regions: 15->15
[2020-04-06T18:30:45.893+0500][gc,heap       ] GC(76) Humongous regions: 129->129
[2020-04-06T18:30:45.894+0500][gc,metaspace  ] GC(76) Metaspace: 48132K->48132K(1093632K)
[2020-04-06T18:30:45.895+0500][gc            ] GC(76) Pause Young (Normal) (G1 Evacuation Pause) 194M->147M(1024M) 51.484ms
[2020-04-06T18:30:45.895+0500][gc,cpu        ] GC(76) User=0.04s Sys=0.10s Real=0.05s
[2020-04-06T18:52:38.305+0500][gc,start      ] GC(77) Pause Young (Normal) (G1 Evacuation Pause)
[2020-04-06T18:52:38.312+0500][gc,task       ] GC(77) Using 4 workers of 4 for evacuation
[2020-04-06T18:52:38.337+0500][gc,mmu        ] GC(77) MMU target violated: 21.0ms (20.0ms/21.0ms)
[2020-04-06T18:52:38.337+0500][gc,phases     ] GC(77)   Pre Evacuate Collection Set: 1.8ms
[2020-04-06T18:52:38.337+0500][gc,phases     ] GC(77)   Evacuate Collection Set: 21.9ms
[2020-04-06T18:52:38.337+0500][gc,phases     ] GC(77)   Post Evacuate Collection Set: 0.6ms
[2020-04-06T18:52:38.337+0500][gc,phases     ] GC(77)   Other: 7.7ms
[2020-04-06T18:52:38.337+0500][gc,heap       ] GC(77) Eden regions: 47->0(47)
[2020-04-06T18:52:38.338+0500][gc,heap       ] GC(77) Survivor regions: 4->4(7)
[2020-04-06T18:52:38.338+0500][gc,heap       ] GC(77) Old regions: 15->15
[2020-04-06T18:52:38.338+0500][gc,heap       ] GC(77) Humongous regions: 129->129
[2020-04-06T18:52:38.338+0500][gc,metaspace  ] GC(77) Metaspace: 48132K->48132K(1093632K)
[2020-04-06T18:52:38.338+0500][gc            ] GC(77) Pause Young (Normal) (G1 Evacuation Pause) 194M->147M(1024M) 32.269ms
[2020-04-06T18:52:38.338+0500][gc,cpu        ] GC(77) User=0.02s Sys=0.04s Real=0.03s
[2020-04-06T19:14:38.427+0500][gc,start      ] GC(78) Pause Young (Normal) (G1 Evacuation Pause)
[2020-04-06T19:14:38.428+0500][gc,task       ] GC(78) Using 4 workers of 4 for evacuation
[2020-04-06T19:14:38.470+0500][gc,mmu        ] GC(78) MMU target violated: 21.0ms (20.0ms/21.0ms)
[2020-04-06T19:14:38.470+0500][gc,phases     ] GC(78)   Pre Evacuate Collection Set: 1.9ms
[2020-04-06T19:14:38.470+0500][gc,phases     ] GC(78)   Evacuate Collection Set: 38.7ms
[2020-04-06T19:14:38.470+0500][gc,phases     ] GC(78)   Post Evacuate Collection Set: 0.7ms
[2020-04-06T19:14:38.470+0500][gc,phases     ] GC(78)   Other: 2.4ms
[2020-04-06T19:14:38.470+0500][gc,heap       ] GC(78) Eden regions: 47->0(47)
[2020-04-06T19:14:38.470+0500][gc,heap       ] GC(78) Survivor regions: 4->4(7)
[2020-04-06T19:14:38.470+0500][gc,heap       ] GC(78) Old regions: 15->15
[2020-04-06T19:14:38.470+0500][gc,heap       ] GC(78) Humongous regions: 129->129
[2020-04-06T19:14:38.470+0500][gc,metaspace  ] GC(78) Metaspace: 48132K->48132K(1093632K)
[2020-04-06T19:14:38.472+0500][gc            ] GC(78) Pause Young (Normal) (G1 Evacuation Pause) 194M->147M(1024M) 44.907ms
[2020-04-06T19:14:38.472+0500][gc,cpu        ] GC(78) User=0.04s Sys=0.06s Real=0.05s
[2020-04-06T19:36:24.461+0500][gc,start      ] GC(79) Pause Young (Normal) (G1 Evacuation Pause)
[2020-04-06T19:36:24.462+0500][gc,task       ] GC(79) Using 4 workers of 4 for evacuation
[2020-04-06T19:36:24.493+0500][gc,mmu        ] GC(79) MMU target violated: 21.0ms (20.0ms/21.0ms)
[2020-04-06T19:36:24.493+0500][gc,phases     ] GC(79)   Pre Evacuate Collection Set: 1.4ms
[2020-04-06T19:36:24.493+0500][gc,phases     ] GC(79)   Evacuate Collection Set: 28.0ms
[2020-04-06T19:36:24.493+0500][gc,phases     ] GC(79)   Post Evacuate Collection Set: 0.5ms
[2020-04-06T19:36:24.493+0500][gc,phases     ] GC(79)   Other: 2.1ms
[2020-04-06T19:36:24.493+0500][gc,heap       ] GC(79) Eden regions: 47->0(47)
[2020-04-06T19:36:24.493+0500][gc,heap       ] GC(79) Survivor regions: 4->4(7)
[2020-04-06T19:36:24.493+0500][gc,heap       ] GC(79) Old regions: 15->15
[2020-04-06T19:36:24.493+0500][gc,heap       ] GC(79) Humongous regions: 129->129
[2020-04-06T19:36:24.493+0500][gc,metaspace  ] GC(79) Metaspace: 48132K->48132K(1093632K)
[2020-04-06T19:36:24.493+0500][gc            ] GC(79) Pause Young (Normal) (G1 Evacuation Pause) 194M->147M(1024M) 32.190ms
[2020-04-06T19:36:24.493+0500][gc,cpu        ] GC(79) User=0.02s Sys=0.05s Real=0.03s
[2020-04-06T19:58:27.190+0500][gc,start      ] GC(80) Pause Young (Normal) (G1 Evacuation Pause)
[2020-04-06T19:58:27.192+0500][gc,task       ] GC(80) Using 4 workers of 4 for evacuation
[2020-04-06T19:58:27.219+0500][gc,mmu        ] GC(80) MMU target violated: 21.0ms (20.0ms/21.0ms)
[2020-04-06T19:58:27.219+0500][gc,phases     ] GC(80)   Pre Evacuate Collection Set: 1.8ms
[2020-04-06T19:58:27.219+0500][gc,phases     ] GC(80)   Evacuate Collection Set: 24.0ms
[2020-04-06T19:58:27.219+0500][gc,phases     ] GC(80)   Post Evacuate Collection Set: 0.5ms
[2020-04-06T19:58:27.219+0500][gc,phases     ] GC(80)   Other: 2.6ms
[2020-04-06T19:58:27.219+0500][gc,heap       ] GC(80) Eden regions: 47->0(47)
[2020-04-06T19:58:27.219+0500][gc,heap       ] GC(80) Survivor regions: 4->4(7)
[2020-04-06T19:58:27.219+0500][gc,heap       ] GC(80) Old regions: 15->15
[2020-04-06T19:58:27.219+0500][gc,heap       ] GC(80) Humongous regions: 129->129
[2020-04-06T19:58:27.219+0500][gc,metaspace  ] GC(80) Metaspace: 48132K->48132K(1093632K)
[2020-04-06T19:58:27.226+0500][gc            ] GC(80) Pause Young (Normal) (G1 Evacuation Pause) 194M->147M(1024M) 35.790ms
[2020-04-06T19:58:27.226+0500][gc,cpu        ] GC(80) User=0.03s Sys=0.05s Real=0.03s
[2020-04-06T20:20:24.526+0500][gc,start      ] GC(81) Pause Young (Normal) (G1 Evacuation Pause)
[2020-04-06T20:20:24.529+0500][gc,task       ] GC(81) Using 4 workers of 4 for evacuation
[2020-04-06T20:20:24.553+0500][gc,mmu        ] GC(81) MMU target violated: 21.0ms (20.0ms/21.0ms)
[2020-04-06T20:20:24.553+0500][gc,phases     ] GC(81)   Pre Evacuate Collection Set: 1.8ms
[2020-04-06T20:20:24.553+0500][gc,phases     ] GC(81)   Evacuate Collection Set: 21.6ms
[2020-04-06T20:20:24.553+0500][gc,phases     ] GC(81)   Post Evacuate Collection Set: 0.4ms
[2020-04-06T20:20:24.553+0500][gc,phases     ] GC(81)   Other: 4.0ms
[2020-04-06T20:20:24.553+0500][gc,heap       ] GC(81) Eden regions: 47->0(47)
[2020-04-06T20:20:24.553+0500][gc,heap       ] GC(81) Survivor regions: 4->4(7)
[2020-04-06T20:20:24.553+0500][gc,heap       ] GC(81) Old regions: 15->15
[2020-04-06T20:20:24.553+0500][gc,heap       ] GC(81) Humongous regions: 129->129
[2020-04-06T20:20:24.553+0500][gc,metaspace  ] GC(81) Metaspace: 48132K->48132K(1093632K)
[2020-04-06T20:20:24.553+0500][gc            ] GC(81) Pause Young (Normal) (G1 Evacuation Pause) 194M->147M(1024M) 27.847ms
[2020-04-06T20:20:24.553+0500][gc,cpu        ] GC(81) User=0.03s Sys=0.05s Real=0.03s
[2020-04-06T20:42:21.188+0500][gc,start      ] GC(82) Pause Young (Normal) (G1 Evacuation Pause)
[2020-04-06T20:42:21.188+0500][gc,task       ] GC(82) Using 4 workers of 4 for evacuation
[2020-04-06T20:42:21.197+0500][gc,phases     ] GC(82)   Pre Evacuate Collection Set: 0.1ms
[2020-04-06T20:42:21.197+0500][gc,phases     ] GC(82)   Evacuate Collection Set: 7.5ms
[2020-04-06T20:42:21.197+0500][gc,phases     ] GC(82)   Post Evacuate Collection Set: 0.3ms
[2020-04-06T20:42:21.197+0500][gc,phases     ] GC(82)   Other: 4.8ms
[2020-04-06T20:42:21.197+0500][gc,heap       ] GC(82) Eden regions: 47->0(47)
[2020-04-06T20:42:21.197+0500][gc,heap       ] GC(82) Survivor regions: 4->4(7)
[2020-04-06T20:42:21.197+0500][gc,heap       ] GC(82) Old regions: 15->16
[2020-04-06T20:42:21.197+0500][gc,heap       ] GC(82) Humongous regions: 129->129
[2020-04-06T20:42:21.197+0500][gc,metaspace  ] GC(82) Metaspace: 48132K->48132K(1093632K)
