[2020-04-05T12:58:38.539+0500][gc,heap] Heap region size: 1M
[2020-04-05T12:58:38.551+0500][gc     ] Using G1
[2020-04-05T12:58:38.551+0500][gc,heap,coops] Heap address: 0x00000007c0000000, size: 1024 MB, Compressed Oops mode: Zero based, Oop shift amount: 3
[2020-04-05T12:58:40.380+0500][gc,start     ] GC(0) Pause Young (Concurrent Start) (Metadata GC Threshold)
[2020-04-05T12:58:40.380+0500][gc,task      ] GC(0) Using 4 workers of 4 for evacuation
[2020-04-05T12:58:40.393+0500][gc,phases    ] GC(0)   Pre Evacuate Collection Set: 0.0ms
[2020-04-05T12:58:40.393+0500][gc,phases    ] GC(0)   Evacuate Collection Set: 11.5ms
[2020-04-05T12:58:40.393+0500][gc,phases    ] GC(0)   Post Evacuate Collection Set: 0.6ms
[2020-04-05T12:58:40.393+0500][gc,phases    ] GC(0)   Other: 0.5ms
[2020-04-05T12:58:40.393+0500][gc,heap      ] GC(0) Eden regions: 40->0(44)
[2020-04-05T12:58:40.393+0500][gc,heap      ] GC(0) Survivor regions: 0->7(7)
[2020-04-05T12:58:40.393+0500][gc,heap      ] GC(0) Old regions: 0->0
[2020-04-05T12:58:40.393+0500][gc,heap      ] GC(0) Humongous regions: 0->0
[2020-04-05T12:58:40.393+0500][gc,metaspace ] GC(0) Metaspace: 20798K->20798K(1069056K)
[2020-04-05T12:58:40.393+0500][gc           ] GC(0) Pause Young (Concurrent Start) (Metadata GC Threshold) 40M->6M(1024M) 13.326ms
[2020-04-05T12:58:40.393+0500][gc,cpu       ] GC(0) User=0.02s Sys=0.00s Real=0.01s
[2020-04-05T12:58:40.393+0500][gc           ] GC(1) Concurrent Cycle
[2020-04-05T12:58:40.393+0500][gc,marking   ] GC(1) Concurrent Clear Claimed Marks
[2020-04-05T12:58:40.394+0500][gc,marking   ] GC(1) Concurrent Clear Claimed Marks 0.049ms
[2020-04-05T12:58:40.394+0500][gc,marking   ] GC(1) Concurrent Scan Root Regions
[2020-04-05T12:58:40.398+0500][gc,marking   ] GC(1) Concurrent Scan Root Regions 4.262ms
[2020-04-05T12:58:40.398+0500][gc,marking   ] GC(1) Concurrent Mark (1.871s)
[2020-04-05T12:58:40.398+0500][gc,marking   ] GC(1) Concurrent Mark From Roots
[2020-04-05T12:58:40.398+0500][gc,task      ] GC(1) Using 1 workers of 1 for marking
[2020-04-05T12:58:40.399+0500][gc,marking   ] GC(1) Concurrent Mark From Roots 0.195ms
[2020-04-05T12:58:40.399+0500][gc,marking   ] GC(1) Concurrent Preclean
[2020-04-05T12:58:40.399+0500][gc,marking   ] GC(1) Concurrent Preclean 0.057ms
[2020-04-05T12:58:40.399+0500][gc,marking   ] GC(1) Concurrent Mark (1.871s, 1.871s) 0.337ms
[2020-04-05T12:58:40.399+0500][gc,start     ] GC(1) Pause Remark
[2020-04-05T12:58:40.401+0500][gc,stringtable] GC(1) Cleaned string and symbol table, strings: 7360 processed, 0 removed, symbols: 63875 processed, 40 removed
[2020-04-05T12:58:40.401+0500][gc            ] GC(1) Pause Remark 7M->7M(1024M) 2.472ms
[2020-04-05T12:58:40.401+0500][gc,cpu        ] GC(1) User=0.00s Sys=0.00s Real=0.01s
[2020-04-05T12:58:40.402+0500][gc,marking    ] GC(1) Concurrent Rebuild Remembered Sets
[2020-04-05T12:58:40.402+0500][gc,marking    ] GC(1) Concurrent Rebuild Remembered Sets 0.083ms
[2020-04-05T12:58:40.402+0500][gc,start      ] GC(1) Pause Cleanup
[2020-04-05T12:58:40.402+0500][gc            ] GC(1) Pause Cleanup 7M->7M(1024M) 0.145ms
[2020-04-05T12:58:40.402+0500][gc,cpu        ] GC(1) User=0.00s Sys=0.00s Real=0.00s
[2020-04-05T12:58:40.402+0500][gc,marking    ] GC(1) Concurrent Cleanup for Next Mark
[2020-04-05T12:58:40.411+0500][gc,marking    ] GC(1) Concurrent Cleanup for Next Mark 9.207ms
[2020-04-05T12:58:40.411+0500][gc            ] GC(1) Concurrent Cycle 17.903ms
[2020-04-05T12:58:47.373+0500][gc,heap,exit  ] Heap
[2020-04-05T12:58:47.373+0500][gc,heap,exit  ]  garbage-first heap   total 1048576K, used 13888K [0x00000007c0000000, 0x0000000800000000)
[2020-04-05T12:58:47.373+0500][gc,heap,exit  ]   region size 1024K, 15 young (15360K), 7 survivors (7168K)
[2020-04-05T12:58:47.373+0500][gc,heap,exit  ]  Metaspace       used 21824K, capacity 22250K, committed 22524K, reserved 1069056K
[2020-04-05T12:58:47.373+0500][gc,heap,exit  ]   class space    used 2689K, capacity 2858K, committed 2944K, reserved 1048576K
