[2020-04-04T11:52:15.949+0500][gc,heap] Heap region size: 1M
[2020-04-04T11:52:15.958+0500][gc     ] Using G1
[2020-04-04T11:52:15.958+0500][gc,heap,coops] Heap address: 0x00000007e0000000, size: 512 MB, Compressed Oops mode: Zero based, Oop shift amount: 3
[2020-04-04T11:52:23.070+0500][gc,start     ] GC(0) Pause Young (Normal) (G1 Evacuation Pause)
[2020-04-04T11:52:23.071+0500][gc,task      ] GC(0) Using 4 workers of 4 for evacuation
[2020-04-04T11:52:23.082+0500][gc,phases    ] GC(0)   Pre Evacuate Collection Set: 0.0ms
[2020-04-04T11:52:23.082+0500][gc,phases    ] GC(0)   Evacuate Collection Set: 10.0ms
[2020-04-04T11:52:23.082+0500][gc,phases    ] GC(0)   Post Evacuate Collection Set: 0.6ms
[2020-04-04T11:52:23.082+0500][gc,phases    ] GC(0)   Other: 0.7ms
[2020-04-04T11:52:23.082+0500][gc,heap      ] GC(0) Eden regions: 25->0(21)
[2020-04-04T11:52:23.082+0500][gc,heap      ] GC(0) Survivor regions: 0->4(4)
[2020-04-04T11:52:23.082+0500][gc,heap      ] GC(0) Old regions: 0->2
[2020-04-04T11:52:23.082+0500][gc,heap      ] GC(0) Humongous regions: 0->0
[2020-04-04T11:52:23.082+0500][gc,metaspace ] GC(0) Metaspace: 15265K->15265K(1062912K)
[2020-04-04T11:52:23.082+0500][gc           ] GC(0) Pause Young (Normal) (G1 Evacuation Pause) 25M->5M(512M) 11.619ms
[2020-04-04T11:52:23.082+0500][gc,cpu       ] GC(0) User=0.02s Sys=0.01s Real=0.01s
[2020-04-04T14:37:07.578+0500][gc,start     ] GC(1) Pause Young (Normal) (G1 Evacuation Pause)
[2020-04-04T14:37:07.588+0500][gc,task      ] GC(1) Using 4 workers of 4 for evacuation
[2020-04-04T14:37:07.992+0500][gc,mmu       ] GC(1) MMU target violated: 21.0ms (20.0ms/21.0ms)
[2020-04-04T14:37:07.992+0500][gc,phases    ] GC(1)   Pre Evacuate Collection Set: 15.0ms
[2020-04-04T14:37:07.992+0500][gc,phases    ] GC(1)   Evacuate Collection Set: 377.5ms
[2020-04-04T14:37:07.992+0500][gc,phases    ] GC(1)   Post Evacuate Collection Set: 0.5ms
[2020-04-04T14:37:07.992+0500][gc,phases    ] GC(1)   Other: 22.2ms
[2020-04-04T14:37:07.992+0500][gc,heap      ] GC(1) Eden regions: 21->0(24)
[2020-04-04T14:37:07.992+0500][gc,heap      ] GC(1) Survivor regions: 4->1(4)
[2020-04-04T14:37:07.992+0500][gc,heap      ] GC(1) Old regions: 2->6
[2020-04-04T14:37:07.992+0500][gc,heap      ] GC(1) Humongous regions: 0->0
[2020-04-04T14:37:07.992+0500][gc,metaspace ] GC(1) Metaspace: 15999K->15999K(1064960K)
[2020-04-04T14:37:07.992+0500][gc           ] GC(1) Pause Young (Normal) (G1 Evacuation Pause) 26M->6M(512M) 414.348ms
[2020-04-04T14:37:07.992+0500][gc,cpu       ] GC(1) User=0.06s Sys=0.20s Real=0.42s
[2020-04-04T20:34:01.333+0500][gc,start     ] GC(2) Pause Young (Normal) (G1 Evacuation Pause)
[2020-04-04T20:34:01.336+0500][gc,task      ] GC(2) Using 4 workers of 4 for evacuation
[2020-04-04T20:34:01.410+0500][gc,mmu       ] GC(2) MMU target violated: 21.0ms (20.0ms/21.0ms)
[2020-04-04T20:34:01.411+0500][gc,phases    ] GC(2)   Pre Evacuate Collection Set: 8.6ms
[2020-04-04T20:34:01.411+0500][gc,phases    ] GC(2)   Evacuate Collection Set: 57.1ms
[2020-04-04T20:34:01.411+0500][gc,phases    ] GC(2)   Post Evacuate Collection Set: 0.4ms
[2020-04-04T20:34:01.411+0500][gc,phases    ] GC(2)   Other: 11.2ms
[2020-04-04T20:34:01.411+0500][gc,heap      ] GC(2) Eden regions: 24->0(24)
[2020-04-04T20:34:01.411+0500][gc,heap      ] GC(2) Survivor regions: 1->1(4)
[2020-04-04T20:34:01.411+0500][gc,heap      ] GC(2) Old regions: 6->6
[2020-04-04T20:34:01.411+0500][gc,heap      ] GC(2) Humongous regions: 0->0
[2020-04-04T20:34:01.411+0500][gc,metaspace ] GC(2) Metaspace: 16010K->16010K(1064960K)
[2020-04-04T20:34:01.411+0500][gc           ] GC(2) Pause Young (Normal) (G1 Evacuation Pause) 30M->6M(512M) 78.021ms
[2020-04-04T20:34:01.411+0500][gc,cpu       ] GC(2) User=0.00s Sys=0.05s Real=0.08s
[2020-04-05T00:27:14.139+0500][gc,start     ] GC(3) Pause Young (Normal) (G1 Evacuation Pause)
[2020-04-05T00:27:14.139+0500][gc,task      ] GC(3) Using 4 workers of 4 for evacuation
[2020-04-05T00:27:14.165+0500][gc,mmu       ] GC(3) MMU target violated: 21.0ms (20.0ms/21.0ms)
[2020-04-05T00:27:14.165+0500][gc,phases    ] GC(3)   Pre Evacuate Collection Set: 2.8ms
[2020-04-05T00:27:14.165+0500][gc,phases    ] GC(3)   Evacuate Collection Set: 21.1ms
[2020-04-05T00:27:14.165+0500][gc,phases    ] GC(3)   Post Evacuate Collection Set: 0.3ms
[2020-04-05T00:27:14.165+0500][gc,phases    ] GC(3)   Other: 3.2ms
[2020-04-05T00:27:14.165+0500][gc,heap      ] GC(3) Eden regions: 24->0(24)
[2020-04-05T00:27:14.165+0500][gc,heap      ] GC(3) Survivor regions: 1->1(4)
[2020-04-05T00:27:14.165+0500][gc,heap      ] GC(3) Old regions: 6->6
[2020-04-05T00:27:14.165+0500][gc,heap      ] GC(3) Humongous regions: 0->0
[2020-04-05T00:27:14.165+0500][gc,metaspace ] GC(3) Metaspace: 16014K->16014K(1064960K)
[2020-04-05T00:27:14.165+0500][gc           ] GC(3) Pause Young (Normal) (G1 Evacuation Pause) 30M->6M(512M) 26.288ms
[2020-04-05T00:27:14.165+0500][gc,cpu       ] GC(3) User=0.01s Sys=0.02s Real=0.03s
[2020-04-05T03:34:10.758+0500][gc,heap,exit ] Heap
[2020-04-05T03:34:10.758+0500][gc,heap,exit ]  garbage-first heap   total 524288K, used 26688K [0x00000007e0000000, 0x0000000800000000)
[2020-04-05T03:34:10.758+0500][gc,heap,exit ]   region size 1024K, 22 young (22528K), 1 survivors (1024K)
[2020-04-05T03:34:10.758+0500][gc,heap,exit ]  Metaspace       used 16030K, capacity 16314K, committed 16640K, reserved 1064960K
[2020-04-05T03:34:10.758+0500][gc,heap,exit ]   class space    used 1587K, capacity 1710K, committed 1792K, reserved 1048576K
