[2020-04-05T12:58:46.058+0500][gc,heap] Heap region size: 1M
[2020-04-05T12:58:46.065+0500][gc     ] Using G1
[2020-04-05T12:58:46.065+0500][gc,heap,coops] Heap address: 0x00000007e0000000, size: 512 MB, Compressed Oops mode: Zero based, Oop shift amount: 3
[2020-04-05T12:58:49.091+0500][gc,start     ] GC(0) Pause Young (Normal) (G1 Evacuation Pause)
[2020-04-05T12:58:49.092+0500][gc,task      ] GC(0) Using 4 workers of 4 for evacuation
[2020-04-05T12:58:49.100+0500][gc,phases    ] GC(0)   Pre Evacuate Collection Set: 0.0ms
[2020-04-05T12:58:49.100+0500][gc,phases    ] GC(0)   Evacuate Collection Set: 7.5ms
[2020-04-05T12:58:49.100+0500][gc,phases    ] GC(0)   Post Evacuate Collection Set: 0.4ms
[2020-04-05T12:58:49.100+0500][gc,phases    ] GC(0)   Other: 0.5ms
[2020-04-05T12:58:49.100+0500][gc,heap      ] GC(0) Eden regions: 25->0(21)
[2020-04-05T12:58:49.100+0500][gc,heap      ] GC(0) Survivor regions: 0->4(4)
[2020-04-05T12:58:49.100+0500][gc,heap      ] GC(0) Old regions: 0->3
[2020-04-05T12:58:49.100+0500][gc,heap      ] GC(0) Humongous regions: 0->0
[2020-04-05T12:58:49.100+0500][gc,metaspace ] GC(0) Metaspace: 15351K->15351K(1062912K)
[2020-04-05T12:58:49.100+0500][gc           ] GC(0) Pause Young (Normal) (G1 Evacuation Pause) 25M->6M(512M) 8.663ms
[2020-04-05T12:58:49.100+0500][gc,cpu       ] GC(0) User=0.03s Sys=0.01s Real=0.01s
[2020-04-05T18:30:29.958+0500][gc,start     ] GC(1) Pause Young (Normal) (G1 Evacuation Pause)
[2020-04-05T18:30:29.970+0500][gc,task      ] GC(1) Using 4 workers of 4 for evacuation
[2020-04-05T18:30:30.207+0500][gc,mmu       ] GC(1) MMU target violated: 21.0ms (20.0ms/21.0ms)
[2020-04-05T18:30:30.207+0500][gc,phases    ] GC(1)   Pre Evacuate Collection Set: 11.7ms
[2020-04-05T18:30:30.207+0500][gc,phases    ] GC(1)   Evacuate Collection Set: 206.7ms
[2020-04-05T18:30:30.207+0500][gc,phases    ] GC(1)   Post Evacuate Collection Set: 3.7ms
[2020-04-05T18:30:30.207+0500][gc,phases    ] GC(1)   Other: 29.5ms
[2020-04-05T18:30:30.207+0500][gc,heap      ] GC(1) Eden regions: 21->0(24)
[2020-04-05T18:30:30.208+0500][gc,heap      ] GC(1) Survivor regions: 4->1(4)
[2020-04-05T18:30:30.208+0500][gc,heap      ] GC(1) Old regions: 3->6
[2020-04-05T18:30:30.208+0500][gc,heap      ] GC(1) Humongous regions: 0->0
[2020-04-05T18:30:30.208+0500][gc,metaspace ] GC(1) Metaspace: 16013K->16013K(1064960K)
[2020-04-05T18:30:30.208+0500][gc           ] GC(1) Pause Young (Normal) (G1 Evacuation Pause) 27M->6M(512M) 250.366ms
[2020-04-05T18:30:30.208+0500][gc,cpu       ] GC(1) User=0.02s Sys=0.17s Real=0.25s
[2020-04-06T00:00:54.933+0500][gc,start     ] GC(2) Pause Young (Normal) (G1 Evacuation Pause)
[2020-04-06T00:00:54.933+0500][gc,task      ] GC(2) Using 4 workers of 4 for evacuation
[2020-04-06T00:00:55.022+0500][gc,mmu       ] GC(2) MMU target violated: 21.0ms (20.0ms/21.0ms)
[2020-04-06T00:00:55.022+0500][gc,phases    ] GC(2)   Pre Evacuate Collection Set: 13.4ms
[2020-04-06T00:00:55.022+0500][gc,phases    ] GC(2)   Evacuate Collection Set: 63.1ms
[2020-04-06T00:00:55.022+0500][gc,phases    ] GC(2)   Post Evacuate Collection Set: 2.3ms
[2020-04-06T00:00:55.022+0500][gc,phases    ] GC(2)   Other: 9.7ms
[2020-04-06T00:00:55.022+0500][gc,heap      ] GC(2) Eden regions: 24->0(24)
[2020-04-06T00:00:55.022+0500][gc,heap      ] GC(2) Survivor regions: 1->1(4)
[2020-04-06T00:00:55.022+0500][gc,heap      ] GC(2) Old regions: 6->6
[2020-04-06T00:00:55.022+0500][gc,heap      ] GC(2) Humongous regions: 0->0
[2020-04-06T00:00:55.022+0500][gc,metaspace ] GC(2) Metaspace: 16023K->16023K(1064960K)
[2020-04-06T00:00:55.023+0500][gc           ] GC(2) Pause Young (Normal) (G1 Evacuation Pause) 30M->5M(512M) 89.635ms
[2020-04-06T00:00:55.023+0500][gc,cpu       ] GC(2) User=0.01s Sys=0.06s Real=0.09s
[2020-04-06T12:46:51.155+0500][gc,start     ] GC(3) Pause Young (Normal) (G1 Evacuation Pause)
[2020-04-06T12:46:51.170+0500][gc,task      ] GC(3) Using 4 workers of 4 for evacuation
[2020-04-06T12:46:51.374+0500][gc,mmu       ] GC(3) MMU target violated: 21.0ms (20.0ms/21.0ms)
[2020-04-06T12:46:51.375+0500][gc,phases    ] GC(3)   Pre Evacuate Collection Set: 7.5ms
[2020-04-06T12:46:51.375+0500][gc,phases    ] GC(3)   Evacuate Collection Set: 175.5ms
[2020-04-06T12:46:51.375+0500][gc,phases    ] GC(3)   Post Evacuate Collection Set: 3.0ms
[2020-04-06T12:46:51.375+0500][gc,phases    ] GC(3)   Other: 54.4ms
[2020-04-06T12:46:51.375+0500][gc,heap      ] GC(3) Eden regions: 24->0(24)
[2020-04-06T12:46:51.375+0500][gc,heap      ] GC(3) Survivor regions: 1->1(4)
[2020-04-06T12:46:51.375+0500][gc,heap      ] GC(3) Old regions: 6->6
[2020-04-06T12:46:51.375+0500][gc,heap      ] GC(3) Humongous regions: 0->0
[2020-04-06T12:46:51.375+0500][gc,metaspace ] GC(3) Metaspace: 16034K->16034K(1064960K)
[2020-04-06T12:46:51.375+0500][gc           ] GC(3) Pause Young (Normal) (G1 Evacuation Pause) 29M->5M(512M) 220.491ms
[2020-04-06T12:46:51.375+0500][gc,cpu       ] GC(3) User=0.02s Sys=0.09s Real=0.22s
[2020-04-06T16:48:38.851+0500][gc,start     ] GC(4) Pause Young (Normal) (G1 Evacuation Pause)
[2020-04-06T16:48:38.864+0500][gc,task      ] GC(4) Using 4 workers of 4 for evacuation
[2020-04-06T16:48:38.944+0500][gc,mmu       ] GC(4) MMU target violated: 21.0ms (20.0ms/21.0ms)
[2020-04-06T16:48:38.944+0500][gc,phases    ] GC(4)   Pre Evacuate Collection Set: 12.2ms
[2020-04-06T16:48:38.944+0500][gc,phases    ] GC(4)   Evacuate Collection Set: 58.8ms
[2020-04-06T16:48:38.944+0500][gc,phases    ] GC(4)   Post Evacuate Collection Set: 1.4ms
[2020-04-06T16:48:38.944+0500][gc,phases    ] GC(4)   Other: 30.9ms
[2020-04-06T16:48:38.944+0500][gc,heap      ] GC(4) Eden regions: 24->0(24)
[2020-04-06T16:48:38.944+0500][gc,heap      ] GC(4) Survivor regions: 1->1(4)
[2020-04-06T16:48:38.944+0500][gc,heap      ] GC(4) Old regions: 6->6
[2020-04-06T16:48:38.944+0500][gc,heap      ] GC(4) Humongous regions: 0->0
[2020-04-06T16:48:38.944+0500][gc,metaspace ] GC(4) Metaspace: 16034K->16034K(1064960K)
[2020-04-06T16:48:38.945+0500][gc           ] GC(4) Pause Young (Normal) (G1 Evacuation Pause) 29M->5M(512M) 94.280ms
[2020-04-06T16:48:38.945+0500][gc,cpu       ] GC(4) User=0.01s Sys=0.05s Real=0.09s
[2020-04-06T20:56:33.420+0500][gc,start     ] GC(5) Pause Young (Normal) (G1 Evacuation Pause)
[2020-04-06T20:56:33.425+0500][gc,task      ] GC(5) Using 4 workers of 4 for evacuation
[2020-04-06T20:56:33.463+0500][gc,mmu       ] GC(5) MMU target violated: 21.0ms (20.0ms/21.0ms)
[2020-04-06T20:56:33.463+0500][gc,phases    ] GC(5)   Pre Evacuate Collection Set: 10.3ms
[2020-04-06T20:56:33.463+0500][gc,phases    ] GC(5)   Evacuate Collection Set: 24.5ms
[2020-04-06T20:56:33.463+0500][gc,phases    ] GC(5)   Post Evacuate Collection Set: 0.3ms
[2020-04-06T20:56:33.463+0500][gc,phases    ] GC(5)   Other: 9.9ms
[2020-04-06T20:56:33.463+0500][gc,heap      ] GC(5) Eden regions: 24->0(24)
[2020-04-06T20:56:33.463+0500][gc,heap      ] GC(5) Survivor regions: 1->1(4)
[2020-04-06T20:56:33.463+0500][gc,heap      ] GC(5) Old regions: 6->6
[2020-04-06T20:56:33.463+0500][gc,heap      ] GC(5) Humongous regions: 0->0
[2020-04-06T20:56:33.463+0500][gc,metaspace ] GC(5) Metaspace: 16037K->16037K(1064960K)
[2020-04-06T20:56:33.463+0500][gc           ] GC(5) Pause Young (Normal) (G1 Evacuation Pause) 29M->5M(512M) 42.635ms
[2020-04-06T20:56:33.463+0500][gc,cpu       ] GC(5) User=0.00s Sys=0.03s Real=0.04s
[2020-04-07T09:04:37.854+0500][gc,start     ] GC(6) Pause Young (Normal) (G1 Evacuation Pause)
[2020-04-07T09:04:37.855+0500][gc,task      ] GC(6) Using 4 workers of 4 for evacuation
[2020-04-07T09:04:37.865+0500][gc,phases    ] GC(6)   Pre Evacuate Collection Set: 0.9ms
[2020-04-07T09:04:37.865+0500][gc,phases    ] GC(6)   Evacuate Collection Set: 8.2ms
[2020-04-07T09:04:37.865+0500][gc,phases    ] GC(6)   Post Evacuate Collection Set: 0.3ms
[2020-04-07T09:04:37.865+0500][gc,phases    ] GC(6)   Other: 2.1ms
[2020-04-07T09:04:37.865+0500][gc,heap      ] GC(6) Eden regions: 24->0(24)
[2020-04-07T09:04:37.865+0500][gc,heap      ] GC(6) Survivor regions: 1->1(4)
[2020-04-07T09:04:37.865+0500][gc,heap      ] GC(6) Old regions: 6->6
[2020-04-07T09:04:37.865+0500][gc,heap      ] GC(6) Humongous regions: 0->0
[2020-04-07T09:04:37.865+0500][gc,metaspace ] GC(6) Metaspace: 16044K->16044K(1064960K)
[2020-04-07T09:04:37.867+0500][gc           ] GC(6) Pause Young (Normal) (G1 Evacuation Pause) 29M->5M(512M) 12.989ms
[2020-04-07T09:04:37.867+0500][gc,cpu       ] GC(6) User=0.00s Sys=0.01s Real=0.01s
[2020-04-07T13:33:55.824+0500][gc,start     ] GC(7) Pause Young (Normal) (G1 Evacuation Pause)
[2020-04-07T13:33:55.826+0500][gc,task      ] GC(7) Using 4 workers of 4 for evacuation
[2020-04-07T13:33:55.846+0500][gc,mmu       ] GC(7) MMU target violated: 20.2ms (20.0ms/21.0ms)
[2020-04-07T13:33:55.846+0500][gc,phases    ] GC(7)   Pre Evacuate Collection Set: 1.8ms
[2020-04-07T13:33:55.846+0500][gc,phases    ] GC(7)   Evacuate Collection Set: 17.0ms
[2020-04-07T13:33:55.846+0500][gc,phases    ] GC(7)   Post Evacuate Collection Set: 0.2ms
[2020-04-07T13:33:55.846+0500][gc,phases    ] GC(7)   Other: 4.4ms
[2020-04-07T13:33:55.846+0500][gc,heap      ] GC(7) Eden regions: 24->0(24)
[2020-04-07T13:33:55.846+0500][gc,heap      ] GC(7) Survivor regions: 1->1(4)
[2020-04-07T13:33:55.846+0500][gc,heap      ] GC(7) Old regions: 6->6
[2020-04-07T13:33:55.846+0500][gc,heap      ] GC(7) Humongous regions: 0->0
[2020-04-07T13:33:55.846+0500][gc,metaspace ] GC(7) Metaspace: 16048K->16048K(1064960K)
[2020-04-07T13:33:55.846+0500][gc           ] GC(7) Pause Young (Normal) (G1 Evacuation Pause) 29M->5M(512M) 22.397ms
[2020-04-07T13:33:55.846+0500][gc,cpu       ] GC(7) User=0.01s Sys=0.01s Real=0.02s
[2020-04-07T18:03:46.091+0500][gc,start     ] GC(8) Pause Young (Normal) (G1 Evacuation Pause)
[2020-04-07T18:03:46.095+0500][gc,task      ] GC(8) Using 4 workers of 4 for evacuation
[2020-04-07T18:03:46.118+0500][gc,mmu       ] GC(8) MMU target violated: 21.0ms (20.0ms/21.0ms)
[2020-04-07T18:03:46.118+0500][gc,phases    ] GC(8)   Pre Evacuate Collection Set: 4.7ms
[2020-04-07T18:03:46.118+0500][gc,phases    ] GC(8)   Evacuate Collection Set: 14.6ms
[2020-04-07T18:03:46.118+0500][gc,phases    ] GC(8)   Post Evacuate Collection Set: 1.3ms
[2020-04-07T18:03:46.118+0500][gc,phases    ] GC(8)   Other: 6.3ms
[2020-04-07T18:03:46.118+0500][gc,heap      ] GC(8) Eden regions: 24->0(24)
[2020-04-07T18:03:46.118+0500][gc,heap      ] GC(8) Survivor regions: 1->1(4)
[2020-04-07T18:03:46.118+0500][gc,heap      ] GC(8) Old regions: 6->6
[2020-04-07T18:03:46.118+0500][gc,heap      ] GC(8) Humongous regions: 0->0
[2020-04-07T18:03:46.118+0500][gc,metaspace ] GC(8) Metaspace: 16048K->16048K(1064960K)
[2020-04-07T18:03:46.118+0500][gc           ] GC(8) Pause Young (Normal) (G1 Evacuation Pause) 29M->5M(512M) 27.201ms
[2020-04-07T18:03:46.119+0500][gc,cpu       ] GC(8) User=0.00s Sys=0.01s Real=0.02s
[2020-04-07T23:55:32.679+0500][gc,start     ] GC(9) Pause Young (Normal) (G1 Evacuation Pause)
[2020-04-07T23:55:32.682+0500][gc,task      ] GC(9) Using 4 workers of 4 for evacuation
[2020-04-07T23:55:32.695+0500][gc,phases    ] GC(9)   Pre Evacuate Collection Set: 1.0ms
[2020-04-07T23:55:32.695+0500][gc,phases    ] GC(9)   Evacuate Collection Set: 10.9ms
[2020-04-07T23:55:32.695+0500][gc,phases    ] GC(9)   Post Evacuate Collection Set: 0.2ms
[2020-04-07T23:55:32.695+0500][gc,phases    ] GC(9)   Other: 3.8ms
[2020-04-07T23:55:32.695+0500][gc,heap      ] GC(9) Eden regions: 24->0(24)
[2020-04-07T23:55:32.695+0500][gc,heap      ] GC(9) Survivor regions: 1->1(4)
[2020-04-07T23:55:32.695+0500][gc,heap      ] GC(9) Old regions: 6->6
[2020-04-07T23:55:32.695+0500][gc,heap      ] GC(9) Humongous regions: 0->0
[2020-04-07T23:55:32.695+0500][gc,metaspace ] GC(9) Metaspace: 16049K->16049K(1064960K)
[2020-04-07T23:55:32.695+0500][gc           ] GC(9) Pause Young (Normal) (G1 Evacuation Pause) 29M->5M(512M) 16.133ms
[2020-04-07T23:55:32.695+0500][gc,cpu       ] GC(9) User=0.00s Sys=0.02s Real=0.02s
[2020-04-08T09:51:25.694+0500][gc,start     ] GC(10) Pause Young (Normal) (G1 Evacuation Pause)
[2020-04-08T09:51:25.696+0500][gc,task      ] GC(10) Using 4 workers of 4 for evacuation
[2020-04-08T09:51:25.724+0500][gc,mmu       ] GC(10) MMU target violated: 21.0ms (20.0ms/21.0ms)
[2020-04-08T09:51:25.724+0500][gc,phases    ] GC(10)   Pre Evacuate Collection Set: 2.2ms
[2020-04-08T09:51:25.724+0500][gc,phases    ] GC(10)   Evacuate Collection Set: 20.3ms
[2020-04-08T09:51:25.724+0500][gc,phases    ] GC(10)   Post Evacuate Collection Set: 0.2ms
[2020-04-08T09:51:25.725+0500][gc,phases    ] GC(10)   Other: 8.5ms
[2020-04-08T09:51:25.725+0500][gc,heap      ] GC(10) Eden regions: 24->0(24)
[2020-04-08T09:51:25.725+0500][gc,heap      ] GC(10) Survivor regions: 1->1(4)
[2020-04-08T09:51:25.725+0500][gc,heap      ] GC(10) Old regions: 6->6
[2020-04-08T09:51:25.725+0500][gc,heap      ] GC(10) Humongous regions: 0->0
[2020-04-08T09:51:25.725+0500][gc,metaspace ] GC(10) Metaspace: 16055K->16055K(1064960K)
[2020-04-08T09:51:25.726+0500][gc           ] GC(10) Pause Young (Normal) (G1 Evacuation Pause) 29M->5M(512M) 32.606ms
[2020-04-08T09:51:25.727+0500][gc,cpu       ] GC(10) User=0.00s Sys=0.02s Real=0.03s
[2020-04-08T14:08:59.654+0500][gc,start     ] GC(11) Pause Young (Normal) (G1 Evacuation Pause)
[2020-04-08T14:08:59.654+0500][gc,task      ] GC(11) Using 4 workers of 4 for evacuation
[2020-04-08T14:08:59.679+0500][gc,mmu       ] GC(11) MMU target violated: 21.0ms (20.0ms/21.0ms)
[2020-04-08T14:08:59.679+0500][gc,phases    ] GC(11)   Pre Evacuate Collection Set: 0.6ms
[2020-04-08T14:08:59.679+0500][gc,phases    ] GC(11)   Evacuate Collection Set: 18.3ms
[2020-04-08T14:08:59.679+0500][gc,phases    ] GC(11)   Post Evacuate Collection Set: 1.3ms
[2020-04-08T14:08:59.679+0500][gc,phases    ] GC(11)   Other: 6.1ms
[2020-04-08T14:08:59.679+0500][gc,heap      ] GC(11) Eden regions: 24->0(24)
[2020-04-08T14:08:59.679+0500][gc,heap      ] GC(11) Survivor regions: 1->1(4)
[2020-04-08T14:08:59.679+0500][gc,heap      ] GC(11) Old regions: 6->6
[2020-04-08T14:08:59.679+0500][gc,heap      ] GC(11) Humongous regions: 0->0
[2020-04-08T14:08:59.679+0500][gc,metaspace ] GC(11) Metaspace: 16055K->16055K(1064960K)
[2020-04-08T14:08:59.679+0500][gc           ] GC(11) Pause Young (Normal) (G1 Evacuation Pause) 29M->5M(512M) 25.549ms
[2020-04-08T14:08:59.679+0500][gc,cpu       ] GC(11) User=0.01s Sys=0.02s Real=0.02s
[2020-04-08T18:12:36.834+0500][gc,start     ] GC(12) Pause Young (Normal) (G1 Evacuation Pause)
[2020-04-08T18:12:36.838+0500][gc,task      ] GC(12) Using 4 workers of 4 for evacuation
[2020-04-08T18:12:36.877+0500][gc,mmu       ] GC(12) MMU target violated: 21.0ms (20.0ms/21.0ms)
[2020-04-08T18:12:36.877+0500][gc,phases    ] GC(12)   Pre Evacuate Collection Set: 7.3ms
[2020-04-08T18:12:36.877+0500][gc,phases    ] GC(12)   Evacuate Collection Set: 27.9ms
[2020-04-08T18:12:36.877+0500][gc,phases    ] GC(12)   Post Evacuate Collection Set: 1.5ms
[2020-04-08T18:12:36.877+0500][gc,phases    ] GC(12)   Other: 9.2ms
[2020-04-08T18:12:36.877+0500][gc,heap      ] GC(12) Eden regions: 24->0(24)
[2020-04-08T18:12:36.877+0500][gc,heap      ] GC(12) Survivor regions: 1->1(4)
[2020-04-08T18:12:36.877+0500][gc,heap      ] GC(12) Old regions: 6->6
[2020-04-08T18:12:36.877+0500][gc,heap      ] GC(12) Humongous regions: 0->0
[2020-04-08T18:12:36.877+0500][gc,metaspace ] GC(12) Metaspace: 16055K->16055K(1064960K)
[2020-04-08T18:12:36.878+0500][gc           ] GC(12) Pause Young (Normal) (G1 Evacuation Pause) 29M->5M(512M) 44.635ms
[2020-04-08T18:12:36.879+0500][gc,cpu       ] GC(12) User=0.04s Sys=0.02s Real=0.04s
[2020-04-08T23:59:15.238+0500][gc,start     ] GC(13) Pause Young (Normal) (G1 Evacuation Pause)
[2020-04-08T23:59:15.240+0500][gc,task      ] GC(13) Using 4 workers of 4 for evacuation
[2020-04-08T23:59:15.267+0500][gc,mmu       ] GC(13) MMU target violated: 21.0ms (20.0ms/21.0ms)
[2020-04-08T23:59:15.267+0500][gc,phases    ] GC(13)   Pre Evacuate Collection Set: 4.7ms
[2020-04-08T23:59:15.267+0500][gc,phases    ] GC(13)   Evacuate Collection Set: 17.1ms
[2020-04-08T23:59:15.268+0500][gc,phases    ] GC(13)   Post Evacuate Collection Set: 1.2ms
[2020-04-08T23:59:15.268+0500][gc,phases    ] GC(13)   Other: 7.6ms
[2020-04-08T23:59:15.268+0500][gc,heap      ] GC(13) Eden regions: 24->0(24)
[2020-04-08T23:59:15.268+0500][gc,heap      ] GC(13) Survivor regions: 1->1(4)
[2020-04-08T23:59:15.268+0500][gc,heap      ] GC(13) Old regions: 6->6
[2020-04-08T23:59:15.268+0500][gc,heap      ] GC(13) Humongous regions: 0->0
[2020-04-08T23:59:15.268+0500][gc,metaspace ] GC(13) Metaspace: 16055K->16055K(1064960K)
[2020-04-08T23:59:15.268+0500][gc           ] GC(13) Pause Young (Normal) (G1 Evacuation Pause) 29M->5M(512M) 29.492ms
[2020-04-08T23:59:15.268+0500][gc,cpu       ] GC(13) User=0.01s Sys=0.03s Real=0.03s
[2020-04-09T03:51:07.619+0500][gc,start     ] GC(14) Pause Young (Normal) (G1 Evacuation Pause)
[2020-04-09T03:51:07.627+0500][gc,task      ] GC(14) Using 4 workers of 4 for evacuation
[2020-04-09T03:51:07.694+0500][gc,mmu       ] GC(14) MMU target violated: 21.0ms (20.0ms/21.0ms)
[2020-04-09T03:51:07.694+0500][gc,phases    ] GC(14)   Pre Evacuate Collection Set: 6.7ms
[2020-04-09T03:51:07.694+0500][gc,phases    ] GC(14)   Evacuate Collection Set: 52.6ms
[2020-04-09T03:51:07.695+0500][gc,phases    ] GC(14)   Post Evacuate Collection Set: 1.3ms
[2020-04-09T03:51:07.695+0500][gc,phases    ] GC(14)   Other: 15.1ms
[2020-04-09T03:51:07.695+0500][gc,heap      ] GC(14) Eden regions: 24->0(24)
[2020-04-09T03:51:07.695+0500][gc,heap      ] GC(14) Survivor regions: 1->1(4)
[2020-04-09T03:51:07.695+0500][gc,heap      ] GC(14) Old regions: 6->6
[2020-04-09T03:51:07.695+0500][gc,heap      ] GC(14) Humongous regions: 0->0
[2020-04-09T03:51:07.695+0500][gc,metaspace ] GC(14) Metaspace: 16055K->16055K(1064960K)
[2020-04-09T03:51:07.696+0500][gc           ] GC(14) Pause Young (Normal) (G1 Evacuation Pause) 29M->5M(512M) 76.936ms
[2020-04-09T03:51:07.696+0500][gc,cpu       ] GC(14) User=0.01s Sys=0.03s Real=0.08s
